nohup: ignoring input
Gym has been unmaintained since 2022 and does not support NumPy 2.0 amongst other critical functionality.
Please upgrade to Gymnasium, the maintained drop-in replacement of Gym, or contact the authors of your software and request that they upgrade.
Users of this version of Gym should be able to simply replace 'import gym' with 'import gymnasium as gym' in the vast majority of cases.
See the migration guide at https://gymnasium.farama.org/introduction/migration_guide/ for additional information.
<frozen importlib._bootstrap>:491: RuntimeWarning: The global interpreter lock (GIL) has been enabled to load module 'triton._C.libtriton', which has not declared that it can run safely without the GIL. To override this behavior and keep the GIL disabled (at your own risk), run with PYTHON_GIL=0 or -Xgil=0.
start training
comsolReward 3.9080960165334853
Episode 1/500, Reward: 5.36, ploss: -62.506927490234375, aloss:-0.0, berr1:3.9292430877685547, berr2:4.606642246246338
 1/500,EPReward: 5.36
comsolReward 5.404282213223213
Episode 2/500, Reward: 7.61, ploss: -62.412906646728516, aloss:-5.447165676741861e-06, berr1:2.280839204788208, berr2:2.1977310180664062
 2/500,EPReward: 7.61
comsolReward 5.882470003017126
Episode 3/500, Reward: 8.32, ploss: -64.05722045898438, aloss:-1.7291109543293715e-05, berr1:4.065157413482666, berr2:3.785007953643799
 3/500,EPReward: 8.32
comsolReward 4.555947877773026
Episode 4/500, Reward: 6.33, ploss: -64.60526275634766, aloss:-6.356919766403735e-05, berr1:3.342299699783325, berr2:3.5051960945129395
 4/500,EPReward: 6.33
comsolReward -0.3121743620648767
Episode 5/500, Reward: -0.81, ploss: -65.8838882446289, aloss:-0.0001688106858637184, berr1:23.434770584106445, berr2:23.224576950073242
 5/500,EPReward: -0.81
comsolReward 2.605660445870399
Episode 6/500, Reward: 3.21, ploss: -63.74076461791992, aloss:-0.000349769921740517, berr1:7.47939395904541, berr2:7.385087490081787
 6/500,EPReward: 3.21
comsolReward 3.4136502162097435
Episode 7/500, Reward: 4.62, ploss: -64.50617980957031, aloss:-0.0005248762900009751, berr1:6.96742582321167, berr2:6.862427711486816
 7/500,EPReward: 4.62
comsolReward 0.0741981022765944
Episode 8/500, Reward: -0.39, ploss: -62.463462829589844, aloss:-0.0006457674317061901, berr1:26.410627365112305, berr2:26.162160873413086
 8/500,EPReward: -0.39
comsolReward 6.226645049970681
Episode 9/500, Reward: 8.64, ploss: -62.80073547363281, aloss:-0.0005640657618641853, berr1:19.56160545349121, berr2:19.735319137573242
 9/500,EPReward: 8.64
comsolReward 3.767196805444309
Episode 10/500, Reward: 5.15, ploss: -62.67558670043945, aloss:-0.0003474767436273396, berr1:24.71592140197754, berr2:24.387592315673828
 10/500,EPReward: 5.15
comsolReward 0.5881314656570409
Episode 11/500, Reward: 0.38, ploss: -62.033203125, aloss:-0.00024680615752004087, berr1:9.366778373718262, berr2:9.193408012390137
 11/500,EPReward: 0.38
comsolReward 3.9365741203931197
Episode 12/500, Reward: 5.40, ploss: -62.603492736816406, aloss:-0.00021642753563355654, berr1:8.950026512145996, berr2:8.763240814208984
 12/500,EPReward: 5.40
comsolReward 4.949073484931107
Episode 13/500, Reward: 6.92, ploss: -62.202735900878906, aloss:-0.0001946005504578352, berr1:21.3504581451416, berr2:21.323450088500977
 13/500,EPReward: 6.92
comsolReward 3.7386843538534253
Episode 14/500, Reward: 5.11, ploss: -62.9835319519043, aloss:-0.0001889189297799021, berr1:22.157127380371094, berr2:22.33095932006836
 14/500,EPReward: 5.11
comsolReward 4.290793017178309
Episode 15/500, Reward: 5.94, ploss: -65.06201171875, aloss:-0.00011817221093224362, berr1:16.5286922454834, berr2:16.788314819335938
 15/500,EPReward: 5.94
comsolReward 4.831610453950559
Episode 16/500, Reward: 6.75, ploss: -63.17448425292969, aloss:-0.00024415398365817964, berr1:19.834611892700195, berr2:20.12409210205078
 16/500,EPReward: 6.75
comsolReward 5.775075301743615
Episode 17/500, Reward: 8.36, ploss: -65.31688690185547, aloss:-0.00021450741041917354, berr1:17.998886108398438, berr2:18.1513671875
 17/500,EPReward: 8.36
comsolReward 3.2538353116873515
Episode 18/500, Reward: 4.38, ploss: -62.203704833984375, aloss:-0.00039036048110574484, berr1:5.579944610595703, berr2:5.598717212677002
 18/500,EPReward: 4.38
comsolReward 6.284160292187566
Episode 19/500, Reward: 8.93, ploss: -66.07843017578125, aloss:-0.00026473269099369645, berr1:6.466718673706055, berr2:6.421605110168457
 19/500,EPReward: 8.93
comsolReward 7.575083935183122
Episode 20/500, Reward: 10.66, ploss: -64.63654327392578, aloss:-0.00038326834328472614, berr1:8.0368070602417, berr2:7.895584583282471
 20/500,EPReward: 10.66
comsolReward 2.298943921895902
Episode 21/500, Reward: 2.75, ploss: -65.73868560791016, aloss:-0.0003919580776710063, berr1:16.01786994934082, berr2:16.1997013092041
 21/500,EPReward: 2.75
comsolReward 8.488855862673717
Episode 22/500, Reward: 12.23, ploss: -65.58978271484375, aloss:-0.0004919333732686937, berr1:7.683340072631836, berr2:7.538885593414307
 22/500,EPReward: 12.23
comsolReward 4.993908511993854
Episode 23/500, Reward: 6.99, ploss: -66.05783081054688, aloss:-0.0007633886416442692, berr1:5.404440879821777, berr2:5.203572750091553
 23/500,EPReward: 6.99
comsolReward 5.852501161903805
Episode 24/500, Reward: 8.28, ploss: -64.81990051269531, aloss:-0.00112502695992589, berr1:6.679436683654785, berr2:6.680139064788818
 24/500,EPReward: 8.28
comsolReward 6.764771606003234
Episode 25/500, Reward: 9.85, ploss: -66.59306335449219, aloss:-0.0013115823967382312, berr1:6.552505970001221, berr2:6.708531856536865
 25/500,EPReward: 9.85
comsolReward 6.387043893084967
Episode 26/500, Reward: 9.08, ploss: -66.77438354492188, aloss:-0.001884071622043848, berr1:20.390377044677734, berr2:20.5552978515625
 26/500,EPReward: 9.08
comsolReward 4.550375303876321
Episode 27/500, Reward: 6.33, ploss: -66.92253875732422, aloss:-0.002392013091593981, berr1:7.360123157501221, berr2:7.445368766784668
 27/500,EPReward: 6.33
comsolReward -2.0190053692755994
Episode 28/500, Reward: -2.52, ploss: -67.07872772216797, aloss:-0.0029225691687315702, berr1:7.494662284851074, berr2:7.603246688842773
 28/500,EPReward: -2.52
comsolReward 1.2430077393561292
Episode 29/500, Reward: 1.36, ploss: -67.71531677246094, aloss:-0.003589147236198187, berr1:21.90306854248047, berr2:21.796649932861328
 29/500,EPReward: 1.36
comsolReward -0.595141709614197
Episode 30/500, Reward: -1.10, ploss: -66.4427719116211, aloss:-0.004190521780401468, berr1:8.566967010498047, berr2:8.453864097595215
 30/500,EPReward: -1.10
comsolReward 1.3009293235720447
Episode 31/500, Reward: 1.45, ploss: -65.62606811523438, aloss:-0.004811348859220743, berr1:9.467605590820312, berr2:9.64874267578125
 31/500,EPReward: 1.45
comsolReward 2.9540264653226957
Episode 32/500, Reward: 3.93, ploss: -63.300262451171875, aloss:-0.005547726526856422, berr1:8.140595436096191, berr2:8.441370964050293
 32/500,EPReward: 3.93
comsolReward 1.791154571457384
Episode 33/500, Reward: 2.19, ploss: -66.81645202636719, aloss:-0.0059989201836287975, berr1:6.796257019042969, berr2:6.8902482986450195
 33/500,EPReward: 2.19
comsolReward 0.6281249105035841
Episode 34/500, Reward: 0.44, ploss: -65.71620178222656, aloss:-0.006712740752846003, berr1:9.712471008300781, berr2:9.694646835327148
 34/500,EPReward: 0.44
comsolReward 1.567347519163373
Episode 35/500, Reward: 1.85, ploss: -67.40304565429688, aloss:-0.007247748784720898, berr1:8.388243675231934, berr2:8.410545349121094
 35/500,EPReward: 1.85
comsolReward 3.771972051693788
Episode 36/500, Reward: 5.16, ploss: -66.86360168457031, aloss:-0.007863256148993969, berr1:7.363738059997559, berr2:7.282514572143555
 36/500,EPReward: 5.16
comsolReward -1.181013173714353
Episode 37/500, Reward: -1.68, ploss: -67.51921081542969, aloss:-0.00834404956549406, berr1:8.087764739990234, berr2:8.006471633911133
 37/500,EPReward: -1.68
comsolReward -2.2983489180503884
Episode 38/500, Reward: -2.80, ploss: -68.20391082763672, aloss:-0.008761567994952202, berr1:7.833797931671143, berr2:8.018712997436523
 38/500,EPReward: -2.80
comsolReward 0.5476622063585102
Episode 39/500, Reward: 0.32, ploss: -66.72109985351562, aloss:-0.009281378239393234, berr1:10.235187530517578, berr2:10.115522384643555
 39/500,EPReward: 0.32
comsolReward 2.3499180342401735
Episode 40/500, Reward: 3.02, ploss: -66.48109436035156, aloss:-0.009632082656025887, berr1:20.963878631591797, berr2:20.80259895324707
 40/500,EPReward: 3.02
comsolReward 2.4605776688046332
Episode 41/500, Reward: 3.19, ploss: -66.05767059326172, aloss:-0.009932794608175755, berr1:19.400623321533203, berr2:19.306232452392578
 41/500,EPReward: 3.19
comsolReward -2.0190053692755994
Episode 42/500, Reward: -2.52, ploss: -66.77906799316406, aloss:-0.010243873111903667, berr1:8.28596019744873, berr2:8.539878845214844
 42/500,EPReward: -2.52
comsolReward -0.8811412264396337
Episode 43/500, Reward: -1.38, ploss: -66.82726287841797, aloss:-0.010447841137647629, berr1:24.07741355895996, berr2:23.97385025024414
 43/500,EPReward: -1.38
comsolReward 2.584281057777952
Episode 44/500, Reward: 3.38, ploss: -65.38438415527344, aloss:-0.010490449145436287, berr1:8.314977645874023, berr2:8.524275779724121
 44/500,EPReward: 3.38
comsolReward 2.9136971578454594
Episode 45/500, Reward: 4.07, ploss: -66.18999481201172, aloss:-0.01023459155112505, berr1:8.527756690979004, berr2:8.572464942932129
 45/500,EPReward: 4.07
comsolReward 4.225648950684656
Episode 46/500, Reward: 5.84, ploss: -66.67581939697266, aloss:-0.009575034491717815, berr1:9.783814430236816, berr2:9.698366165161133
 46/500,EPReward: 5.84
comsolReward -0.3314037164997236
Episode 47/500, Reward: -0.83, ploss: -66.17151641845703, aloss:-0.008685034699738026, berr1:7.981976509094238, berr2:8.117712020874023
 47/500,EPReward: -0.83
comsolReward 2.532760099164426
Episode 48/500, Reward: 3.10, ploss: -66.37305450439453, aloss:-0.007291094865649939, berr1:7.497697830200195, berr2:7.614126205444336
 48/500,EPReward: 3.10
comsolReward 3.8361321909817407
Episode 49/500, Reward: 5.25, ploss: -69.12664794921875, aloss:-0.005127293057739735, berr1:6.742366790771484, berr2:7.104584693908691
 49/500,EPReward: 5.25
comsolReward 7.441652633539644
Episode 50/500, Reward: 10.66, ploss: -68.66932678222656, aloss:-0.003984590992331505, berr1:8.639564514160156, berr2:8.757035255432129
 50/500,EPReward: 10.66
comsolReward 6.8150716243720275
Episode 51/500, Reward: 9.72, ploss: -66.27500915527344, aloss:-0.003372653853148222, berr1:8.319381713867188, berr2:8.493695259094238
 51/500,EPReward: 9.72
comsolReward 0.8703120460608624
Episode 52/500, Reward: 0.81, ploss: -67.35358428955078, aloss:-0.0028407315257936716, berr1:26.489519119262695, berr2:26.381521224975586
 52/500,EPReward: 0.81
comsolReward 1.6244364381717018
Episode 53/500, Reward: 1.94, ploss: -67.22591400146484, aloss:-0.0024815138895064592, berr1:8.302583694458008, berr2:8.35828685760498
 53/500,EPReward: 1.94
comsolReward 6.938919337494469
Episode 54/500, Reward: 9.91, ploss: -67.35809326171875, aloss:-0.002291193464770913, berr1:22.267345428466797, berr2:22.351776123046875
 54/500,EPReward: 9.91
comsolReward 6.695139277798728
Episode 55/500, Reward: 9.34, ploss: -65.453369140625, aloss:-0.002492463681846857, berr1:8.084242820739746, berr2:8.110519409179688
 55/500,EPReward: 9.34
comsolReward 6.571230749517829
Episode 56/500, Reward: 9.36, ploss: -67.73939514160156, aloss:-0.0017766165547072887, berr1:8.747593879699707, berr2:9.011980056762695
 56/500,EPReward: 9.36
comsolReward 3.0011794950014603
Episode 57/500, Reward: 4.00, ploss: -64.75273895263672, aloss:-0.0022909275721758604, berr1:9.834732055664062, berr2:9.89122200012207
 57/500,EPReward: 4.00
comsolReward 2.0378634189006837
Episode 58/500, Reward: 2.56, ploss: -67.33930969238281, aloss:-0.0016446246299892664, berr1:7.854586601257324, berr2:7.820054054260254
 58/500,EPReward: 2.56
comsolReward 2.83036826113683
Episode 59/500, Reward: 3.75, ploss: -68.57685852050781, aloss:-0.0013209074968472123, berr1:9.032991409301758, berr2:9.11651611328125
 59/500,EPReward: 3.75
comsolReward 5.6348455367033194
Episode 60/500, Reward: 7.95, ploss: -69.27108764648438, aloss:-0.001039097085595131, berr1:26.038286209106445, berr2:26.177656173706055
 60/500,EPReward: 7.95
comsolReward 5.318580063221285
Episode 61/500, Reward: 7.48, ploss: -68.46375274658203, aloss:-0.0011889017187058926, berr1:7.065542221069336, berr2:7.0230302810668945
 61/500,EPReward: 7.48
comsolReward 3.4358258655775997
Episode 62/500, Reward: 4.45, ploss: -68.63922882080078, aloss:-0.0008130591013468802, berr1:8.212015151977539, berr2:8.206502914428711
 62/500,EPReward: 4.45
comsolReward 3.6755422955680577
Episode 63/500, Reward: 5.01, ploss: -66.56666564941406, aloss:-0.0009771223412826657, berr1:8.947568893432617, berr2:9.112981796264648
 63/500,EPReward: 5.01
comsolReward 5.8536517010144165
Episode 64/500, Reward: 8.48, ploss: -68.21473693847656, aloss:-0.0006861915462650359, berr1:25.610136032104492, berr2:25.537750244140625
 64/500,EPReward: 8.48
comsolReward 6.7887800620929
Episode 65/500, Reward: 9.88, ploss: -67.98321533203125, aloss:-0.0005658215377479792, berr1:8.030324935913086, berr2:7.929178714752197
 65/500,EPReward: 9.88
comsolReward 3.3612400541180687
Episode 66/500, Reward: 4.54, ploss: -65.68915557861328, aloss:-0.0008090190240181983, berr1:8.16263198852539, berr2:8.193878173828125
 66/500,EPReward: 4.54
comsolReward 2.2610665143776187
Episode 67/500, Reward: 2.89, ploss: -67.27351379394531, aloss:-0.0009580019977875054, berr1:8.423946380615234, berr2:8.638925552368164
 67/500,EPReward: 2.89
comsolReward 10.423198986389226
Episode 68/500, Reward: 15.13, ploss: -66.56822204589844, aloss:-0.00046490365639328957, berr1:10.300736427307129, berr2:10.03417682647705
 68/500,EPReward: 15.13
comsolReward 6.32106025305825
Episode 69/500, Reward: 8.98, ploss: -67.75508880615234, aloss:-0.0005597119452431798, berr1:25.989877700805664, berr2:26.02590560913086
 69/500,EPReward: 8.98
comsolReward 5.637078628323789
Episode 70/500, Reward: 7.96, ploss: -67.11556243896484, aloss:-0.0005273106507956982, berr1:7.862420082092285, berr2:7.803684234619141
 70/500,EPReward: 7.96
comsolReward 5.8593456593519395
Episode 71/500, Reward: 8.29, ploss: -66.72471618652344, aloss:-0.00040026503847911954, berr1:9.895318984985352, berr2:9.880453109741211
 71/500,EPReward: 8.29
comsolReward 0.7052045341033361
Episode 72/500, Reward: 0.76, ploss: -69.0766830444336, aloss:-0.00030529522337019444, berr1:8.184781074523926, berr2:8.145591735839844
 72/500,EPReward: 0.76
comsolReward 8.342079638816204
Episode 73/500, Reward: 11.81, ploss: -68.74378204345703, aloss:-0.0005291189299896359, berr1:10.015007019042969, berr2:9.95762825012207
 73/500,EPReward: 11.81
comsolReward 4.590383121610118
Episode 74/500, Reward: 6.39, ploss: -68.65098571777344, aloss:-0.00047636276576668024, berr1:10.072458267211914, berr2:9.985004425048828
 74/500,EPReward: 6.39
comsolReward 6.85308008108866
Episode 75/500, Reward: 9.58, ploss: -67.64578247070312, aloss:-0.00046023965114727616, berr1:29.49874496459961, berr2:29.622970581054688
 75/500,EPReward: 9.58
comsolReward 5.358771471621492
Episode 76/500, Reward: 7.54, ploss: -69.41195678710938, aloss:-0.0004268451302777976, berr1:7.580990314483643, berr2:7.57627010345459
 76/500,EPReward: 7.54
comsolReward 5.013631114504216
Episode 77/500, Reward: 7.02, ploss: -68.13314819335938, aloss:-0.000668074528221041, berr1:10.750922203063965, berr2:10.518692016601562
 77/500,EPReward: 7.02
comsolReward 0.4889042356034846
Episode 78/500, Reward: 0.23, ploss: -67.26879119873047, aloss:-0.0007721825386397541, berr1:8.101519584655762, berr2:7.937934398651123
 78/500,EPReward: 0.23
comsolReward 2.7275588967220226
Episode 79/500, Reward: 3.59, ploss: -64.26873016357422, aloss:-0.001024633995257318, berr1:11.641111373901367, berr2:11.433252334594727
 79/500,EPReward: 3.59
comsolReward 2.4824487144980267
Episode 80/500, Reward: 3.22, ploss: -67.48068237304688, aloss:-0.0005898149684071541, berr1:8.457027435302734, berr2:8.48719596862793
 80/500,EPReward: 3.22
comsolReward 2.888859734441881
Episode 81/500, Reward: 3.83, ploss: -67.52305603027344, aloss:-0.0008228470687754452, berr1:9.879114151000977, berr2:9.938390731811523
 81/500,EPReward: 3.83
comsolReward 9.173769996719335
Episode 82/500, Reward: 13.26, ploss: -66.94062805175781, aloss:-0.0008427966968156397, berr1:24.01845932006836, berr2:23.858997344970703
 82/500,EPReward: 13.26
comsolReward 6.796865318456781
Episode 83/500, Reward: 9.70, ploss: -68.23692321777344, aloss:-0.0009649237617850304, berr1:25.107206344604492, berr2:24.94581413269043
 83/500,EPReward: 9.70
comsolReward 6.041083228758874
Episode 84/500, Reward: 8.56, ploss: -63.45487594604492, aloss:-0.0016804492333903909, berr1:8.833976745605469, berr2:8.726594924926758
 84/500,EPReward: 8.56
comsolReward 9.472622650690878
Episode 85/500, Reward: 13.71, ploss: -66.77635192871094, aloss:-0.0012723897816613317, berr1:10.15040397644043, berr2:9.806719779968262
 85/500,EPReward: 13.71
comsolReward 10.826068896445308
Episode 86/500, Reward: 15.74, ploss: -67.2093505859375, aloss:-0.001255632727406919, berr1:12.265437126159668, berr2:12.01911735534668
 86/500,EPReward: 15.74
comsolReward 9.468392567760425
Episode 87/500, Reward: 13.70, ploss: -69.45304870605469, aloss:-0.0009015350369736552, berr1:8.788955688476562, berr2:8.645059585571289
 87/500,EPReward: 13.70
comsolReward 6.562936992976463
Episode 88/500, Reward: 9.34, ploss: -69.89494323730469, aloss:-0.0011073946952819824, berr1:9.86451530456543, berr2:9.800395011901855
 88/500,EPReward: 9.34
comsolReward 6.664689307045229
Episode 89/500, Reward: 9.50, ploss: -68.5465316772461, aloss:-0.002016892656683922, berr1:13.288810729980469, berr2:13.413715362548828
 89/500,EPReward: 9.50
comsolReward 4.974985776068158
Episode 90/500, Reward: 7.16, ploss: -68.33028411865234, aloss:-0.002296747639775276, berr1:11.112228393554688, berr2:10.867059707641602
 90/500,EPReward: 7.16
comsolReward 1.0122521354423077
Episode 91/500, Reward: 1.02, ploss: -68.7249755859375, aloss:-0.0019662140402942896, berr1:12.684802055358887, berr2:12.582676887512207
 91/500,EPReward: 1.02
comsolReward 8.069290738060582
Episode 92/500, Reward: 11.40, ploss: -71.13478088378906, aloss:-0.0014630386140197515, berr1:29.750078201293945, berr2:29.605968475341797
 92/500,EPReward: 11.40
comsolReward 5.651506021294397
Episode 93/500, Reward: 7.98, ploss: -69.63927459716797, aloss:-0.0018244010861963034, berr1:11.063020706176758, berr2:10.950738906860352
 93/500,EPReward: 7.98
comsolReward 4.820189874434631
Episode 94/500, Reward: 6.93, ploss: -68.88046264648438, aloss:-0.0025663524866104126, berr1:11.074566841125488, berr2:10.980113983154297
 94/500,EPReward: 6.93
comsolReward 8.369705452770088
Episode 95/500, Reward: 12.05, ploss: -66.98200988769531, aloss:-0.0026255950797349215, berr1:12.322174072265625, berr2:12.154688835144043
 95/500,EPReward: 12.05
comsolReward 5.18238605574105
Episode 96/500, Reward: 7.47, ploss: -68.21024322509766, aloss:-0.002826521871611476, berr1:11.682655334472656, berr2:11.48692798614502
 96/500,EPReward: 7.47
comsolReward 5.023296910911455
Episode 97/500, Reward: 7.03, ploss: -66.56764221191406, aloss:-0.004400170408189297, berr1:11.2047758102417, berr2:10.912742614746094
 97/500,EPReward: 7.03
comsolReward -1.9128802434359602
Episode 98/500, Reward: -2.41, ploss: -69.81291961669922, aloss:-0.0027333435136824846, berr1:8.463658332824707, berr2:8.387804985046387
 98/500,EPReward: -2.41
comsolReward 5.7199124900785305
Episode 99/500, Reward: 8.08, ploss: -69.1310043334961, aloss:-0.0030107167549431324, berr1:24.562774658203125, berr2:24.505422592163086
 99/500,EPReward: 8.08
comsolReward 2.696555545974927
Episode 100/500, Reward: 3.54, ploss: -71.1885757446289, aloss:-0.0034213843755424023, berr1:11.299064636230469, berr2:11.310416221618652
 100/500,EPReward: 3.54
comsolReward 4.548853307584822
Episode 101/500, Reward: 6.32, ploss: -68.17803955078125, aloss:-0.005182439461350441, berr1:11.326626777648926, berr2:11.326925277709961
 101/500,EPReward: 6.32
comsolReward 4.202603168057699
Episode 102/500, Reward: 5.80, ploss: -69.27018737792969, aloss:-0.005182044114917517, berr1:34.83491897583008, berr2:34.84617614746094
 102/500,EPReward: 5.80
comsolReward -0.40153402801261473
Episode 103/500, Reward: -0.90, ploss: -70.68466186523438, aloss:-0.0053657712414860725, berr1:10.249375343322754, berr2:10.227388381958008
 103/500,EPReward: -0.90
comsolReward -2.24430389358746
Episode 104/500, Reward: -2.54, ploss: -68.72653198242188, aloss:-0.007060505915433168, berr1:9.933797836303711, berr2:10.008186340332031
 104/500,EPReward: -2.54
comsolReward 3.284981165839325
Episode 105/500, Reward: 4.43, ploss: -69.71238708496094, aloss:-0.007758776191622019, berr1:40.355682373046875, berr2:39.974117279052734
 105/500,EPReward: 4.43
comsolReward 2.830034427112748
Episode 106/500, Reward: 3.75, ploss: -69.3688735961914, aloss:-0.009159594774246216, berr1:13.321962356567383, berr2:13.21117115020752
 106/500,EPReward: 3.75
comsolReward -2.9593440469852443
Episode 107/500, Reward: -3.46, ploss: -69.8854751586914, aloss:-0.011728901416063309, berr1:12.529739379882812, berr2:12.419352531433105
 107/500,EPReward: -3.46
comsolReward 3.3611331391343042
Episode 108/500, Reward: 4.54, ploss: -68.12910461425781, aloss:-0.013852711766958237, berr1:11.335967063903809, berr2:11.105154991149902
 108/500,EPReward: 4.54
comsolReward 2.779501628304918
Episode 109/500, Reward: 3.67, ploss: -66.4118423461914, aloss:-0.015093950554728508, berr1:10.020419120788574, berr2:9.844718933105469
 109/500,EPReward: 3.67
comsolReward 1.3965327553563063
Episode 110/500, Reward: 1.39, ploss: -69.41957092285156, aloss:-0.013417162001132965, berr1:31.773061752319336, berr2:31.540328979492188
 110/500,EPReward: 1.39
comsolReward 1.5252196443017974
Episode 111/500, Reward: 1.79, ploss: -68.92525482177734, aloss:-0.01451719831675291, berr1:10.513734817504883, berr2:10.174378395080566
 111/500,EPReward: 1.79
comsolReward -1.556229868495532
Episode 112/500, Reward: -2.06, ploss: -69.47391510009766, aloss:-0.012441297993063927, berr1:12.971637725830078, berr2:12.54481315612793
 112/500,EPReward: -2.06
comsolReward 3.9272981631322015
Episode 113/500, Reward: 5.39, ploss: -71.07830810546875, aloss:-0.010399636812508106, berr1:11.085245132446289, berr2:10.756428718566895
 113/500,EPReward: 5.39
comsolReward -2.4983959630170145
Episode 114/500, Reward: -3.00, ploss: -70.66468811035156, aloss:-0.007668366655707359, berr1:10.541569709777832, berr2:10.387252807617188
 114/500,EPReward: -3.00
comsolReward 6.681124379133803
Episode 115/500, Reward: 9.52, ploss: -69.20455169677734, aloss:-0.007572566159069538, berr1:9.56236457824707, berr2:9.310246467590332
 115/500,EPReward: 9.52
comsolReward 9.25584740772228
Episode 116/500, Reward: 13.38, ploss: -69.05120849609375, aloss:-0.006843526381999254, berr1:11.382858276367188, berr2:11.165666580200195
 116/500,EPReward: 13.38
comsolReward -0.4190333639422431
Episode 117/500, Reward: -0.92, ploss: -68.64801025390625, aloss:-0.006232155952602625, berr1:27.639556884765625, berr2:27.629032135009766
 117/500,EPReward: -0.92
comsolReward 4.517836566807381
Episode 118/500, Reward: 6.28, ploss: -71.17085266113281, aloss:-0.004277328960597515, berr1:14.639276504516602, berr2:14.731689453125
 118/500,EPReward: 6.28
comsolReward -1.4142179379582793
Episode 119/500, Reward: -1.91, ploss: -70.06237030029297, aloss:-0.006143591366708279, berr1:12.291473388671875, berr2:12.151566505432129
 119/500,EPReward: -1.91
comsolReward 7.256312351770227
Episode 120/500, Reward: 10.38, ploss: -70.85169219970703, aloss:-0.004258778877556324, berr1:12.985954284667969, berr2:12.881507873535156
 120/500,EPReward: 10.38
comsolReward -2.0722714662173005
Episode 121/500, Reward: -2.57, ploss: -71.98851013183594, aloss:-0.003502962877973914, berr1:10.64361572265625, berr2:10.668124198913574
 121/500,EPReward: -2.57
comsolReward -0.7546472350634046
Episode 122/500, Reward: -1.25, ploss: -69.07109069824219, aloss:-0.006138612516224384, berr1:14.788042068481445, berr2:14.632713317871094
 122/500,EPReward: -1.25
comsolReward 7.995928580194959
Episode 123/500, Reward: 11.49, ploss: -70.26117706298828, aloss:-0.004227872937917709, berr1:13.207659721374512, berr2:13.21521282196045
 123/500,EPReward: 11.49
comsolReward 7.755904603175481
Episode 124/500, Reward: 11.13, ploss: -69.02859497070312, aloss:-0.004763294477015734, berr1:29.521574020385742, berr2:29.71342658996582
 124/500,EPReward: 11.13
comsolReward 4.79302028632868
Episode 125/500, Reward: 6.49, ploss: -68.6746597290039, aloss:-0.0048722997307777405, berr1:29.334941864013672, berr2:29.02852439880371
 125/500,EPReward: 6.49
comsolReward -1.3308932107098557
Episode 126/500, Reward: -2.03, ploss: -71.57630920410156, aloss:-0.0041234758682549, berr1:12.731748580932617, berr2:12.344356536865234
 126/500,EPReward: -2.03
comsolReward 4.853822113830247
Episode 127/500, Reward: 6.78, ploss: -70.10054779052734, aloss:-0.004604780115187168, berr1:13.473573684692383, berr2:13.253294944763184
 127/500,EPReward: 6.78
comsolReward 2.639836388300331
Episode 128/500, Reward: 3.46, ploss: -70.03706359863281, aloss:-0.005714789032936096, berr1:13.35682201385498, berr2:13.12991714477539
 128/500,EPReward: 3.46
comsolReward 5.417873704408959
Episode 129/500, Reward: 7.63, ploss: -70.56864929199219, aloss:-0.004565932787954807, berr1:30.768516540527344, berr2:30.67727279663086
 129/500,EPReward: 7.63
comsolReward 3.97567560598637
Episode 130/500, Reward: 5.46, ploss: -71.72748565673828, aloss:-0.0038315649144351482, berr1:10.82055950164795, berr2:10.614677429199219
 130/500,EPReward: 5.46
comsolReward -1.0568573019108143
Episode 131/500, Reward: -1.36, ploss: -69.29924774169922, aloss:-0.005190394353121519, berr1:9.870201110839844, berr2:9.746091842651367
 131/500,EPReward: -1.36
comsolReward 5.320246076042896
Episode 132/500, Reward: 7.68, ploss: -71.69454193115234, aloss:-0.004148161970078945, berr1:11.916358947753906, berr2:11.748136520385742
 132/500,EPReward: 7.68
comsolReward 6.412203549339218
Episode 133/500, Reward: 9.12, ploss: -70.28997802734375, aloss:-0.005410721991211176, berr1:12.961174964904785, berr2:12.803504943847656
 133/500,EPReward: 9.12
comsolReward 7.08347791202833
Episode 134/500, Reward: 10.13, ploss: -70.47433471679688, aloss:-0.00503360852599144, berr1:12.056629180908203, berr2:11.893631935119629
 134/500,EPReward: 10.13
comsolReward 8.152970039210071
Episode 135/500, Reward: 11.73, ploss: -70.74525451660156, aloss:-0.0059346044436097145, berr1:10.504454612731934, berr2:10.36974048614502
 135/500,EPReward: 11.73
comsolReward 2.626256064636718
Episode 136/500, Reward: 3.44, ploss: -70.1992416381836, aloss:-0.0048446026630699635, berr1:19.101951599121094, berr2:19.04812240600586
 136/500,EPReward: 3.44
comsolReward 8.877379122579699
Episode 137/500, Reward: 12.82, ploss: -69.86007690429688, aloss:-0.005061417352408171, berr1:13.855608940124512, berr2:13.661601066589355
 137/500,EPReward: 12.82
comsolReward 5.78283722747832
Episode 138/500, Reward: 7.97, ploss: -71.45039367675781, aloss:-0.004360977094620466, berr1:14.145526885986328, berr2:14.049921035766602
 138/500,EPReward: 7.97
comsolReward 5.303683415223605
Episode 139/500, Reward: 7.66, ploss: -69.52410888671875, aloss:-0.007383059244602919, berr1:12.475616455078125, berr2:12.250950813293457
 139/500,EPReward: 7.66
comsolReward 1.3164331237946036
Episode 140/500, Reward: 1.47, ploss: -69.6755142211914, aloss:-0.006332024931907654, berr1:13.889060974121094, berr2:13.509978294372559
 140/500,EPReward: 1.47
comsolReward 6.918672894026744
Episode 141/500, Reward: 9.68, ploss: -71.57975006103516, aloss:-0.005435712169855833, berr1:29.42518424987793, berr2:29.362817764282227
 141/500,EPReward: 9.68
comsolReward 5.624758840290948
Episode 142/500, Reward: 7.94, ploss: -72.95044708251953, aloss:-0.006232110783457756, berr1:14.576542854309082, berr2:14.41256332397461
 142/500,EPReward: 7.94
comsolReward 5.840827442409728
Episode 143/500, Reward: 8.46, ploss: -73.17430114746094, aloss:-0.005958502180874348, berr1:12.158151626586914, berr2:11.8113374710083
 143/500,EPReward: 8.46
comsolReward 7.540220783685171
Episode 144/500, Reward: 10.81, ploss: -73.30414581298828, aloss:-0.005396068096160889, berr1:56.08832550048828, berr2:56.00830078125
 144/500,EPReward: 10.81
comsolReward 7.428258074801071
Episode 145/500, Reward: 10.44, ploss: -72.15924072265625, aloss:-0.005511353258043528, berr1:11.536186218261719, berr2:11.258143424987793
 145/500,EPReward: 10.44
comsolReward 6.5790371263887035
Episode 146/500, Reward: 9.37, ploss: -71.4115219116211, aloss:-0.005672582890838385, berr1:13.222527503967285, berr2:13.267271041870117
 146/500,EPReward: 9.37
comsolReward 5.492097692289458
Episode 147/500, Reward: 7.74, ploss: -72.69796752929688, aloss:-0.006125803105533123, berr1:11.209324836730957, berr2:11.169788360595703
 147/500,EPReward: 7.74
comsolReward 6.474019273139918
Episode 148/500, Reward: 9.21, ploss: -70.90886688232422, aloss:-0.008542276918888092, berr1:31.673778533935547, berr2:31.451231002807617
 148/500,EPReward: 9.21
comsolReward 3.124803486882308
Episode 149/500, Reward: 4.19, ploss: -72.02812194824219, aloss:-0.005632587242871523, berr1:11.366720199584961, berr2:11.304546356201172
 149/500,EPReward: 4.19
comsolReward 8.77018195795322
Episode 150/500, Reward: 12.66, ploss: -71.27386474609375, aloss:-0.00482902629300952, berr1:9.760503768920898, berr2:9.693769454956055
 150/500,EPReward: 12.66
comsolReward 6.634020410249405
Episode 151/500, Reward: 9.45, ploss: -71.19365692138672, aloss:-0.008595694787800312, berr1:11.082260131835938, berr2:10.680831909179688
 151/500,EPReward: 9.45
comsolReward 6.4943331304323815
Episode 152/500, Reward: 9.24, ploss: -73.64347839355469, aloss:-0.006279731169342995, berr1:12.36860179901123, berr2:12.213056564331055
 152/500,EPReward: 9.24
comsolReward -0.9654609085161792
Episode 153/500, Reward: -1.47, ploss: -72.09483337402344, aloss:-0.008302059024572372, berr1:11.31954574584961, berr2:11.354568481445312
 153/500,EPReward: -1.47
comsolReward 5.75236510993622
Episode 154/500, Reward: 8.13, ploss: -73.77527618408203, aloss:-0.0066277990117669106, berr1:32.61028289794922, berr2:32.64064025878906
 154/500,EPReward: 8.13
comsolReward 6.640891277887743
Episode 155/500, Reward: 9.46, ploss: -72.2573013305664, aloss:-0.007459677755832672, berr1:31.341156005859375, berr2:31.15445899963379
 155/500,EPReward: 9.46
comsolReward 3.8161380921465273
Episode 156/500, Reward: 5.22, ploss: -72.99800872802734, aloss:-0.008951947093009949, berr1:12.067343711853027, berr2:11.96058177947998
 156/500,EPReward: 5.22
comsolReward 2.057868401332862
Episode 157/500, Reward: 2.59, ploss: -71.45378112792969, aloss:-0.007833684794604778, berr1:49.38072967529297, berr2:49.122291564941406
 157/500,EPReward: 2.59
comsolReward 3.63050884037969
Episode 158/500, Reward: 5.15, ploss: -72.3041763305664, aloss:-0.00747934402897954, berr1:10.89487361907959, berr2:10.844657897949219
 158/500,EPReward: 5.15
comsolReward 5.283430726308257
Episode 159/500, Reward: 7.63, ploss: -70.08012390136719, aloss:-0.009315193630754948, berr1:10.370887756347656, berr2:10.302541732788086
 159/500,EPReward: 7.63
comsolReward 3.189047332185641
Episode 160/500, Reward: 4.28, ploss: -72.1357192993164, aloss:-0.00857133325189352, berr1:10.829726219177246, berr2:10.841591835021973
 160/500,EPReward: 4.28
comsolReward 11.072075473944086
Episode 161/500, Reward: 16.11, ploss: -71.88430786132812, aloss:-0.00854930654168129, berr1:12.640485763549805, berr2:12.645999908447266
 161/500,EPReward: 16.11
comsolReward 5.364613795046116
Episode 162/500, Reward: 7.55, ploss: -71.36897277832031, aloss:-0.009382039308547974, berr1:30.145051956176758, berr2:29.818056106567383
 162/500,EPReward: 7.55
comsolReward 0.22497664181080346
Episode 163/500, Reward: 0.04, ploss: -73.74088287353516, aloss:-0.007306091021746397, berr1:11.69540023803711, berr2:11.564526557922363
 163/500,EPReward: 0.04
comsolReward 6.178558687439623
Episode 164/500, Reward: 8.57, ploss: -72.18717956542969, aloss:-0.012333829887211323, berr1:32.304351806640625, berr2:32.119606018066406
 164/500,EPReward: 8.57
comsolReward 5.75082136476083
Episode 165/500, Reward: 8.13, ploss: -71.68787384033203, aloss:-0.010727639310061932, berr1:10.543203353881836, berr2:10.122934341430664
 165/500,EPReward: 8.13
comsolReward 1.701316152567874
Episode 166/500, Reward: 2.05, ploss: -72.66482543945312, aloss:-0.00989566184580326, berr1:13.68786334991455, berr2:13.61927604675293
 166/500,EPReward: 2.05
comsolReward 7.681193034581991
Episode 167/500, Reward: 11.22, ploss: -73.63334655761719, aloss:-0.008444858714938164, berr1:14.316652297973633, berr2:14.204833030700684
 167/500,EPReward: 11.22
comsolReward 4.622035839133094
Episode 168/500, Reward: 6.43, ploss: -72.8825454711914, aloss:-0.00936548039317131, berr1:11.848043441772461, berr2:11.56587028503418
 168/500,EPReward: 6.43
comsolReward 8.307628479533511
Episode 169/500, Reward: 11.96, ploss: -74.62581634521484, aloss:-0.00699987355619669, berr1:13.367341041564941, berr2:13.234936714172363
 169/500,EPReward: 11.96
comsolReward 3.078479792122942
Episode 170/500, Reward: 4.12, ploss: -74.45886993408203, aloss:-0.008861526846885681, berr1:45.07295608520508, berr2:44.561668395996094
 170/500,EPReward: 4.12
comsolReward 7.927759436985861
Episode 171/500, Reward: 11.39, ploss: -71.42817687988281, aloss:-0.009312896989285946, berr1:32.76578903198242, berr2:32.52346420288086
 171/500,EPReward: 11.39
comsolReward 2.053222951130885
Episode 172/500, Reward: 2.58, ploss: -74.19638061523438, aloss:-0.007566130254417658, berr1:12.96872329711914, berr2:12.729887008666992
 172/500,EPReward: 2.58
comsolReward 7.908791110647505
Episode 173/500, Reward: 11.36, ploss: -72.27969360351562, aloss:-0.00975824799388647, berr1:15.239605903625488, berr2:15.135595321655273
 173/500,EPReward: 11.36
comsolReward 1.5917775497873985
Episode 174/500, Reward: 1.89, ploss: -74.94953918457031, aloss:-0.007763268426060677, berr1:13.954373359680176, berr2:13.635647773742676
 174/500,EPReward: 1.89
comsolReward 11.729466963903366
Episode 175/500, Reward: 17.09, ploss: -72.82025146484375, aloss:-0.011582679115235806, berr1:50.76244354248047, berr2:50.65469741821289
 175/500,EPReward: 17.09
comsolReward 4.9728304254468405
Episode 176/500, Reward: 6.96, ploss: -73.10696411132812, aloss:-0.011363169178366661, berr1:11.524175643920898, berr2:11.392704963684082
 176/500,EPReward: 6.96
comsolReward 3.4386559601778424
Episode 177/500, Reward: 4.66, ploss: -72.33953094482422, aloss:-0.011768244206905365, berr1:12.872249603271484, berr2:12.582258224487305
 177/500,EPReward: 4.66
comsolReward 6.607855724042639
Episode 178/500, Reward: 9.41, ploss: -75.13165283203125, aloss:-0.008882448077201843, berr1:11.04941177368164, berr2:10.904638290405273
 178/500,EPReward: 9.41
comsolReward -0.5095553033954144
Episode 179/500, Reward: -1.01, ploss: -74.43110656738281, aloss:-0.010218164883553982, berr1:12.859861373901367, berr2:12.612606048583984
 179/500,EPReward: -1.01
comsolReward 2.6380371071823934
Episode 180/500, Reward: 3.66, ploss: -74.59504699707031, aloss:-0.00998979713767767, berr1:12.593670845031738, berr2:12.28811264038086
 180/500,EPReward: 3.66
comsolReward 4.634862414725377
Episode 181/500, Reward: 6.45, ploss: -76.26741027832031, aloss:-0.009037734009325504, berr1:10.65378189086914, berr2:10.620390892028809
 181/500,EPReward: 6.45
comsolReward 7.2905559581136865
Episode 182/500, Reward: 10.44, ploss: -74.25410461425781, aloss:-0.011666865088045597, berr1:31.166379928588867, berr2:31.030750274658203
 182/500,EPReward: 10.44
comsolReward 8.4489638338643
Episode 183/500, Reward: 12.17, ploss: -75.08164978027344, aloss:-0.012277813628315926, berr1:11.568231582641602, berr2:11.521882057189941
 183/500,EPReward: 12.17
comsolReward 6.800891082734368
Episode 184/500, Reward: 9.90, ploss: -75.48529815673828, aloss:-0.011323109269142151, berr1:11.677053451538086, berr2:11.551201820373535
 184/500,EPReward: 9.90
comsolReward 7.580724354817963
Episode 185/500, Reward: 10.87, ploss: -75.57452392578125, aloss:-0.011814402416348457, berr1:13.609844207763672, berr2:13.312960624694824
 185/500,EPReward: 10.87
comsolReward 5.299694067838191
Episode 186/500, Reward: 7.45, ploss: -73.85858917236328, aloss:-0.012969794683158398, berr1:11.68899917602539, berr2:11.464770317077637
 186/500,EPReward: 7.45
comsolReward 1.0082166351951325
Episode 187/500, Reward: 1.01, ploss: -72.45442199707031, aloss:-0.01205504685640335, berr1:31.43320083618164, berr2:31.191818237304688
 187/500,EPReward: 1.01
comsolReward 6.407780502257788
Episode 188/500, Reward: 9.11, ploss: -75.93937683105469, aloss:-0.009759305976331234, berr1:11.64769458770752, berr2:11.498571395874023
 188/500,EPReward: 9.11
comsolReward 4.215981258177867
Episode 189/500, Reward: 5.82, ploss: -72.85681915283203, aloss:-0.012509491294622421, berr1:31.956708908081055, berr2:31.63838768005371
 189/500,EPReward: 5.82
comsolReward 4.8707404627128685
Episode 190/500, Reward: 6.81, ploss: -76.72598266601562, aloss:-0.008886813186109066, berr1:11.614952087402344, berr2:11.553534507751465
 190/500,EPReward: 6.81
comsolReward 8.891712513052637
Episode 191/500, Reward: 12.84, ploss: -76.58036041259766, aloss:-0.010261711664497852, berr1:11.10354232788086, berr2:11.211386680603027
 191/500,EPReward: 12.84
comsolReward 10.822909598390853
Episode 192/500, Reward: 15.73, ploss: -75.92101287841797, aloss:-0.011299535632133484, berr1:11.939557075500488, berr2:11.798398971557617
 192/500,EPReward: 15.73
comsolReward 9.469802143514393
Episode 193/500, Reward: 13.70, ploss: -76.85566711425781, aloss:-0.01130896620452404, berr1:12.262842178344727, berr2:11.954147338867188
 193/500,EPReward: 13.70
comsolReward 6.680230787194474
Episode 194/500, Reward: 9.52, ploss: -78.53155517578125, aloss:-0.00801587849855423, berr1:10.891195297241211, berr2:10.758206367492676
 194/500,EPReward: 9.52
comsolReward 5.744434469859369
Episode 195/500, Reward: 8.12, ploss: -76.79608917236328, aloss:-0.011088041588664055, berr1:14.058884620666504, berr2:14.11280345916748
 195/500,EPReward: 8.12
comsolReward 2.6180247256735534
Episode 196/500, Reward: 3.43, ploss: -76.14360046386719, aloss:-0.01155090518295765, berr1:14.97124195098877, berr2:14.677048683166504
 196/500,EPReward: 3.43
comsolReward 7.636198085329569
Episode 197/500, Reward: 10.95, ploss: -76.16114044189453, aloss:-0.011535558849573135, berr1:10.923920631408691, berr2:10.730107307434082
 197/500,EPReward: 10.95
comsolReward 4.569737892350592
Episode 198/500, Reward: 6.35, ploss: -76.60488891601562, aloss:-0.009458162821829319, berr1:14.823904037475586, berr2:14.488155364990234
 198/500,EPReward: 6.35
comsolReward -1.9395566644099105
Episode 199/500, Reward: -2.44, ploss: -76.79350280761719, aloss:-0.00993428099900484, berr1:13.560819625854492, berr2:13.616765022277832
 199/500,EPReward: -2.44
comsolReward 6.357248920183158
Episode 200/500, Reward: 9.04, ploss: -75.90949249267578, aloss:-0.011217758059501648, berr1:29.72843360900879, berr2:29.601390838623047
 200/500,EPReward: 9.04
comsolReward 8.323996296219285
Episode 201/500, Reward: 12.19, ploss: -75.46357727050781, aloss:-0.01113100815564394, berr1:12.698041915893555, berr2:12.675315856933594
 201/500,EPReward: 12.19
comsolReward 7.529083139698982
Episode 202/500, Reward: 10.79, ploss: -75.6999740600586, aloss:-0.010380534455180168, berr1:11.273712158203125, berr2:11.038105010986328
 202/500,EPReward: 10.79
comsolReward 3.847623047701445
Episode 203/500, Reward: 6.47, ploss: -76.89018249511719, aloss:-0.009906962513923645, berr1:29.841859817504883, berr2:29.69637107849121
 203/500,EPReward: 6.47
comsolReward 4.135330802020705
Episode 204/500, Reward: 5.70, ploss: -76.8385238647461, aloss:-0.010924659669399261, berr1:37.867408752441406, berr2:37.8068733215332
 204/500,EPReward: 5.70
comsolReward 9.383244333045615
Episode 205/500, Reward: 13.57, ploss: -76.09146881103516, aloss:-0.011354529298841953, berr1:12.386503219604492, berr2:12.172270774841309
 205/500,EPReward: 13.57
comsolReward 6.788717544262715
Episode 206/500, Reward: 9.68, ploss: -78.91374969482422, aloss:-0.009611580520868301, berr1:11.366165161132812, berr2:11.27568244934082
 206/500,EPReward: 9.68
comsolReward 5.940698974296463
Episode 207/500, Reward: 8.41, ploss: -76.15664672851562, aloss:-0.012225097045302391, berr1:12.303295135498047, berr2:12.14683723449707
 207/500,EPReward: 8.41
comsolReward 7.262894347739376
Episode 208/500, Reward: 10.39, ploss: -78.88331604003906, aloss:-0.010262181051075459, berr1:12.566978454589844, berr2:12.536824226379395
 208/500,EPReward: 10.39
comsolReward 3.919646015376835
Episode 209/500, Reward: 5.18, ploss: -76.04344177246094, aloss:-0.013570759445428848, berr1:10.82502555847168, berr2:10.40676212310791
 209/500,EPReward: 5.18
comsolReward 3.2307800886458633
Episode 210/500, Reward: 4.35, ploss: -77.58922576904297, aloss:-0.012484537437558174, berr1:34.18522644042969, berr2:33.88459014892578
 210/500,EPReward: 4.35
comsolReward 7.996918630821827
Episode 211/500, Reward: 11.70, ploss: -75.0202407836914, aloss:-0.014790388755500317, berr1:12.588743209838867, berr2:12.339827537536621
 211/500,EPReward: 11.70
comsolReward 3.107212870627837
Episode 212/500, Reward: 4.16, ploss: -76.67923736572266, aloss:-0.013467364013195038, berr1:53.45627975463867, berr2:53.055267333984375
 212/500,EPReward: 4.16
comsolReward 5.292446366672064
Episode 213/500, Reward: 7.44, ploss: -76.15563201904297, aloss:-0.014248435385525227, berr1:13.505516052246094, berr2:13.394782066345215
 213/500,EPReward: 7.44
comsolReward 3.196172804787099
Episode 214/500, Reward: 4.09, ploss: -76.6943359375, aloss:-0.014852479100227356, berr1:13.099422454833984, berr2:12.962190628051758
 214/500,EPReward: 4.09
comsolReward 5.210916150348307
Episode 215/500, Reward: 7.32, ploss: -76.87232208251953, aloss:-0.014253550209105015, berr1:12.933900833129883, berr2:12.591743469238281
 215/500,EPReward: 7.32
comsolReward 6.927888991392781
Episode 216/500, Reward: 9.89, ploss: -76.71717834472656, aloss:-0.01627526991069317, berr1:14.34847354888916, berr2:14.033960342407227
 216/500,EPReward: 9.89
comsolReward 5.576922572864939
Episode 217/500, Reward: 8.07, ploss: -77.9338607788086, aloss:-0.014181400649249554, berr1:13.21113109588623, berr2:13.026021957397461
 217/500,EPReward: 8.07
comsolReward 6.208071927172418
Episode 218/500, Reward: 9.01, ploss: -77.93901062011719, aloss:-0.015360726043581963, berr1:31.117652893066406, berr2:31.037357330322266
 218/500,EPReward: 9.01
comsolReward 6.63980084581932
Episode 219/500, Reward: 9.46, ploss: -79.72265625, aloss:-0.013404348865151405, berr1:13.121912956237793, berr2:13.089834213256836
 219/500,EPReward: 9.46
comsolReward -0.012113054897216402
Episode 220/500, Reward: -0.31, ploss: -78.31550598144531, aloss:-0.016235847026109695, berr1:12.483495712280273, berr2:12.089003562927246
 220/500,EPReward: -0.31
comsolReward 7.840627160116892
Episode 221/500, Reward: 11.06, ploss: -78.29492950439453, aloss:-0.015367638319730759, berr1:13.29115104675293, berr2:12.928194999694824
 221/500,EPReward: 11.06
comsolReward 6.671074781274615
Episode 222/500, Reward: 9.31, ploss: -80.101806640625, aloss:-0.013212783262133598, berr1:12.943509101867676, berr2:12.614837646484375
 222/500,EPReward: 9.31
comsolReward 2.3408088903042357
Episode 223/500, Reward: 3.01, ploss: -78.72998809814453, aloss:-0.015295179560780525, berr1:10.13936710357666, berr2:9.826216697692871
 223/500,EPReward: 3.01
comsolReward 4.10570943280219
Episode 224/500, Reward: 5.66, ploss: -77.7401351928711, aloss:-0.015307430177927017, berr1:11.244588851928711, berr2:11.036347389221191
 224/500,EPReward: 5.66
comsolReward 5.178275552598981
Episode 225/500, Reward: 7.27, ploss: -77.85543823242188, aloss:-0.014479237608611584, berr1:34.071266174316406, berr2:33.92948913574219
 225/500,EPReward: 7.27
comsolReward 0.831976580078243
Episode 226/500, Reward: 0.55, ploss: -77.14678192138672, aloss:-0.013555468060076237, berr1:12.786317825317383, berr2:12.686480522155762
 226/500,EPReward: 0.55
comsolReward 5.42043351087003
Episode 227/500, Reward: 7.63, ploss: -75.94085693359375, aloss:-0.017017249017953873, berr1:38.13713073730469, berr2:38.175262451171875
 227/500,EPReward: 7.63
comsolReward 7.611371284090836
Episode 228/500, Reward: 10.92, ploss: -77.28922271728516, aloss:-0.014978185296058655, berr1:12.320664405822754, berr2:11.902204513549805
 228/500,EPReward: 10.92
comsolReward 3.2200231558830086
Episode 229/500, Reward: 4.33, ploss: -78.25630950927734, aloss:-0.014755954965949059, berr1:11.600961685180664, berr2:11.28211784362793
 229/500,EPReward: 4.33
comsolReward 0.5731928544290964
Episode 230/500, Reward: 0.56, ploss: -78.44332885742188, aloss:-0.015564430505037308, berr1:37.95721435546875, berr2:37.836490631103516
 230/500,EPReward: 0.56
comsolReward 7.306723436852212
Episode 231/500, Reward: 10.46, ploss: -80.4315185546875, aloss:-0.01531007420271635, berr1:12.941228866577148, berr2:12.629940032958984
 231/500,EPReward: 10.46
comsolReward 5.934436416020881
Episode 232/500, Reward: 8.40, ploss: -79.8906021118164, aloss:-0.016415804624557495, berr1:11.46837043762207, berr2:11.198585510253906
 232/500,EPReward: 8.40
comsolReward 4.40491099549608
Episode 233/500, Reward: 6.11, ploss: -79.43789672851562, aloss:-0.016357867047190666, berr1:34.42589569091797, berr2:34.18996047973633
 233/500,EPReward: 6.11
comsolReward 6.864252702822009
Episode 234/500, Reward: 10.00, ploss: -78.19890594482422, aloss:-0.018867842853069305, berr1:12.688655853271484, berr2:12.378244400024414
 234/500,EPReward: 10.00
comsolReward 1.6230946957754566
Episode 235/500, Reward: 1.93, ploss: -80.18885040283203, aloss:-0.0164872445166111, berr1:13.779166221618652, berr2:13.49675464630127
 235/500,EPReward: 1.93
comsolReward 3.189047332185641
Episode 236/500, Reward: 4.28, ploss: -79.41343688964844, aloss:-0.01911327615380287, berr1:11.652581214904785, berr2:11.223055839538574
 236/500,EPReward: 4.28
comsolReward 6.3975588077163055
Episode 237/500, Reward: 8.90, ploss: -77.24918365478516, aloss:-0.02108090929687023, berr1:30.702800750732422, berr2:30.298025131225586
 237/500,EPReward: 8.90
comsolReward 3.218917136899536
Episode 238/500, Reward: 4.33, ploss: -79.46146392822266, aloss:-0.020932568237185478, berr1:10.62494945526123, berr2:10.670328140258789
 238/500,EPReward: 4.33
comsolReward 4.76504867501148
Episode 239/500, Reward: 6.45, ploss: -78.85220336914062, aloss:-0.024247270077466965, berr1:13.075631141662598, berr2:12.734031677246094
 239/500,EPReward: 6.45
comsolReward 2.960907023560705
Episode 240/500, Reward: 4.14, ploss: -79.0684814453125, aloss:-0.026624830439686775, berr1:12.03297233581543, berr2:11.846625328063965
 240/500,EPReward: 4.14
comsolReward 2.896237515401048
Episode 241/500, Reward: 3.84, ploss: -79.54285430908203, aloss:-0.028702251613140106, berr1:9.319280624389648, berr2:9.04106330871582
 241/500,EPReward: 3.84
comsolReward 3.0353300079330108
Episode 242/500, Reward: 4.25, ploss: -79.68096160888672, aloss:-0.03298565372824669, berr1:14.56214714050293, berr2:14.445596694946289
 242/500,EPReward: 4.25
comsolReward 4.113315554866755
Episode 243/500, Reward: 5.67, ploss: -80.29088592529297, aloss:-0.03628207743167877, berr1:12.170180320739746, berr2:12.277423858642578
 243/500,EPReward: 5.67
comsolReward 2.199939425231483
Episode 244/500, Reward: 2.80, ploss: -81.27263641357422, aloss:-0.0387730710208416, berr1:11.087072372436523, berr2:11.00927734375
 244/500,EPReward: 2.80
comsolReward 5.157603988255643
Episode 245/500, Reward: 7.24, ploss: -81.21207427978516, aloss:-0.040942635387182236, berr1:13.666680335998535, berr2:13.479350090026855
 245/500,EPReward: 7.24
comsolReward 4.96427581647911
Episode 246/500, Reward: 6.95, ploss: -81.48541259765625, aloss:-0.04234400391578674, berr1:35.44838333129883, berr2:35.35741424560547
 246/500,EPReward: 6.95
comsolReward 2.947303902181202
Episode 247/500, Reward: 3.92, ploss: -79.3118896484375, aloss:-0.04425610229372978, berr1:10.606738090515137, berr2:10.571517944335938
 247/500,EPReward: 3.92
comsolReward 1.3216342103257006
Episode 248/500, Reward: 1.48, ploss: -80.6650390625, aloss:-0.04692165553569794, berr1:9.364458084106445, berr2:9.426228523254395
 248/500,EPReward: 1.48
comsolReward 0.7864351373718088
Episode 249/500, Reward: 0.68, ploss: -80.06013488769531, aloss:-0.04838196933269501, berr1:10.951903343200684, berr2:11.038745880126953
 249/500,EPReward: 0.68
comsolReward 0.5920402621613623
Episode 250/500, Reward: 0.39, ploss: -80.86466979980469, aloss:-0.05019209906458855, berr1:33.838905334472656, berr2:33.295982360839844
 250/500,EPReward: 0.39
comsolReward 3.9272981631322015
Episode 251/500, Reward: 5.39, ploss: -80.58002471923828, aloss:-0.04900380223989487, berr1:33.1590576171875, berr2:33.32870864868164
 251/500,EPReward: 5.39
comsolReward 2.0425440328437783
Episode 252/500, Reward: 2.56, ploss: -79.0809097290039, aloss:-0.04373379796743393, berr1:9.471365928649902, berr2:9.187541007995605
 252/500,EPReward: 2.56
comsolReward -2.607071439550513
Episode 253/500, Reward: -3.11, ploss: -79.00387573242188, aloss:-0.039484065026044846, berr1:11.839274406433105, berr2:11.510982513427734
 253/500,EPReward: -3.11
comsolReward 5.2055070596432405
Episode 254/500, Reward: 7.31, ploss: -79.1607894897461, aloss:-0.03775078430771828, berr1:36.02352523803711, berr2:35.7199821472168
 254/500,EPReward: 7.31
comsolReward 4.234557205469852
Episode 255/500, Reward: 5.85, ploss: -80.62016296386719, aloss:-0.0314762108027935, berr1:13.67448616027832, berr2:13.31271743774414
 255/500,EPReward: 5.85
comsolReward 0.46299022814559093
Episode 256/500, Reward: 0.19, ploss: -80.4952392578125, aloss:-0.029691750183701515, berr1:11.527053833007812, berr2:11.260969161987305
 256/500,EPReward: 0.19
comsolReward 6.97179270237696
Episode 257/500, Reward: 9.96, ploss: -79.85420227050781, aloss:-0.029356548562645912, berr1:32.82731628417969, berr2:32.7696418762207
 257/500,EPReward: 9.96
comsolReward -1.6150957537318562
Episode 258/500, Reward: -2.12, ploss: -81.80154418945312, aloss:-0.02472914382815361, berr1:12.683472633361816, berr2:12.535510063171387
 258/500,EPReward: -2.12
comsolReward 6.165830641179029
Episode 259/500, Reward: 8.75, ploss: -81.48348999023438, aloss:-0.026280533522367477, berr1:10.62290096282959, berr2:10.442262649536133
 259/500,EPReward: 8.75
comsolReward 4.612571190038327
Episode 260/500, Reward: 6.62, ploss: -81.16946411132812, aloss:-0.02403256483376026, berr1:13.189114570617676, berr2:12.988348960876465
 260/500,EPReward: 6.62
comsolReward 4.545143177016809
Episode 261/500, Reward: 6.52, ploss: -81.21229553222656, aloss:-0.023298660293221474, berr1:39.51478958129883, berr2:39.39533615112305
 261/500,EPReward: 6.52
comsolReward 3.178834293857733
Episode 262/500, Reward: 4.27, ploss: -81.25749206542969, aloss:-0.022480260580778122, berr1:11.83828353881836, berr2:11.770041465759277
 262/500,EPReward: 4.27
comsolReward 2.5250938518519934
Episode 263/500, Reward: 3.49, ploss: -81.49246215820312, aloss:-0.021551648154854774, berr1:10.386002540588379, berr2:10.302495002746582
 263/500,EPReward: 3.49
comsolReward 3.323045962682719
Episode 264/500, Reward: 4.28, ploss: -82.2142105102539, aloss:-0.021476374939084053, berr1:9.86584186553955, berr2:9.832498550415039
 264/500,EPReward: 4.28
comsolReward 7.050227365841196
Episode 265/500, Reward: 10.08, ploss: -81.75291442871094, aloss:-0.022736569866538048, berr1:9.936910629272461, berr2:9.65723991394043
 265/500,EPReward: 10.08
comsolReward 8.436355975470514
Episode 266/500, Reward: 12.15, ploss: -82.29660034179688, aloss:-0.02063128352165222, berr1:10.963367462158203, berr2:10.803770065307617
 266/500,EPReward: 12.15
comsolReward 6.278889690181169
Episode 267/500, Reward: 8.72, ploss: -80.83201599121094, aloss:-0.02226867526769638, berr1:12.016976356506348, berr2:11.958165168762207
 267/500,EPReward: 8.72
comsolReward 6.317071878876248
Episode 268/500, Reward: 8.78, ploss: -81.7885513305664, aloss:-0.020955689251422882, berr1:11.849639892578125, berr2:11.849096298217773
 268/500,EPReward: 8.78
comsolReward 4.443299475188562
Episode 269/500, Reward: 5.96, ploss: -82.92647552490234, aloss:-0.01895703561604023, berr1:10.007863998413086, berr2:10.00809097290039
 269/500,EPReward: 5.96
comsolReward 3.8065642248599376
Episode 270/500, Reward: 5.21, ploss: -80.22418975830078, aloss:-0.021550580859184265, berr1:9.657666206359863, berr2:9.22717571258545
 270/500,EPReward: 5.21
comsolReward 2.5740406188833505
Episode 271/500, Reward: 3.36, ploss: -81.43215942382812, aloss:-0.020554330199956894, berr1:13.210639953613281, berr2:13.187582969665527
 271/500,EPReward: 3.36
comsolReward 2.124140614192982
Episode 272/500, Reward: 2.49, ploss: -83.08208465576172, aloss:-0.01867116056382656, berr1:9.812788009643555, berr2:9.771462440490723
 272/500,EPReward: 2.49
comsolReward 2.6713160839129886
Episode 273/500, Reward: 3.51, ploss: -82.63035583496094, aloss:-0.01885009929537773, berr1:10.559473037719727, berr2:10.412923812866211
 273/500,EPReward: 3.51
comsolReward 9.314812970998167
Episode 274/500, Reward: 13.47, ploss: -83.49310302734375, aloss:-0.019869647920131683, berr1:9.190272331237793, berr2:8.930604934692383
 274/500,EPReward: 13.47
comsolReward 5.366208115894493
Episode 275/500, Reward: 7.55, ploss: -82.92469787597656, aloss:-0.0198979414999485, berr1:38.29633331298828, berr2:38.08586502075195
 275/500,EPReward: 7.55
comsolReward 6.244696354067002
Episode 276/500, Reward: 8.87, ploss: -80.36127471923828, aloss:-0.02283201552927494, berr1:11.616495132446289, berr2:11.418900489807129
 276/500,EPReward: 8.87
comsolReward 4.604962497793533
Episode 277/500, Reward: 6.41, ploss: -81.29859161376953, aloss:-0.02035168558359146, berr1:33.627708435058594, berr2:33.36080551147461
 277/500,EPReward: 6.41
comsolReward 5.11926616198709
Episode 278/500, Reward: 7.18, ploss: -82.15851593017578, aloss:-0.02047106809914112, berr1:9.040887832641602, berr2:8.964111328125
 278/500,EPReward: 7.18
comsolReward 2.933934355177871
Episode 279/500, Reward: 3.90, ploss: -81.45650482177734, aloss:-0.018769098445773125, berr1:38.047332763671875, berr2:37.785987854003906
 279/500,EPReward: 3.90
comsolReward 5.068636639355834
Episode 280/500, Reward: 7.30, ploss: -81.38510131835938, aloss:-0.020788725465536118, berr1:12.3822021484375, berr2:12.071720123291016
 280/500,EPReward: 7.30
comsolReward 1.527196937588767
Episode 281/500, Reward: 1.79, ploss: -83.6558837890625, aloss:-0.01972099393606186, berr1:12.823572158813477, berr2:12.581716537475586
 281/500,EPReward: 1.79
comsolReward 5.30274986086313
Episode 282/500, Reward: 7.45, ploss: -82.92146301269531, aloss:-0.0212048701941967, berr1:11.845865249633789, berr2:11.690384864807129
 282/500,EPReward: 7.45
comsolReward 7.938769973423453
Episode 283/500, Reward: 11.41, ploss: -85.43302917480469, aloss:-0.019632557407021523, berr1:8.677892684936523, berr2:8.73863410949707
 283/500,EPReward: 11.41
comsolReward -0.9738824829245103
Episode 284/500, Reward: -1.47, ploss: -83.65921783447266, aloss:-0.024054674431681633, berr1:11.947153091430664, berr2:11.970235824584961
 284/500,EPReward: -1.47
comsolReward 6.247507234205017
Episode 285/500, Reward: 9.07, ploss: -84.56565856933594, aloss:-0.019342584535479546, berr1:9.732588768005371, berr2:9.633526802062988
 285/500,EPReward: 9.07
comsolReward -0.6770877743811182
Episode 286/500, Reward: -1.18, ploss: -81.7369384765625, aloss:-0.0237678624689579, berr1:13.156569480895996, berr2:12.859703063964844
 286/500,EPReward: -1.18
comsolReward 1.8489673726825968
Episode 287/500, Reward: 2.27, ploss: -82.33052062988281, aloss:-0.021592089906334877, berr1:14.13664436340332, berr2:13.90018081665039
 287/500,EPReward: 2.27
comsolReward 11.109749455597028
Episode 288/500, Reward: 16.16, ploss: -82.02095031738281, aloss:-0.02165081724524498, berr1:10.700942039489746, berr2:10.827340126037598
 288/500,EPReward: 16.16
comsolReward -2.2043393438966516
Episode 289/500, Reward: -2.50, ploss: -81.20219421386719, aloss:-0.023000292479991913, berr1:36.21628952026367, berr2:36.04872512817383
 289/500,EPReward: -2.50
comsolReward 5.20035875551307
Episode 290/500, Reward: 7.10, ploss: -83.91734313964844, aloss:-0.01854209415614605, berr1:9.376572608947754, berr2:9.241686820983887
 290/500,EPReward: 7.10
comsolReward 7.876707899809857
Episode 291/500, Reward: 11.32, ploss: -82.24191284179688, aloss:-0.021235959604382515, berr1:11.018954277038574, berr2:10.754630088806152
 291/500,EPReward: 11.32
comsolReward 3.8761709661907595
Episode 292/500, Reward: 5.31, ploss: -83.46540832519531, aloss:-0.02024976909160614, berr1:10.429121971130371, berr2:10.30413818359375
 292/500,EPReward: 5.31
comsolReward 3.59343420123333
Episode 293/500, Reward: 4.89, ploss: -82.58213806152344, aloss:-0.02225543186068535, berr1:13.714105606079102, berr2:13.291614532470703
 293/500,EPReward: 4.89
comsolReward 5.403775468250516
Episode 294/500, Reward: 7.81, ploss: -82.89199829101562, aloss:-0.021578503772616386, berr1:10.96028995513916, berr2:10.760047912597656
 294/500,EPReward: 7.81
comsolReward 2.8136123172061662
Episode 295/500, Reward: 3.72, ploss: -82.92267608642578, aloss:-0.022419942542910576, berr1:9.7354097366333, berr2:9.641845703125
 295/500,EPReward: 3.72
comsolReward 5.8058461713853555
Episode 296/500, Reward: 8.21, ploss: -82.35816955566406, aloss:-0.02314441092312336, berr1:11.825565338134766, berr2:11.504999160766602
 296/500,EPReward: 8.21
comsolReward 3.7697061381889347
Episode 297/500, Reward: 5.15, ploss: -84.3698959350586, aloss:-0.021233949810266495, berr1:9.278936386108398, berr2:9.072458267211914
 297/500,EPReward: 5.15
comsolReward 3.0063293955948382
Episode 298/500, Reward: 4.01, ploss: -83.41529083251953, aloss:-0.02136213518679142, berr1:11.502275466918945, berr2:11.226887702941895
 298/500,EPReward: 4.01
comsolReward 3.75397076660539
Episode 299/500, Reward: 5.13, ploss: -83.52845764160156, aloss:-0.022272473201155663, berr1:11.116559028625488, berr2:11.01704216003418
 299/500,EPReward: 5.13
comsolReward 4.89367598555711
Episode 300/500, Reward: 6.84, ploss: -82.5804672241211, aloss:-0.024156147614121437, berr1:34.4178466796875, berr2:34.293426513671875
 300/500,EPReward: 6.84
comsolReward -0.5864110213333962
Episode 301/500, Reward: -1.09, ploss: -83.266357421875, aloss:-0.023900235071778297, berr1:32.59835433959961, berr2:32.301761627197266
 301/500,EPReward: -1.09
comsolReward 2.595579843431396
Episode 302/500, Reward: 3.39, ploss: -82.95977783203125, aloss:-0.024220449849963188, berr1:12.3983736038208, berr2:12.101433753967285
 302/500,EPReward: 3.39
comsolReward 2.6403691465699826
Episode 303/500, Reward: 3.26, ploss: -82.95983123779297, aloss:-0.024099422618746758, berr1:11.063408851623535, berr2:10.838668823242188
 303/500,EPReward: 3.26
comsolReward 7.580940533735759
Episode 304/500, Reward: 11.07, ploss: -83.433349609375, aloss:-0.023316729813814163, berr1:13.601393699645996, berr2:13.431556701660156
 304/500,EPReward: 11.07
comsolReward 5.166463625168777
Episode 305/500, Reward: 7.05, ploss: -84.89252471923828, aloss:-0.021638300269842148, berr1:11.387332916259766, berr2:11.047877311706543
 305/500,EPReward: 7.05
comsolReward 3.0001679082234496
Episode 306/500, Reward: 4.20, ploss: -83.31271362304688, aloss:-0.026218313723802567, berr1:10.481392860412598, berr2:9.882157325744629
 306/500,EPReward: 4.20
comsolReward 7.0910122102242665
Episode 307/500, Reward: 9.94, ploss: -85.09135437011719, aloss:-0.02339666336774826, berr1:38.01667022705078, berr2:37.88380813598633
 307/500,EPReward: 9.94
comsolReward 4.7984284815148985
Episode 308/500, Reward: 6.70, ploss: -84.25924682617188, aloss:-0.02451167069375515, berr1:9.285447120666504, berr2:9.22795581817627
 308/500,EPReward: 6.70
comsolReward 5.212483581955919
Episode 309/500, Reward: 7.32, ploss: -84.0118408203125, aloss:-0.024420317262411118, berr1:11.177980422973633, berr2:10.982851028442383
 309/500,EPReward: 7.32
comsolReward 0.7171796780987779
Episode 310/500, Reward: 0.58, ploss: -85.99400329589844, aloss:-0.01776088774204254, berr1:10.757976531982422, berr2:10.366233825683594
 310/500,EPReward: 0.58
comsolReward -0.668691917722033
Episode 311/500, Reward: -1.17, ploss: -85.83368682861328, aloss:-0.01848858781158924, berr1:10.73601245880127, berr2:10.380438804626465
 311/500,EPReward: -1.17
comsolReward 6.537449523241809
Episode 312/500, Reward: 9.51, ploss: -85.09857940673828, aloss:-0.018543777987360954, berr1:13.003440856933594, berr2:12.701613426208496
 312/500,EPReward: 9.51
comsolReward 4.316795805041493
Episode 313/500, Reward: 5.78, ploss: -84.91856384277344, aloss:-0.01938062720000744, berr1:12.800897598266602, berr2:12.494857788085938
 313/500,EPReward: 5.78
comsolReward 4.005184192770889
Episode 314/500, Reward: 5.51, ploss: -85.12920379638672, aloss:-0.016573790460824966, berr1:13.566144943237305, berr2:13.223002433776855
 314/500,EPReward: 5.51
comsolReward 6.976012176928776
Episode 315/500, Reward: 10.96, ploss: -84.73796081542969, aloss:-0.01720922812819481, berr1:65.37261962890625, berr2:65.19082641601562
 315/500,EPReward: 10.96
comsolReward 8.977587995058824
Episode 316/500, Reward: 12.77, ploss: -83.53494262695312, aloss:-0.018001580610871315, berr1:39.54420471191406, berr2:39.242347717285156
 316/500,EPReward: 12.77
comsolReward 2.2748995298063788
Episode 317/500, Reward: 2.91, ploss: -83.10918426513672, aloss:-0.020610369741916656, berr1:59.1032600402832, berr2:58.983787536621094
 317/500,EPReward: 2.91
comsolReward 8.973972887162692
Episode 318/500, Reward: 12.96, ploss: -82.17588806152344, aloss:-0.023354768753051758, berr1:15.641561508178711, berr2:15.171770095825195
 318/500,EPReward: 12.96
comsolReward 2.5213178658108815
Episode 319/500, Reward: 3.28, ploss: -83.65861511230469, aloss:-0.019313402473926544, berr1:15.326295852661133, berr2:14.785551071166992
 319/500,EPReward: 3.28
comsolReward 4.351721245269669
Episode 320/500, Reward: 6.23, ploss: -85.68274688720703, aloss:-0.0208651851862669, berr1:12.342734336853027, berr2:12.072566986083984
 320/500,EPReward: 6.23
comsolReward 1.6480562234148382
Episode 321/500, Reward: 1.97, ploss: -84.10450744628906, aloss:-0.02851530723273754, berr1:11.455442428588867, berr2:10.643668174743652
 321/500,EPReward: 1.97
comsolReward 3.38161441873687
Episode 322/500, Reward: 4.37, ploss: -84.09928894042969, aloss:-0.029084907844662666, berr1:35.3894157409668, berr2:35.27225875854492
 322/500,EPReward: 4.37
comsolReward 6.5562463216752
Episode 323/500, Reward: 9.33, ploss: -85.60487365722656, aloss:-0.02785591036081314, berr1:11.336149215698242, berr2:11.343358993530273
 323/500,EPReward: 9.33
comsolReward 3.8269124319838146
Episode 324/500, Reward: 5.24, ploss: -86.2763442993164, aloss:-0.02724636159837246, berr1:42.57474899291992, berr2:42.184715270996094
 324/500,EPReward: 5.24
comsolReward 6.5255033173866215
Episode 325/500, Reward: 9.49, ploss: -84.50465393066406, aloss:-0.03132573887705803, berr1:15.742088317871094, berr2:14.97386360168457
 325/500,EPReward: 9.49
comsolReward -0.17107368914553592
Episode 326/500, Reward: -0.67, ploss: -84.515625, aloss:-0.02912103570997715, berr1:10.10153865814209, berr2:9.813863754272461
 326/500,EPReward: -0.67
comsolReward 1.652995954548699
Episode 327/500, Reward: 1.98, ploss: -84.78945922851562, aloss:-0.027035720646381378, berr1:10.989636421203613, berr2:11.063863754272461
 327/500,EPReward: 1.98
comsolReward 2.553826217149614
Episode 328/500, Reward: 3.33, ploss: -85.66727447509766, aloss:-0.025707636028528214, berr1:9.87444019317627, berr2:10.050328254699707
 328/500,EPReward: 3.33
comsolReward 3.3929806539544334
Episode 329/500, Reward: 4.59, ploss: -85.13603210449219, aloss:-0.025254856795072556, berr1:35.30930709838867, berr2:35.35835266113281
 329/500,EPReward: 4.59
comsolReward 6.105390968432257
Episode 330/500, Reward: 8.66, ploss: -84.73211669921875, aloss:-0.026075802743434906, berr1:17.005998611450195, berr2:16.2529239654541
 330/500,EPReward: 8.66
comsolReward 4.699828256317591
Episode 331/500, Reward: 6.55, ploss: -85.32694244384766, aloss:-0.0232466459274292, berr1:11.151093482971191, berr2:10.661273956298828
 331/500,EPReward: 6.55
comsolReward 4.7984284815148985
Episode 332/500, Reward: 6.70, ploss: -86.25299072265625, aloss:-0.0237245075404644, berr1:13.082687377929688, berr2:12.886695861816406
 332/500,EPReward: 6.70
comsolReward -1.6871547588294349
Episode 333/500, Reward: -2.19, ploss: -86.61773681640625, aloss:-0.02260180562734604, berr1:9.824983596801758, berr2:9.70128345489502
 333/500,EPReward: -2.19
comsolReward 6.395223756786898
Episode 334/500, Reward: 9.09, ploss: -87.83048248291016, aloss:-0.0216683242470026, berr1:12.49531078338623, berr2:12.653257369995117
 334/500,EPReward: 9.09
comsolReward 3.103055263231492
Episode 335/500, Reward: 4.15, ploss: -86.77549743652344, aloss:-0.022788187488913536, berr1:8.189791679382324, berr2:8.142402648925781
 335/500,EPReward: 4.15
comsolReward 4.11973948304621
Episode 336/500, Reward: 5.68, ploss: -87.22473907470703, aloss:-0.01906958967447281, berr1:10.909462928771973, berr2:10.416460037231445
 336/500,EPReward: 5.68
comsolReward 4.225800029695395
Episode 337/500, Reward: 5.84, ploss: -85.89067077636719, aloss:-0.022393997758626938, berr1:11.05073356628418, berr2:10.564180374145508
 337/500,EPReward: 5.84
comsolReward 4.372765308162501
Episode 338/500, Reward: 6.06, ploss: -87.25736236572266, aloss:-0.02074110135436058, berr1:9.984272956848145, berr2:9.590861320495605
 338/500,EPReward: 6.06
comsolReward 1.0818437696130792
Episode 339/500, Reward: 1.12, ploss: -83.56143188476562, aloss:-0.02571597509086132, berr1:10.958158493041992, berr2:11.172846794128418
 339/500,EPReward: 1.12
comsolReward 1.2106207729342884
Episode 340/500, Reward: 1.32, ploss: -84.08172607421875, aloss:-0.023573771119117737, berr1:11.040078163146973, berr2:11.045426368713379
 340/500,EPReward: 1.32
comsolReward 0.6261874573076933
Episode 341/500, Reward: 0.44, ploss: -86.50653839111328, aloss:-0.020116891711950302, berr1:9.135571479797363, berr2:8.928640365600586
 341/500,EPReward: 0.44
comsolReward 2.87215671895701
Episode 342/500, Reward: 3.81, ploss: -85.59767150878906, aloss:-0.022187748923897743, berr1:39.2841682434082, berr2:39.098785400390625
 342/500,EPReward: 3.81
comsolReward 5.197420211215846
Episode 343/500, Reward: 7.30, ploss: -85.56153106689453, aloss:-0.02290581911802292, berr1:12.060537338256836, berr2:11.349678039550781
 343/500,EPReward: 7.30
comsolReward -0.08230283982605104
Episode 344/500, Reward: -0.58, ploss: -87.17957305908203, aloss:-0.022139620035886765, berr1:39.19661331176758, berr2:39.540679931640625
 344/500,EPReward: -0.58
comsolReward 3.066179254434664
Episode 345/500, Reward: 4.10, ploss: -86.65355682373047, aloss:-0.020876526832580566, berr1:11.764156341552734, berr2:11.383312225341797
 345/500,EPReward: 4.10
comsolReward 0.8952392838695232
Episode 346/500, Reward: 0.64, ploss: -87.36336517333984, aloss:-0.02177567034959793, berr1:10.883222579956055, berr2:10.777904510498047
 346/500,EPReward: 0.64
comsolReward 2.7803393761964874
Episode 347/500, Reward: 3.67, ploss: -86.42549896240234, aloss:-0.0223916694521904, berr1:38.3859748840332, berr2:38.262943267822266
 347/500,EPReward: 3.67
comsolReward 6.441357308785546
Episode 348/500, Reward: 9.16, ploss: -86.3791732788086, aloss:-0.02207893133163452, berr1:36.876930236816406, berr2:36.70433807373047
 348/500,EPReward: 9.16
comsolReward 2.4407812311988972
Episode 349/500, Reward: 3.36, ploss: -84.88504028320312, aloss:-0.025854170322418213, berr1:42.32643508911133, berr2:42.081199645996094
 349/500,EPReward: 3.36
comsolReward 7.470586602201445
Episode 350/500, Reward: 10.51, ploss: -86.39146423339844, aloss:-0.022687049582600594, berr1:8.461115837097168, berr2:8.662816047668457
 350/500,EPReward: 10.51
comsolReward 6.305504507541935
Episode 351/500, Reward: 8.96, ploss: -86.84781646728516, aloss:-0.02182215079665184, berr1:34.5991096496582, berr2:34.400779724121094
 351/500,EPReward: 8.96
comsolReward 7.899983645004567
Episode 352/500, Reward: 12.55, ploss: -87.48942565917969, aloss:-0.02338961698114872, berr1:11.147588729858398, berr2:10.955451011657715
 352/500,EPReward: 12.55
comsolReward 6.10974638931059
Episode 353/500, Reward: 8.66, ploss: -87.50637817382812, aloss:-0.02295493893325329, berr1:40.107421875, berr2:39.77171325683594
 353/500,EPReward: 8.66
comsolReward 4.457352197025278
Episode 354/500, Reward: 6.19, ploss: -87.93231201171875, aloss:-0.022434646263718605, berr1:43.814186096191406, berr2:43.63852310180664
 354/500,EPReward: 6.19
comsolReward -0.3567632205010171
Episode 355/500, Reward: -0.86, ploss: -86.48588562011719, aloss:-0.02839650772511959, berr1:36.04005813598633, berr2:35.803157806396484
 355/500,EPReward: -0.86
comsolReward 3.4396576537832186
Episode 356/500, Reward: 4.66, ploss: -86.79278564453125, aloss:-0.02782292664051056, berr1:10.757589340209961, berr2:10.346170425415039
 356/500,EPReward: 4.66
comsolReward 5.431849538510336
Episode 357/500, Reward: 8.65, ploss: -87.85853576660156, aloss:-0.0244026780128479, berr1:9.166213989257812, berr2:8.931748390197754
 357/500,EPReward: 8.65
comsolReward 4.472972299289912
Episode 358/500, Reward: 6.21, ploss: -86.1263427734375, aloss:-0.029087597504258156, berr1:12.024677276611328, berr2:11.938692092895508
 358/500,EPReward: 6.21
comsolReward 5.114047980806883
Episode 359/500, Reward: 7.17, ploss: -88.45467376708984, aloss:-0.0259829331189394, berr1:34.73891830444336, berr2:34.420352935791016
 359/500,EPReward: 7.17
comsolReward 5.162585737461723
Episode 360/500, Reward: 7.04, ploss: -87.58184051513672, aloss:-0.02626572921872139, berr1:10.676827430725098, berr2:10.351835250854492
 360/500,EPReward: 7.04
comsolReward 5.1404066271557705
Episode 361/500, Reward: 7.21, ploss: -87.14286804199219, aloss:-0.024325069040060043, berr1:62.82856369018555, berr2:62.11427307128906
 361/500,EPReward: 7.21
comsolReward 5.302812193912957
Episode 362/500, Reward: 7.45, ploss: -85.07125854492188, aloss:-0.025874346494674683, berr1:12.631793975830078, berr2:12.414721488952637
 362/500,EPReward: 7.45
comsolReward 7.790777394572876
Episode 363/500, Reward: 11.19, ploss: -85.66947937011719, aloss:-0.026669597253203392, berr1:12.990697860717773, berr2:12.639867782592773
 363/500,EPReward: 11.19
comsolReward 3.415728415743358
Episode 364/500, Reward: 4.62, ploss: -84.93338012695312, aloss:-0.027393747121095657, berr1:13.590474128723145, berr2:12.996078491210938
 364/500,EPReward: 4.62
comsolReward 4.260596410011498
Episode 365/500, Reward: 5.89, ploss: -89.15979766845703, aloss:-0.02315264753997326, berr1:9.23840045928955, berr2:9.13472843170166
 365/500,EPReward: 5.89
comsolReward 5.540854251249739
Episode 366/500, Reward: 7.81, ploss: -89.33219909667969, aloss:-0.023580051958560944, berr1:10.963924407958984, berr2:10.663017272949219
 366/500,EPReward: 7.81
comsolReward 5.009988760846532
Episode 367/500, Reward: 7.01, ploss: -88.30868530273438, aloss:-0.023903319612145424, berr1:11.023090362548828, berr2:10.975475311279297
 367/500,EPReward: 7.01
comsolReward -0.3785191314231136
Episode 368/500, Reward: -0.88, ploss: -89.29766845703125, aloss:-0.022794023156166077, berr1:42.304073333740234, berr2:42.315650939941406
 368/500,EPReward: -0.88
comsolReward 6.613915315468831
Episode 369/500, Reward: 9.42, ploss: -88.42069244384766, aloss:-0.02502063475549221, berr1:10.255230903625488, berr2:10.190120697021484
 369/500,EPReward: 9.42
comsolReward 0.8494852510337284
Episode 370/500, Reward: 0.77, ploss: -87.56026458740234, aloss:-0.02601434662938118, berr1:38.37763977050781, berr2:37.97843933105469
 370/500,EPReward: 0.77
comsolReward 1.8624789952895466
Episode 371/500, Reward: 2.49, ploss: -88.56944274902344, aloss:-0.023380722850561142, berr1:38.8355827331543, berr2:38.434329986572266
 371/500,EPReward: 2.49
comsolReward 4.156384549592636
Episode 372/500, Reward: 5.73, ploss: -86.45671081542969, aloss:-0.0269126296043396, berr1:10.474885940551758, berr2:10.942157745361328
 372/500,EPReward: 5.73
comsolReward 0.5394576636127257
Episode 373/500, Reward: 0.31, ploss: -86.35153198242188, aloss:-0.02812233939766884, berr1:11.781692504882812, berr2:11.741525650024414
 373/500,EPReward: 0.31
comsolReward 4.869211144909921
Episode 374/500, Reward: 7.00, ploss: -87.72698211669922, aloss:-0.02626672387123108, berr1:9.562217712402344, berr2:9.236298561096191
 374/500,EPReward: 7.00
comsolReward 6.572385995482372
Episode 375/500, Reward: 9.36, ploss: -87.26311492919922, aloss:-0.028919443488121033, berr1:11.89098834991455, berr2:11.304320335388184
 375/500,EPReward: 9.36
comsolReward -0.05692040550259538
Episode 376/500, Reward: -0.56, ploss: -88.6677474975586, aloss:-0.0255185104906559, berr1:11.221339225769043, berr2:10.636666297912598
 376/500,EPReward: -0.56
comsolReward 6.277197029003685
Episode 377/500, Reward: 8.72, ploss: -88.10065460205078, aloss:-0.028909705579280853, berr1:11.465433120727539, berr2:11.183164596557617
 377/500,EPReward: 8.72
comsolReward 6.607739797688972
Episode 378/500, Reward: 9.41, ploss: -88.10261535644531, aloss:-0.030280567705631256, berr1:13.382828712463379, berr2:13.409112930297852
 378/500,EPReward: 9.41
comsolReward 3.4032557058889985
Episode 379/500, Reward: 4.60, ploss: -90.41853332519531, aloss:-0.026829907670617104, berr1:11.815783500671387, berr2:11.886420249938965
 379/500,EPReward: 4.60
comsolReward 0.9639160518439249
Episode 380/500, Reward: 0.95, ploss: -90.55665588378906, aloss:-0.026920190081000328, berr1:11.400569915771484, berr2:11.09468936920166
 380/500,EPReward: 0.95
comsolReward 5.602237130618238
Episode 381/500, Reward: 7.90, ploss: -89.64714813232422, aloss:-0.02724967896938324, berr1:12.928915023803711, berr2:12.447530746459961
 381/500,EPReward: 7.90
comsolReward 2.789807457282822
Episode 382/500, Reward: 3.68, ploss: -89.34062194824219, aloss:-0.027615400031208992, berr1:14.489429473876953, berr2:14.0640869140625
 382/500,EPReward: 3.68
comsolReward 4.015615677591306
Episode 383/500, Reward: 5.52, ploss: -88.64363098144531, aloss:-0.027069315314292908, berr1:12.425291061401367, berr2:11.69375228881836
 383/500,EPReward: 5.52
comsolReward 0.07496574703668751
Episode 384/500, Reward: -0.39, ploss: -88.08150482177734, aloss:-0.02706514485180378, berr1:36.75510787963867, berr2:36.44792175292969
 384/500,EPReward: -0.39
comsolReward 5.461097425942475
Episode 385/500, Reward: 7.69, ploss: -87.028076171875, aloss:-0.027398791164159775, berr1:43.225006103515625, berr2:43.24186325073242
 385/500,EPReward: 7.69
comsolReward 4.152908202195095
Episode 386/500, Reward: 5.73, ploss: -86.94104766845703, aloss:-0.027138441801071167, berr1:39.38880920410156, berr2:39.35638427734375
 386/500,EPReward: 5.73
comsolReward 2.773403968990091
Episode 387/500, Reward: 3.46, ploss: -88.24158477783203, aloss:-0.02515764720737934, berr1:37.5426139831543, berr2:36.816165924072266
 387/500,EPReward: 3.46
comsolReward -0.9603460913641854
Episode 388/500, Reward: -1.46, ploss: -87.5356216430664, aloss:-0.027258001267910004, berr1:14.401144981384277, berr2:12.982137680053711
 388/500,EPReward: -1.46
comsolReward 5.867900882762483
Episode 389/500, Reward: 8.30, ploss: -90.5225830078125, aloss:-0.024490440264344215, berr1:12.20844554901123, berr2:11.36487865447998
 389/500,EPReward: 8.30
comsolReward 3.7421202842780055
Episode 390/500, Reward: 4.91, ploss: -90.60821533203125, aloss:-0.027326714247465134, berr1:10.111421585083008, berr2:10.12663459777832
 390/500,EPReward: 4.91
comsolReward 7.230459579810613
Episode 391/500, Reward: 10.35, ploss: -91.91606140136719, aloss:-0.025103537365794182, berr1:33.587772369384766, berr2:33.99789810180664
 391/500,EPReward: 10.35
comsolReward 4.640111861882804
Episode 392/500, Reward: 6.26, ploss: -91.19434356689453, aloss:-0.024449720978736877, berr1:43.296897888183594, berr2:42.99294662475586
 392/500,EPReward: 6.26
comsolReward 2.697107472653723
Episode 393/500, Reward: 3.55, ploss: -88.50202941894531, aloss:-0.02948153018951416, berr1:36.4024658203125, berr2:35.47775650024414
 393/500,EPReward: 3.55
comsolReward 5.7034095078871765
Episode 394/500, Reward: 8.06, ploss: -88.50827026367188, aloss:-0.029868993908166885, berr1:63.871604919433594, berr2:62.212921142578125
 394/500,EPReward: 8.06
comsolReward 6.227784107197777
Episode 395/500, Reward: 8.84, ploss: -86.65756225585938, aloss:-0.03106251358985901, berr1:12.970937728881836, berr2:12.595551490783691
 395/500,EPReward: 8.84
comsolReward 4.763055271689024
Episode 396/500, Reward: 6.64, ploss: -87.91053771972656, aloss:-0.02949993498623371, berr1:11.18004035949707, berr2:12.059425354003906
 396/500,EPReward: 6.64
comsolReward 4.130822674852408
Episode 397/500, Reward: 5.70, ploss: -87.5910873413086, aloss:-0.03140828758478165, berr1:12.34523868560791, berr2:13.410993576049805
 397/500,EPReward: 5.70
comsolReward 4.683525066455955
Episode 398/500, Reward: 6.53, ploss: -89.42749786376953, aloss:-0.029854997992515564, berr1:16.44054412841797, berr2:16.007671356201172
 398/500,EPReward: 6.53
comsolReward 5.824712480278883
Episode 399/500, Reward: 8.04, ploss: -90.33364868164062, aloss:-0.03210468217730522, berr1:38.664127349853516, berr2:37.88697052001953
 399/500,EPReward: 8.04
comsolReward 3.38632453301966
Episode 400/500, Reward: 4.78, ploss: -91.1911849975586, aloss:-0.030557965859770775, berr1:11.47980785369873, berr2:10.890393257141113
 400/500,EPReward: 4.78
comsolReward 4.817839304067209
Episode 401/500, Reward: 6.93, ploss: -92.54711151123047, aloss:-0.03261980414390564, berr1:37.28681945800781, berr2:38.43899154663086
 401/500,EPReward: 6.93
comsolReward 5.574680342477575
Episode 402/500, Reward: 7.66, ploss: -91.73616027832031, aloss:-0.03386155515909195, berr1:75.24822998046875, berr2:76.7852783203125
 402/500,EPReward: 7.66
comsolReward 0.777319835452517
Episode 403/500, Reward: 0.67, ploss: -91.00366973876953, aloss:-0.035947881639003754, berr1:11.60352897644043, berr2:11.482233047485352
 403/500,EPReward: 0.67
comsolReward 2.181395861088024
Episode 404/500, Reward: 2.77, ploss: -89.68201446533203, aloss:-0.03684428334236145, berr1:43.177799224853516, berr2:42.49380111694336
 404/500,EPReward: 2.77
comsolReward 0.8964363114488587
Episode 405/500, Reward: 0.84, ploss: -90.31568145751953, aloss:-0.03689833730459213, berr1:9.888789176940918, berr2:9.822052001953125
 405/500,EPReward: 0.84
comsolReward 4.013735202207776
Episode 406/500, Reward: 5.32, ploss: -88.15080261230469, aloss:-0.037181027233600616, berr1:11.956611633300781, berr2:11.918170928955078
 406/500,EPReward: 5.32
comsolReward 4.360708604204427
Episode 407/500, Reward: 6.04, ploss: -91.27558898925781, aloss:-0.03380066528916359, berr1:9.944768905639648, berr2:10.738926887512207
 407/500,EPReward: 6.04
comsolReward 7.643031606517422
Episode 408/500, Reward: 10.96, ploss: -89.16836547851562, aloss:-0.03804415091872215, berr1:10.472855567932129, berr2:10.515597343444824
 408/500,EPReward: 10.96
comsolReward -0.9640338758873231
Episode 409/500, Reward: -1.26, ploss: -90.23991394042969, aloss:-0.03884158283472061, berr1:9.737454414367676, berr2:9.555217742919922
 409/500,EPReward: -1.26
comsolReward 1.3571647301703427
Episode 410/500, Reward: 1.54, ploss: -89.52411651611328, aloss:-0.03939229995012283, berr1:64.75997924804688, berr2:64.52140045166016
 410/500,EPReward: 1.54
comsolReward 0.1727480894955731
Episode 411/500, Reward: -0.04, ploss: -91.00039672851562, aloss:-0.03691621497273445, berr1:9.589456558227539, berr2:9.160524368286133
 411/500,EPReward: -0.04
comsolReward 1.3782274707153643
Episode 412/500, Reward: 1.57, ploss: -89.41388702392578, aloss:-0.04163360595703125, berr1:10.089509010314941, berr2:10.177550315856934
 412/500,EPReward: 1.57
comsolReward 4.715845233911841
Episode 413/500, Reward: 6.77, ploss: -91.1930160522461, aloss:-0.03807845339179039, berr1:43.961673736572266, berr2:43.9935302734375
 413/500,EPReward: 6.77
comsolReward 1.6807614316641248
Episode 414/500, Reward: 2.22, ploss: -91.60334777832031, aloss:-0.03768693655729294, berr1:11.255273818969727, berr2:10.9917573928833
 414/500,EPReward: 2.22
comsolReward 4.587115063291409
Episode 415/500, Reward: 6.38, ploss: -90.67131042480469, aloss:-0.03778043016791344, berr1:41.939842224121094, berr2:41.60274887084961
 415/500,EPReward: 6.38
comsolReward -0.0938667485132752
Episode 416/500, Reward: -0.59, ploss: -90.2262954711914, aloss:-0.03863956034183502, berr1:10.110161781311035, berr2:10.19940185546875
 416/500,EPReward: -0.59
comsolReward 5.302812193912957
Episode 417/500, Reward: 7.25, ploss: -90.10301971435547, aloss:-0.0409516915678978, berr1:13.446128845214844, berr2:13.91658878326416
 417/500,EPReward: 7.25
comsolReward 5.807178178730754
Episode 418/500, Reward: 8.21, ploss: -89.85551452636719, aloss:-0.041944511234760284, berr1:36.28524398803711, berr2:36.186363220214844
 418/500,EPReward: 8.21
comsolReward 0.4827452322129399
Episode 419/500, Reward: 0.22, ploss: -91.33999633789062, aloss:-0.04147530719637871, berr1:42.270267486572266, berr2:42.4273681640625
 419/500,EPReward: 0.22
comsolReward 3.8601897052014014
Episode 420/500, Reward: 5.29, ploss: -91.39154052734375, aloss:-0.03985728323459625, berr1:13.494922637939453, berr2:13.167562484741211
 420/500,EPReward: 5.29
comsolReward 5.841763978811341
Episode 421/500, Reward: 8.26, ploss: -91.51651763916016, aloss:-0.040063098073005676, berr1:38.16840362548828, berr2:38.48541259765625
 421/500,EPReward: 8.26
comsolReward -1.2614429978825359
Episode 422/500, Reward: -1.76, ploss: -92.47402954101562, aloss:-0.03901581093668938, berr1:7.815340518951416, berr2:7.791184425354004
 422/500,EPReward: -1.76
comsolReward 2.4201760094501075
Episode 423/500, Reward: 3.13, ploss: -92.14461517333984, aloss:-0.03809785842895508, berr1:69.91686248779297, berr2:69.99967956542969
 423/500,EPReward: 3.13
comsolReward 1.5430111132093207
Episode 424/500, Reward: 1.81, ploss: -90.8226089477539, aloss:-0.040610671043395996, berr1:33.832313537597656, berr2:33.80451965332031
 424/500,EPReward: 1.81
comsolReward -0.48984599268643897
Episode 425/500, Reward: -0.99, ploss: -88.93789672851562, aloss:-0.043745722621679306, berr1:45.299415588378906, berr2:44.82339096069336
 425/500,EPReward: -0.99
comsolReward 8.411797899649843
Episode 426/500, Reward: 12.12, ploss: -89.61343383789062, aloss:-0.0393596887588501, berr1:39.37444305419922, berr2:39.06739044189453
 426/500,EPReward: 12.12
comsolReward 2.04804252225284
Episode 427/500, Reward: 2.57, ploss: -88.7913818359375, aloss:-0.04155593737959862, berr1:14.483384132385254, berr2:14.487828254699707
 427/500,EPReward: 2.57
comsolReward 1.632706473938099
Episode 428/500, Reward: 1.95, ploss: -88.7892074584961, aloss:-0.042172256857156754, berr1:73.56039428710938, berr2:72.96065521240234
 428/500,EPReward: 1.95
comsolReward 2.4553052471243446
Episode 429/500, Reward: 3.18, ploss: -89.9738998413086, aloss:-0.036710284650325775, berr1:35.64544677734375, berr2:35.80280303955078
 429/500,EPReward: 3.18
comsolReward 4.660426121421577
Episode 430/500, Reward: 6.49, ploss: -90.42147064208984, aloss:-0.03558154031634331, berr1:75.65831756591797, berr2:75.44148254394531
 430/500,EPReward: 6.49
comsolReward 3.22706282007462
Episode 431/500, Reward: 4.54, ploss: -91.59395599365234, aloss:-0.03189621493220329, berr1:14.909185409545898, berr2:14.586923599243164
 431/500,EPReward: 4.54
comsolReward -2.248528725049036
Episode 432/500, Reward: -2.75, ploss: -91.29742431640625, aloss:-0.03336244821548462, berr1:11.793807029724121, berr2:11.132171630859375
 432/500,EPReward: -2.75
comsolReward 5.7020277531671875
Episode 433/500, Reward: 7.85, ploss: -93.89543914794922, aloss:-0.031915996223688126, berr1:39.62889099121094, berr2:39.69417953491211
 433/500,EPReward: 7.85
comsolReward 6.908337994728467
Episode 434/500, Reward: 9.86, ploss: -94.08358001708984, aloss:-0.030289635062217712, berr1:9.941197395324707, berr2:9.954306602478027
 434/500,EPReward: 9.86
comsolReward 0.8061265558764658
Episode 435/500, Reward: 0.51, ploss: -94.60114288330078, aloss:-0.02985045127570629, berr1:11.061006546020508, berr2:10.969915390014648
 435/500,EPReward: 0.51
comsolReward 5.728151203599731
Episode 436/500, Reward: 8.09, ploss: -93.02252197265625, aloss:-0.032712485641241074, berr1:46.76482391357422, berr2:46.63888168334961
 436/500,EPReward: 8.09
comsolReward 7.5753328458593225
Episode 437/500, Reward: 10.86, ploss: -93.12509155273438, aloss:-0.029188325628638268, berr1:44.5445442199707, berr2:44.109947204589844
 437/500,EPReward: 10.86
comsolReward 2.875236115835878
Episode 438/500, Reward: 3.81, ploss: -92.37738800048828, aloss:-0.028813540935516357, berr1:10.275714874267578, berr2:10.113454818725586
 438/500,EPReward: 3.81
comsolReward 1.065041317208483
Episode 439/500, Reward: 1.10, ploss: -91.49967193603516, aloss:-0.026658032089471817, berr1:11.500353813171387, berr2:11.613382339477539
 439/500,EPReward: 1.10
comsolReward 2.1525739082409325
Episode 440/500, Reward: 2.73, ploss: -90.78948974609375, aloss:-0.03314194083213806, berr1:11.139792442321777, berr2:11.77524471282959
 440/500,EPReward: 2.73
comsolReward 7.1431308090174515
Episode 441/500, Reward: 10.21, ploss: -92.103271484375, aloss:-0.029813311994075775, berr1:13.534859657287598, berr2:13.609750747680664
 441/500,EPReward: 10.21
comsolReward 3.1303754178522696
Episode 442/500, Reward: 4.20, ploss: -92.2477798461914, aloss:-0.029872288927435875, berr1:42.000709533691406, berr2:41.716766357421875
 442/500,EPReward: 4.20
comsolReward 1.8215142806129976
Episode 443/500, Reward: 2.23, ploss: -90.81690216064453, aloss:-0.0341707281768322, berr1:76.55501556396484, berr2:76.49668884277344
 443/500,EPReward: 2.23
comsolReward 1.9466568779256384
Episode 444/500, Reward: 2.42, ploss: -90.49284362792969, aloss:-0.03246608376502991, berr1:13.057609558105469, berr2:12.300548553466797
 444/500,EPReward: 2.42
comsolReward 2.8653628217091245
Episode 445/500, Reward: 3.60, ploss: -93.05136108398438, aloss:-0.02920539490878582, berr1:9.542444229125977, berr2:8.943572998046875
 445/500,EPReward: 3.60
comsolReward 5.2932313668185715
Episode 446/500, Reward: 7.64, ploss: -94.4336929321289, aloss:-0.028583116829395294, berr1:8.898951530456543, berr2:8.676311492919922
 446/500,EPReward: 7.64
comsolReward 6.146615647848543
Episode 447/500, Reward: 8.92, ploss: -94.67496490478516, aloss:-0.026300698518753052, berr1:10.672391891479492, berr2:10.725927352905273
 447/500,EPReward: 8.92
comsolReward 3.524948762138922
Episode 448/500, Reward: 4.79, ploss: -94.94132232666016, aloss:-0.027944043278694153, berr1:8.271744728088379, berr2:8.070690155029297
 448/500,EPReward: 4.79
comsolReward 6.182017896951703
Episode 449/500, Reward: 8.77, ploss: -92.76582336425781, aloss:-0.030601581558585167, berr1:31.590534210205078, berr2:31.123050689697266
 449/500,EPReward: 8.77
comsolReward 4.898541558715225
Episode 450/500, Reward: 6.85, ploss: -94.51979064941406, aloss:-0.02770456299185753, berr1:7.620804786682129, berr2:7.397013187408447
 450/500,EPReward: 6.85
comsolReward 4.173453094181712
Episode 451/500, Reward: 5.56, ploss: -93.81763458251953, aloss:-0.026418251916766167, berr1:38.856201171875, berr2:38.899959564208984
 451/500,EPReward: 5.56
comsolReward -2.3927392549798294
Episode 452/500, Reward: -2.89, ploss: -92.86251831054688, aloss:-0.024550316855311394, berr1:11.852259635925293, berr2:11.762604713439941
 452/500,EPReward: -2.89
comsolReward 6.627558990844441
Episode 453/500, Reward: 9.44, ploss: -93.06202697753906, aloss:-0.025154951959848404, berr1:44.1552619934082, berr2:44.12362289428711
 453/500,EPReward: 9.44
comsolReward 1.630007232005822
Episode 454/500, Reward: 1.95, ploss: -92.26206970214844, aloss:-0.027874454855918884, berr1:41.64443588256836, berr2:41.350669860839844
 454/500,EPReward: 1.95
comsolReward 9.314905395071492
Episode 455/500, Reward: 13.27, ploss: -92.46460723876953, aloss:-0.028123989701271057, berr1:9.310047149658203, berr2:8.919787406921387
 455/500,EPReward: 13.27
comsolReward -2.1673242939435493
Episode 456/500, Reward: -2.67, ploss: -93.7146987915039, aloss:-0.023378081619739532, berr1:10.323721885681152, berr2:9.587913513183594
 456/500,EPReward: -2.67
comsolReward 6.221223377085725
Episode 457/500, Reward: 8.83, ploss: -92.60073852539062, aloss:-0.027688030153512955, berr1:10.663460731506348, berr2:10.216416358947754
 457/500,EPReward: 8.83
comsolReward 7.6938700306311265
Episode 458/500, Reward: 10.84, ploss: -95.38206481933594, aloss:-0.02266932651400566, berr1:10.200681686401367, berr2:10.140998840332031
 458/500,EPReward: 10.84
comsolReward 11.76768905041055
Episode 459/500, Reward: 17.15, ploss: -96.35862731933594, aloss:-0.02012541890144348, berr1:10.245004653930664, berr2:10.093182563781738
 459/500,EPReward: 17.15
comsolReward -1.4132829945754404
Episode 460/500, Reward: -1.91, ploss: -93.9571304321289, aloss:-0.02460596337914467, berr1:43.60852813720703, berr2:43.34231185913086
 460/500,EPReward: -1.91
comsolReward 2.387721637220699
Episode 461/500, Reward: 3.08, ploss: -94.44603729248047, aloss:-0.022385692223906517, berr1:12.0878267288208, berr2:11.411959648132324
 461/500,EPReward: 3.08
comsolReward 3.233650507969898
Episode 462/500, Reward: 4.35, ploss: -92.97721862792969, aloss:-0.0223674476146698, berr1:76.38969421386719, berr2:75.05032348632812
 462/500,EPReward: 4.35
comsolReward 0.37286664384788876
Episode 463/500, Reward: -0.14, ploss: -92.19209289550781, aloss:-0.02251901477575302, berr1:12.3510103225708, berr2:12.243228912353516
 463/500,EPReward: -0.14
comsolReward 1.736971698524804
Episode 464/500, Reward: 2.11, ploss: -93.43740844726562, aloss:-0.018699144944548607, berr1:11.860525131225586, berr2:12.302743911743164
 464/500,EPReward: 2.11
comsolReward 5.292755440518388
Episode 465/500, Reward: 7.44, ploss: -93.51142883300781, aloss:-0.01769857667386532, berr1:12.676103591918945, berr2:12.886713027954102
 465/500,EPReward: 7.44
comsolReward 7.759380009371581
Episode 466/500, Reward: 11.14, ploss: -93.63782501220703, aloss:-0.015247436240315437, berr1:15.902727127075195, berr2:15.350029945373535
 466/500,EPReward: 11.14
comsolReward 7.444386004925823
Episode 467/500, Reward: 10.67, ploss: -92.17400360107422, aloss:-0.02261531539261341, berr1:10.26707935333252, berr2:9.781436920166016
 467/500,EPReward: 10.67
comsolReward 8.879600184968542
Episode 468/500, Reward: 12.82, ploss: -94.72542572021484, aloss:-0.015252258628606796, berr1:72.12381744384766, berr2:72.27725219726562
 468/500,EPReward: 12.82
comsolReward 3.1434194959189563
Episode 469/500, Reward: 4.22, ploss: -93.83917999267578, aloss:-0.019603151828050613, berr1:9.394954681396484, berr2:9.325420379638672
 469/500,EPReward: 4.22
comsolReward 0.7701801407008502
Episode 470/500, Reward: 0.46, ploss: -93.70932006835938, aloss:-0.020959636196494102, berr1:12.163603782653809, berr2:11.927867889404297
 470/500,EPReward: 0.46
comsolReward 2.9807420439455132
Episode 471/500, Reward: 3.97, ploss: -93.54315948486328, aloss:-0.0218987837433815, berr1:9.654626846313477, berr2:9.651914596557617
 471/500,EPReward: 3.97
comsolReward 5.02642319650148
Episode 472/500, Reward: 7.04, ploss: -95.15374755859375, aloss:-0.019398285076022148, berr1:11.149161338806152, berr2:10.740081787109375
 472/500,EPReward: 7.04
comsolReward 3.810421912092343
Episode 473/500, Reward: 5.22, ploss: -93.40823364257812, aloss:-0.021419428288936615, berr1:10.970325469970703, berr2:10.62533187866211
 473/500,EPReward: 5.22
comsolReward 9.936907361627002
Episode 474/500, Reward: 14.41, ploss: -92.40589141845703, aloss:-0.026551352813839912, berr1:8.725217819213867, berr2:8.737114906311035
 474/500,EPReward: 14.41
comsolReward -0.18524409243519255
Episode 475/500, Reward: -0.89, ploss: -92.48117065429688, aloss:-0.02098621241748333, berr1:41.086212158203125, berr2:41.16832733154297
 475/500,EPReward: -0.89
comsolReward 4.777609132072673
Episode 476/500, Reward: 6.87, ploss: -93.4388656616211, aloss:-0.02479991316795349, berr1:9.625936508178711, berr2:9.433101654052734
 476/500,EPReward: 6.87
comsolReward 4.828345558602047
Episode 477/500, Reward: 6.74, ploss: -94.58983612060547, aloss:-0.02015131711959839, berr1:11.814630508422852, berr2:11.623310089111328
 477/500,EPReward: 6.74
comsolReward 4.0412330982658595
Episode 478/500, Reward: 5.36, ploss: -94.80658721923828, aloss:-0.021951770409941673, berr1:8.044694900512695, berr2:7.763474464416504
 478/500,EPReward: 5.36
comsolReward 2.929639333644609
Episode 479/500, Reward: 3.89, ploss: -94.69326782226562, aloss:-0.022653020918369293, berr1:11.179946899414062, berr2:10.627093315124512
 479/500,EPReward: 3.89
comsolReward 12.201807420433193
Episode 480/500, Reward: 17.80, ploss: -94.35176086425781, aloss:-0.026853682473301888, berr1:11.79322624206543, berr2:11.398795127868652
 480/500,EPReward: 17.80
comsolReward 7.167695255814615
Episode 481/500, Reward: 10.25, ploss: -95.77851867675781, aloss:-0.02629939466714859, berr1:46.20406723022461, berr2:46.665184020996094
 481/500,EPReward: 10.25
comsolReward 6.471070914816145
Episode 482/500, Reward: 9.21, ploss: -95.05034637451172, aloss:-0.02784649096429348, berr1:8.556598663330078, berr2:8.410492897033691
 482/500,EPReward: 9.21
comsolReward 4.44764607058444
Episode 483/500, Reward: 6.17, ploss: -95.2190933227539, aloss:-0.027926677837967873, berr1:11.45892333984375, berr2:11.212966918945312
 483/500,EPReward: 6.17
comsolReward 0.22260755278215905
Episode 484/500, Reward: -0.17, ploss: -93.7441635131836, aloss:-0.03389427065849304, berr1:13.41629409790039, berr2:12.835357666015625
 484/500,EPReward: -0.17
comsolReward -0.9603460913641854
Episode 485/500, Reward: -1.66, ploss: -96.72055053710938, aloss:-0.026231935247778893, berr1:9.23975658416748, berr2:9.208518028259277
 485/500,EPReward: -1.66
comsolReward 6.0422936364497195
Episode 486/500, Reward: 8.56, ploss: -96.12767028808594, aloss:-0.02904619835317135, berr1:11.891860961914062, berr2:12.019256591796875
 486/500,EPReward: 8.56
comsolReward 3.3436733718416765
Episode 487/500, Reward: 4.72, ploss: -95.65037536621094, aloss:-0.03147261217236519, berr1:9.969342231750488, berr2:9.913193702697754
 487/500,EPReward: 4.72
comsolReward 5.030943566462996
Episode 488/500, Reward: 7.05, ploss: -96.3044204711914, aloss:-0.03147071227431297, berr1:9.35348892211914, berr2:9.280827522277832
 488/500,EPReward: 7.05
comsolReward 2.404255216439246
Episode 489/500, Reward: 3.11, ploss: -96.09523010253906, aloss:-0.03227774053812027, berr1:10.441194534301758, berr2:10.29384994506836
 489/500,EPReward: 3.11
comsolReward 2.9488141851663703
Episode 490/500, Reward: 3.92, ploss: -96.58863067626953, aloss:-0.031171156093478203, berr1:11.536964416503906, berr2:11.358031272888184
 490/500,EPReward: 3.92
comsolReward 1.9865133843055622
Episode 491/500, Reward: 2.48, ploss: -96.70198822021484, aloss:-0.03295058384537697, berr1:11.249455451965332, berr2:10.763809204101562
 491/500,EPReward: 2.48
comsolReward 4.179038448316481
Episode 492/500, Reward: 5.77, ploss: -95.40766906738281, aloss:-0.03341105580329895, berr1:8.94416332244873, berr2:8.626944541931152
 492/500,EPReward: 5.77
comsolReward 8.463955725184501
Episode 493/500, Reward: 12.20, ploss: -94.97911071777344, aloss:-0.03252384811639786, berr1:46.91213607788086, berr2:46.66553497314453
 493/500,EPReward: 12.20
comsolReward 7.565460614181854
Episode 494/500, Reward: 10.85, ploss: -96.07842254638672, aloss:-0.03666985034942627, berr1:12.546103477478027, berr2:12.308683395385742
 494/500,EPReward: 10.85
comsolReward 3.8575684699826422
Episode 495/500, Reward: 5.29, ploss: -96.3448486328125, aloss:-0.03439445048570633, berr1:10.245773315429688, berr2:10.076408386230469
 495/500,EPReward: 5.29
comsolReward 3.788517022239439
Episode 496/500, Reward: 5.18, ploss: -97.25370025634766, aloss:-0.034869998693466187, berr1:9.29548454284668, berr2:9.365259170532227
 496/500,EPReward: 5.18
comsolReward 1.5895603975709391
Episode 497/500, Reward: 1.88, ploss: -96.43770599365234, aloss:-0.033445805311203, berr1:40.97502517700195, berr2:40.8005485534668
 497/500,EPReward: 1.88
comsolReward 2.904294327137429
Episode 498/500, Reward: 3.86, ploss: -95.69680786132812, aloss:-0.036179762333631516, berr1:14.047926902770996, berr2:13.500807762145996
 498/500,EPReward: 3.86
comsolReward 7.029843388824109
Episode 499/500, Reward: 10.04, ploss: -98.08167266845703, aloss:-0.03336431831121445, berr1:11.724868774414062, berr2:11.723221778869629
 499/500,EPReward: 10.04
comsolReward 8.667143013558292
Episode 500/500, Reward: 12.50, ploss: -96.13185119628906, aloss:-0.03978199511766434, berr1:9.90644645690918, berr2:9.731561660766602
 500/500,EPReward: 12.50
Training complete. History saved to training_data_history.npy
