nohup: ignoring input
Gym has been unmaintained since 2022 and does not support NumPy 2.0 amongst other critical functionality.
Please upgrade to Gymnasium, the maintained drop-in replacement of Gym, or contact the authors of your software and request that they upgrade.
Users of this version of Gym should be able to simply replace 'import gym' with 'import gymnasium as gym' in the vast majority of cases.
See the migration guide at https://gymnasium.farama.org/introduction/migration_guide/ for additional information.
<frozen importlib._bootstrap>:491: RuntimeWarning: The global interpreter lock (GIL) has been enabled to load module 'triton._C.libtriton', which has not declared that it can run safely without the GIL. To override this behavior and keep the GIL disabled (at your own risk), run with PYTHON_GIL=0 or -Xgil=0.
start training
comsolReward 3.6625143425891453
Episode 1/500, Reward: 4.99, ploss: -62.387020111083984, aloss:-0.0, berr1:4.49251651763916, berr2:5.340484619140625
 1/500,EPReward: 4.99
comsolReward 5.409314941134582
Episode 2/500, Reward: 7.61, ploss: -62.14818572998047, aloss:-5.468640665640123e-06, berr1:2.4061434268951416, berr2:2.3489348888397217
 2/500,EPReward: 7.61
comsolReward 5.095967673480979
Episode 3/500, Reward: 7.14, ploss: -63.6480827331543, aloss:-1.759428960212972e-05, berr1:3.624518871307373, berr2:3.3582396507263184
 3/500,EPReward: 7.14
comsolReward 4.312468715612186
Episode 4/500, Reward: 5.97, ploss: -64.06464385986328, aloss:-6.575344013981521e-05, berr1:3.045882225036621, berr2:3.2308690547943115
 4/500,EPReward: 5.97
comsolReward -0.2539028219004712
Episode 5/500, Reward: -0.75, ploss: -65.16743469238281, aloss:-0.0001776217541191727, berr1:22.275226593017578, berr2:22.073726654052734
 5/500,EPReward: -0.75
comsolReward 2.4504682140062277
Episode 6/500, Reward: 3.18, ploss: -63.0830192565918, aloss:-0.00036953046219423413, berr1:6.598636150360107, berr2:6.592551231384277
 6/500,EPReward: 3.18
comsolReward 3.199002297218811
Episode 7/500, Reward: 4.30, ploss: -63.89134979248047, aloss:-0.0005636365967802703, berr1:6.009479999542236, berr2:5.954280853271484
 7/500,EPReward: 4.30
comsolReward 0.03414000127914056
Episode 8/500, Reward: -0.45, ploss: -61.998653411865234, aloss:-0.0007043250370770693, berr1:25.20867156982422, berr2:25.02779197692871
 8/500,EPReward: -0.45
comsolReward 5.836616562077106
Episode 9/500, Reward: 8.05, ploss: -62.4234733581543, aloss:-0.0006391240749508142, berr1:18.824697494506836, berr2:19.061094284057617
 9/500,EPReward: 8.05
comsolReward 3.6813068320267326
Episode 10/500, Reward: 5.02, ploss: -62.35838317871094, aloss:-0.00041330367093905807, berr1:24.214384078979492, berr2:23.929506301879883
 10/500,EPReward: 5.02
comsolReward 0.4854790111036532
Episode 11/500, Reward: 0.23, ploss: -61.87644958496094, aloss:-0.0002795624895952642, berr1:8.632105827331543, berr2:8.479557037353516
 11/500,EPReward: 0.23
comsolReward 4.241331875411509
Episode 12/500, Reward: 5.86, ploss: -62.63044357299805, aloss:-0.0002364171959925443, berr1:8.009421348571777, berr2:7.857186317443848
 12/500,EPReward: 5.86
comsolReward 4.4265025422883415
Episode 13/500, Reward: 6.14, ploss: -62.17784118652344, aloss:-0.00021066621411591768, berr1:20.793670654296875, berr2:20.811538696289062
 13/500,EPReward: 6.14
comsolReward 2.6183254671887353
Episode 14/500, Reward: 3.43, ploss: -62.887977600097656, aloss:-0.0001991835597436875, berr1:21.32733917236328, berr2:21.426937103271484
 14/500,EPReward: 3.43
comsolReward 3.8880037289110883
Episode 15/500, Reward: 5.33, ploss: -64.8036117553711, aloss:-0.0001236859243363142, berr1:16.405460357666016, berr2:16.557533264160156
 15/500,EPReward: 5.33
comsolReward 4.387277051824613
Episode 16/500, Reward: 6.08, ploss: -62.67792510986328, aloss:-0.00025823243777267635, berr1:19.70730972290039, berr2:19.906829833984375
 16/500,EPReward: 6.08
comsolReward 5.138088286630815
Episode 17/500, Reward: 7.41, ploss: -64.58554077148438, aloss:-0.00022314069792628288, berr1:17.67357063293457, berr2:17.845903396606445
 17/500,EPReward: 7.41
comsolReward 2.814333565759882
Episode 18/500, Reward: 3.72, ploss: -61.379188537597656, aloss:-0.00040489138336852193, berr1:5.153100967407227, berr2:5.205570697784424
 18/500,EPReward: 3.72
comsolReward 5.927296089273829
Episode 19/500, Reward: 8.39, ploss: -65.20990753173828, aloss:-0.0002699666074477136, berr1:5.749765396118164, berr2:5.721224308013916
 19/500,EPReward: 8.39
comsolReward 7.29019016492685
Episode 20/500, Reward: 10.24, ploss: -63.80162811279297, aloss:-0.000395406037569046, berr1:7.410634994506836, berr2:7.286181449890137
 20/500,EPReward: 10.24
comsolReward 2.1612381609784768
Episode 21/500, Reward: 2.54, ploss: -64.9629135131836, aloss:-0.000407313258619979, berr1:15.500680923461914, berr2:15.707517623901367
 21/500,EPReward: 2.54
comsolReward 7.893912548246876
Episode 22/500, Reward: 11.34, ploss: -65.11849975585938, aloss:-0.0005074484506621957, berr1:6.95046329498291, berr2:6.811281681060791
 22/500,EPReward: 11.34
comsolReward 4.66673768651586
Episode 23/500, Reward: 6.50, ploss: -65.57981872558594, aloss:-0.000803756236564368, berr1:4.984613418579102, berr2:4.825479507446289
 23/500,EPReward: 6.50
comsolReward 5.426676046101783
Episode 24/500, Reward: 7.64, ploss: -64.45775604248047, aloss:-0.0011844313703477383, berr1:6.252335548400879, berr2:6.276448726654053
 24/500,EPReward: 7.64
comsolReward 6.22999487787879
Episode 25/500, Reward: 9.04, ploss: -66.25222778320312, aloss:-0.001381024601869285, berr1:5.727066516876221, berr2:5.896228313446045
 25/500,EPReward: 9.04
comsolReward 5.977160377340008
Episode 26/500, Reward: 8.47, ploss: -66.42125701904297, aloss:-0.0019801114685833454, berr1:20.407405853271484, berr2:20.53812026977539
 26/500,EPReward: 8.47
comsolReward 4.260328582927668
Episode 27/500, Reward: 5.89, ploss: -66.4029769897461, aloss:-0.0024982490576803684, berr1:6.997716903686523, berr2:7.034557819366455
 27/500,EPReward: 5.89
comsolReward -1.870316586874966
Episode 28/500, Reward: -2.37, ploss: -66.39529418945312, aloss:-0.0030134355183690786, berr1:6.722964286804199, berr2:6.817717552185059
 28/500,EPReward: -2.37
comsolReward 1.148182135070825
Episode 29/500, Reward: 1.22, ploss: -66.98646545410156, aloss:-0.003674842184409499, berr1:20.888999938964844, berr2:20.754446029663086
 29/500,EPReward: 1.22
comsolReward -0.5492673460202474
Episode 30/500, Reward: -1.05, ploss: -65.76261901855469, aloss:-0.004268950782716274, berr1:7.870551109313965, berr2:7.735953330993652
 30/500,EPReward: -1.05
comsolReward 0.5989771533263142
Episode 31/500, Reward: 0.40, ploss: -64.77815246582031, aloss:-0.004863844718784094, berr1:8.551297187805176, berr2:8.767457962036133
 31/500,EPReward: 0.40
comsolReward 2.77628217378687
Episode 32/500, Reward: 3.66, ploss: -62.53132247924805, aloss:-0.005590440705418587, berr1:7.496520519256592, berr2:7.774530410766602
 32/500,EPReward: 3.66
comsolReward 1.6778870343579668
Episode 33/500, Reward: 2.02, ploss: -66.29706573486328, aloss:-0.005995003040879965, berr1:6.676565647125244, berr2:6.701074123382568
 33/500,EPReward: 2.02
comsolReward 0.5554983030818632
Episode 34/500, Reward: 0.33, ploss: -65.18402862548828, aloss:-0.006690241862088442, berr1:9.044595718383789, berr2:8.896291732788086
 34/500,EPReward: 0.33
comsolReward 1.4878021619984603
Episode 35/500, Reward: 1.73, ploss: -67.02253723144531, aloss:-0.0071874335408210754, berr1:7.528635025024414, berr2:7.513969898223877
 35/500,EPReward: 1.73
comsolReward 3.360882301989437
Episode 36/500, Reward: 4.54, ploss: -66.48361206054688, aloss:-0.007775365374982357, berr1:6.906159400939941, berr2:6.889533042907715
 36/500,EPReward: 4.54
comsolReward -1.0881874099731097
Episode 37/500, Reward: -1.59, ploss: -67.18021392822266, aloss:-0.008222829550504684, berr1:7.303661346435547, berr2:7.272599220275879
 37/500,EPReward: -1.59
comsolReward -2.107253210801196
Episode 38/500, Reward: -2.61, ploss: -67.79861450195312, aloss:-0.008603490889072418, berr1:7.2847676277160645, berr2:7.420382976531982
 38/500,EPReward: -2.61
comsolReward 0.5097645798242392
Episode 39/500, Reward: 0.26, ploss: -66.25823974609375, aloss:-0.009106394834816456, berr1:9.390716552734375, berr2:9.231758117675781
 39/500,EPReward: 0.26
comsolReward 2.0998747882485325
Episode 40/500, Reward: 2.65, ploss: -65.89154052734375, aloss:-0.009411177597939968, berr1:20.2677001953125, berr2:20.043046951293945
 40/500,EPReward: 2.65
comsolReward 2.3225389371472906
Episode 41/500, Reward: 2.98, ploss: -65.43590545654297, aloss:-0.009641005657613277, berr1:18.10982894897461, berr2:18.02525520324707
 41/500,EPReward: 2.98
comsolReward -1.870316586874966
Episode 42/500, Reward: -2.37, ploss: -66.26067352294922, aloss:-0.009867798537015915, berr1:7.25425386428833, berr2:7.504376411437988
 42/500,EPReward: -2.37
comsolReward -0.9058976271201145
Episode 43/500, Reward: -1.41, ploss: -66.20418548583984, aloss:-0.009957664646208286, berr1:23.18404769897461, berr2:23.10326385498047
 43/500,EPReward: -1.41
comsolReward 2.3101077428866024
Episode 44/500, Reward: 2.97, ploss: -64.73218536376953, aloss:-0.009885668754577637, berr1:7.704216480255127, berr2:7.872842788696289
 44/500,EPReward: 2.97
comsolReward 2.745440298475714
Episode 45/500, Reward: 3.82, ploss: -65.58708190917969, aloss:-0.009468380361795425, berr1:7.788051605224609, berr2:7.756977558135986
 45/500,EPReward: 3.82
comsolReward 3.9778238755457638
Episode 46/500, Reward: 5.47, ploss: -66.00311279296875, aloss:-0.008709950372576714, berr1:9.317212104797363, berr2:9.152868270874023
 46/500,EPReward: 5.47
comsolReward -0.7307119357115832
Episode 47/500, Reward: -1.23, ploss: -65.58905029296875, aloss:-0.007776899263262749, berr1:7.348452568054199, berr2:7.454029560089111
 47/500,EPReward: -1.23
comsolReward 3.1957197309021277
Episode 48/500, Reward: 4.09, ploss: -65.87905883789062, aloss:-0.00639638165012002, berr1:6.933034420013428, berr2:7.031363487243652
 48/500,EPReward: 4.09
comsolReward 6.725045554598114
Episode 49/500, Reward: 9.59, ploss: -68.693115234375, aloss:-0.004407391883432865, berr1:6.215569972991943, berr2:6.6244282722473145
 49/500,EPReward: 9.59
comsolReward 7.067811107538866
Episode 50/500, Reward: 10.10, ploss: -68.25456237792969, aloss:-0.003508484223857522, berr1:8.382966995239258, berr2:8.531096458435059
 50/500,EPReward: 10.10
comsolReward 5.747380927182605
Episode 51/500, Reward: 8.12, ploss: -65.84880828857422, aloss:-0.0030917914118617773, berr1:8.309643745422363, berr2:8.481205940246582
 51/500,EPReward: 8.12
comsolReward 0.7025136780065271
Episode 52/500, Reward: 0.55, ploss: -66.89445495605469, aloss:-0.002612677402794361, berr1:26.32811164855957, berr2:26.174169540405273
 52/500,EPReward: 0.55
comsolReward 2.8414280627490696
Episode 53/500, Reward: 3.76, ploss: -66.8023452758789, aloss:-0.0022843116894364357, berr1:7.512424468994141, berr2:7.546123504638672
 53/500,EPReward: 3.76
comsolReward 6.582543689601846
Episode 54/500, Reward: 9.37, ploss: -66.87285614013672, aloss:-0.0021109634544700384, berr1:22.020051956176758, berr2:22.067594528198242
 54/500,EPReward: 9.37
comsolReward 3.7461793460357375
Episode 55/500, Reward: 4.92, ploss: -64.98934173583984, aloss:-0.0023565609008073807, berr1:7.1862077713012695, berr2:7.192234992980957
 55/500,EPReward: 4.92
comsolReward 5.648312819649339
Episode 56/500, Reward: 7.97, ploss: -67.117919921875, aloss:-0.001685903174802661, berr1:8.371135711669922, berr2:8.642427444458008
 56/500,EPReward: 7.97
comsolReward 2.721664418143013
Episode 57/500, Reward: 3.58, ploss: -64.19744873046875, aloss:-0.0022011487744748592, berr1:8.450493812561035, berr2:8.53390884399414
 57/500,EPReward: 3.58
comsolReward 1.905013754437844
Episode 58/500, Reward: 2.36, ploss: -66.63985443115234, aloss:-0.0015970496460795403, berr1:7.133641719818115, berr2:7.08314323425293
 58/500,EPReward: 2.36
comsolReward 2.595464131232736
Episode 59/500, Reward: 3.39, ploss: -67.85865783691406, aloss:-0.0013031442649662495, berr1:7.87804651260376, berr2:7.977077960968018
 59/500,EPReward: 3.39
comsolReward 5.065730402190636
Episode 60/500, Reward: 7.10, ploss: -68.3925552368164, aloss:-0.0010551093146204948, berr1:25.3297119140625, berr2:25.460451126098633
 60/500,EPReward: 7.10
comsolReward 4.22755579263278
Episode 61/500, Reward: 6.04, ploss: -67.71819305419922, aloss:-0.001241748919710517, berr1:6.082544326782227, berr2:6.081355094909668
 61/500,EPReward: 6.04
comsolReward 1.833473168093926
Episode 62/500, Reward: 2.05, ploss: -67.77384948730469, aloss:-0.0009026098414324224, berr1:7.155669212341309, berr2:7.199053764343262
 62/500,EPReward: 2.05
comsolReward 4.058723423764318
Episode 63/500, Reward: 5.59, ploss: -65.64107513427734, aloss:-0.0011075424263253808, berr1:8.169921875, berr2:8.333362579345703
 63/500,EPReward: 5.59
comsolReward 3.1324863540032832
Episode 64/500, Reward: 4.40, ploss: -67.49610900878906, aloss:-0.0008406720007769763, berr1:24.9196720123291, berr2:24.84906578063965
 64/500,EPReward: 4.40
comsolReward 6.58557984415795
Episode 65/500, Reward: 9.58, ploss: -67.5762939453125, aloss:-0.0007231953786686063, berr1:7.147580146789551, berr2:7.058797836303711
 65/500,EPReward: 9.58
comsolReward 4.271536893544203
Episode 66/500, Reward: 5.91, ploss: -64.98299407958984, aloss:-0.0010274985106661916, berr1:7.487765312194824, berr2:7.558433532714844
 66/500,EPReward: 5.91
comsolReward 2.0546792330657935
Episode 67/500, Reward: 2.58, ploss: -66.65996551513672, aloss:-0.001239670324139297, berr1:7.848995208740234, berr2:8.113567352294922
 67/500,EPReward: 2.58
comsolReward 9.715585966998706
Episode 68/500, Reward: 14.07, ploss: -66.04608917236328, aloss:-0.0007606637082062662, berr1:8.957292556762695, berr2:8.661383628845215
 68/500,EPReward: 14.07
comsolReward 7.960698526756303
Episode 69/500, Reward: 11.44, ploss: -67.43545532226562, aloss:-0.0008894294733181596, berr1:24.603626251220703, berr2:24.68376350402832
 69/500,EPReward: 11.44
comsolReward 5.608305674661105
Episode 70/500, Reward: 7.91, ploss: -66.92804718017578, aloss:-0.0009024241589941084, berr1:7.193743705749512, berr2:7.196511268615723
 70/500,EPReward: 7.91
comsolReward 5.259796606093325
Episode 71/500, Reward: 7.39, ploss: -66.4800033569336, aloss:-0.0008566338801756501, berr1:8.782525062561035, berr2:8.809213638305664
 71/500,EPReward: 7.39
comsolReward 1.819998128110725
Episode 72/500, Reward: 2.43, ploss: -68.76213073730469, aloss:-0.0006930194795131683, berr1:7.257693767547607, berr2:7.230033874511719
 72/500,EPReward: 2.43
comsolReward 7.736133377683624
Episode 73/500, Reward: 10.90, ploss: -68.74625396728516, aloss:-0.0009707663557492197, berr1:9.179967880249023, berr2:9.218356132507324
 73/500,EPReward: 10.90
comsolReward 3.94375087095181
Episode 74/500, Reward: 5.42, ploss: -68.25758361816406, aloss:-0.0009651655564084649, berr1:8.906234741210938, berr2:8.843700408935547
 74/500,EPReward: 5.42
comsolReward 6.11027780143962
Episode 75/500, Reward: 8.47, ploss: -67.12810516357422, aloss:-0.0009294815245084465, berr1:28.35100746154785, berr2:28.427146911621094
 75/500,EPReward: 8.47
comsolReward 4.3051847674691714
Episode 76/500, Reward: 5.96, ploss: -68.7822265625, aloss:-0.0008924261783249676, berr1:6.7721405029296875, berr2:6.778459072113037
 76/500,EPReward: 5.96
comsolReward 4.716451859549363
Episode 77/500, Reward: 6.57, ploss: -67.63764190673828, aloss:-0.001220838399603963, berr1:9.357558250427246, berr2:9.17452621459961
 77/500,EPReward: 6.57
comsolReward -0.0864899811614956
Episode 78/500, Reward: -0.59, ploss: -67.00553894042969, aloss:-0.0013449289835989475, berr1:7.826191425323486, berr2:7.669322967529297
 78/500,EPReward: -0.59
comsolReward 0.5614682687527248
Episode 79/500, Reward: 0.34, ploss: -63.921871185302734, aloss:-0.0016719368286430836, berr1:10.305574417114258, berr2:10.1070556640625
 79/500,EPReward: 0.34
comsolReward 5.295217888384288
Episode 80/500, Reward: 7.24, ploss: -67.05802154541016, aloss:-0.0011975091183558106, berr1:7.775022506713867, berr2:7.820407867431641
 80/500,EPReward: 7.24
comsolReward 3.8059431488225584
Episode 81/500, Reward: 5.21, ploss: -66.99089050292969, aloss:-0.0014430737355723977, berr1:8.862430572509766, berr2:8.936586380004883
 81/500,EPReward: 5.21
comsolReward 8.186029513670272
Episode 82/500, Reward: 11.78, ploss: -66.60545349121094, aloss:-0.0014900910900905728, berr1:23.22587776184082, berr2:23.061513900756836
 82/500,EPReward: 11.78
comsolReward 8.075013464829468
Episode 83/500, Reward: 11.61, ploss: -67.87618255615234, aloss:-0.00168161082547158, berr1:24.326831817626953, berr2:24.124984741210938
 83/500,EPReward: 11.61
comsolReward 3.635100245660927
Episode 84/500, Reward: 4.95, ploss: -63.52349090576172, aloss:-0.0023641963489353657, berr1:8.986860275268555, berr2:8.808093070983887
 84/500,EPReward: 4.95
comsolReward 6.427578102186307
Episode 85/500, Reward: 9.14, ploss: -66.69728088378906, aloss:-0.0019639828242361546, berr1:9.085602760314941, berr2:8.760682106018066
 85/500,EPReward: 9.14
comsolReward 6.44020589210695
Episode 86/500, Reward: 9.16, ploss: -66.84703826904297, aloss:-0.001915255910716951, berr1:9.615983009338379, berr2:9.479305267333984
 86/500,EPReward: 9.16
comsolReward 7.730974998314585
Episode 87/500, Reward: 11.10, ploss: -69.22917175292969, aloss:-0.001613316242583096, berr1:8.257702827453613, berr2:8.189947128295898
 87/500,EPReward: 11.10
comsolReward 3.6939005361955375
Episode 88/500, Reward: 5.04, ploss: -69.36753845214844, aloss:-0.0018599879695102572, berr1:7.973186492919922, berr2:7.955418586730957
 88/500,EPReward: 5.04
comsolReward 7.267234766055251
Episode 89/500, Reward: 10.40, ploss: -68.05970001220703, aloss:-0.0028489744290709496, berr1:12.635634422302246, berr2:12.821684837341309
 89/500,EPReward: 10.40
comsolReward 5.7431767276245385
Episode 90/500, Reward: 8.31, ploss: -67.68364715576172, aloss:-0.003041265532374382, berr1:9.901496887207031, berr2:9.632844924926758
 90/500,EPReward: 8.31
comsolReward 0.6273923394760282
Episode 91/500, Reward: 1.44, ploss: -68.52177429199219, aloss:-0.0027231471613049507, berr1:10.739154815673828, berr2:10.596637725830078
 91/500,EPReward: 1.44
comsolReward 9.422398012535519
Episode 92/500, Reward: 13.43, ploss: -70.881591796875, aloss:-0.0022230385802686214, berr1:27.32945442199707, berr2:27.061189651489258
 92/500,EPReward: 13.43
comsolReward 5.629778249586993
Episode 93/500, Reward: 7.94, ploss: -69.18060302734375, aloss:-0.0028176887426525354, berr1:9.978252410888672, berr2:9.880906105041504
 93/500,EPReward: 7.94
comsolReward 6.043413053077098
Episode 94/500, Reward: 8.77, ploss: -68.36213684082031, aloss:-0.003453423036262393, berr1:10.04720401763916, berr2:9.910030364990234
 94/500,EPReward: 8.77
comsolReward 7.83980338717609
Episode 95/500, Reward: 11.26, ploss: -67.33507537841797, aloss:-0.003483343869447708, berr1:11.476606369018555, berr2:11.276581764221191
 95/500,EPReward: 11.26
comsolReward 3.6879064960335164
Episode 96/500, Reward: 5.23, ploss: -68.4134521484375, aloss:-0.0036859209649264812, berr1:9.976741790771484, berr2:9.90315055847168
 96/500,EPReward: 5.23
comsolReward 4.907348574294405
Episode 97/500, Reward: 6.86, ploss: -66.60050964355469, aloss:-0.005298798903822899, berr1:9.78691577911377, berr2:9.529043197631836
 97/500,EPReward: 6.86
comsolReward -1.8028494946620406
Episode 98/500, Reward: -2.30, ploss: -69.64433288574219, aloss:-0.003857814706861973, berr1:8.297183990478516, berr2:8.210298538208008
 98/500,EPReward: -2.30
comsolReward 4.680897199629955
Episode 99/500, Reward: 6.52, ploss: -69.00165557861328, aloss:-0.0038936594501137733, berr1:25.34416961669922, berr2:25.32269287109375
 99/500,EPReward: 6.52
comsolReward 5.406326012264612
Episode 100/500, Reward: 7.61, ploss: -71.17904663085938, aloss:-0.004460138734430075, berr1:10.061296463012695, berr2:10.157293319702148
 100/500,EPReward: 7.61
comsolReward 4.092710527676198
Episode 101/500, Reward: 5.84, ploss: -68.1138687133789, aloss:-0.005866046529263258, berr1:9.721553802490234, berr2:9.757091522216797
 101/500,EPReward: 5.84
comsolReward 8.222813401604778
Episode 102/500, Reward: 11.83, ploss: -69.03023529052734, aloss:-0.005555523559451103, berr1:32.89555740356445, berr2:32.94356155395508
 102/500,EPReward: 11.83
comsolReward -0.37316113885001956
Episode 103/500, Reward: -0.87, ploss: -70.49514770507812, aloss:-0.005504318978637457, berr1:8.997855186462402, berr2:8.970361709594727
 103/500,EPReward: -0.87
comsolReward -2.2252291919901674
Episode 104/500, Reward: -2.53, ploss: -68.10807800292969, aloss:-0.00680439593270421, berr1:9.430381774902344, berr2:9.544086456298828
 104/500,EPReward: -2.53
comsolReward 6.117584685918908
Episode 105/500, Reward: 8.68, ploss: -69.16105651855469, aloss:-0.006848515477031469, berr1:40.644287109375, berr2:40.27595901489258
 105/500,EPReward: 8.68
comsolReward 4.333817332114424
Episode 106/500, Reward: 6.00, ploss: -69.12359619140625, aloss:-0.0071459622122347355, berr1:11.464327812194824, berr2:11.384885787963867
 106/500,EPReward: 6.00
comsolReward -2.341919701555944
Episode 107/500, Reward: -2.84, ploss: -69.59593200683594, aloss:-0.009167092852294445, berr1:11.318594932556152, berr2:11.212519645690918
 107/500,EPReward: -2.84
comsolReward 4.266021704777247
Episode 108/500, Reward: 5.90, ploss: -67.7998046875, aloss:-0.010419165715575218, berr1:10.804498672485352, berr2:10.614704132080078
 108/500,EPReward: 5.90
comsolReward 2.709402114600684
Episode 109/500, Reward: 3.56, ploss: -66.02420806884766, aloss:-0.011242380365729332, berr1:9.401466369628906, berr2:9.225431442260742
 109/500,EPReward: 3.56
comsolReward 1.8686094703156673
Episode 110/500, Reward: 2.50, ploss: -69.15641784667969, aloss:-0.009611725807189941, berr1:30.978282928466797, berr2:30.69012451171875
 110/500,EPReward: 2.50
comsolReward 1.2657022217021872
Episode 111/500, Reward: 1.40, ploss: -69.06497192382812, aloss:-0.010929351672530174, berr1:9.761287689208984, berr2:9.392879486083984
 111/500,EPReward: 1.40
comsolReward 1.4743470883935204
Episode 112/500, Reward: 1.71, ploss: -69.56751251220703, aloss:-0.009733244776725769, berr1:10.71924877166748, berr2:10.38813304901123
 112/500,EPReward: 1.71
comsolReward 4.239131216644901
Episode 113/500, Reward: 5.86, ploss: -71.07979583740234, aloss:-0.009284167550504208, berr1:9.109603881835938, berr2:8.870664596557617
 113/500,EPReward: 5.86
comsolReward -2.472578109169916
Episode 114/500, Reward: -2.97, ploss: -70.58099365234375, aloss:-0.008388177491724491, berr1:9.873331069946289, berr2:9.77267074584961
 114/500,EPReward: -2.97
comsolReward 5.755067391203276
Episode 115/500, Reward: 8.13, ploss: -69.12838745117188, aloss:-0.009108565747737885, berr1:8.302842140197754, berr2:8.110069274902344
 115/500,EPReward: 8.13
comsolReward 6.951045521664312
Episode 116/500, Reward: 9.93, ploss: -69.08248901367188, aloss:-0.00905824825167656, berr1:9.641736030578613, berr2:9.532308578491211
 116/500,EPReward: 9.93
comsolReward 0.052814568081728484
Episode 117/500, Reward: -0.42, ploss: -68.04461669921875, aloss:-0.00926346518099308, berr1:27.922761917114258, berr2:27.941316604614258
 117/500,EPReward: -0.42
comsolReward -1.5033184983219638
Episode 118/500, Reward: -2.00, ploss: -70.66661834716797, aloss:-0.006572351790964603, berr1:11.956328392028809, berr2:12.0194730758667
 118/500,EPReward: -2.00
comsolReward -1.3920083537486334
Episode 119/500, Reward: -1.89, ploss: -69.30043029785156, aloss:-0.008761557750403881, berr1:10.704757690429688, berr2:10.562263488769531
 119/500,EPReward: -1.89
comsolReward 6.828391973099177
Episode 120/500, Reward: 9.74, ploss: -70.43219757080078, aloss:-0.006545955315232277, berr1:11.265326499938965, berr2:11.080150604248047
 120/500,EPReward: 9.74
comsolReward -2.4819827267602883
Episode 121/500, Reward: -2.98, ploss: -71.25545501708984, aloss:-0.0057639144361019135, berr1:9.15054702758789, berr2:9.196640014648438
 121/500,EPReward: -2.98
comsolReward -1.949648985533163
Episode 122/500, Reward: -2.45, ploss: -68.67143249511719, aloss:-0.009021945297718048, berr1:12.60711669921875, berr2:12.415422439575195
 122/500,EPReward: -2.45
comsolReward 5.838386054599422
Episode 123/500, Reward: 8.26, ploss: -69.70352935791016, aloss:-0.0076051433570683, berr1:10.851696014404297, berr2:10.847807884216309
 123/500,EPReward: 8.26
comsolReward 4.214817393217546
Episode 124/500, Reward: 5.82, ploss: -68.56281280517578, aloss:-0.007638311013579369, berr1:26.418901443481445, berr2:26.489242553710938
 124/500,EPReward: 5.82
comsolReward 4.945368603466784
Episode 125/500, Reward: 6.92, ploss: -68.71800231933594, aloss:-0.007347972132265568, berr1:27.144840240478516, berr2:26.826377868652344
 125/500,EPReward: 6.92
comsolReward -1.2448449488211828
Episode 126/500, Reward: -1.94, ploss: -71.54219818115234, aloss:-0.006560039706528187, berr1:11.020406723022461, berr2:10.69297981262207
 126/500,EPReward: -1.94
comsolReward 5.501585082693499
Episode 127/500, Reward: 7.75, ploss: -69.75267028808594, aloss:-0.006985753308981657, berr1:11.995162963867188, berr2:11.789652824401855
 127/500,EPReward: 7.75
comsolReward 5.7351494770936835
Episode 128/500, Reward: 7.90, ploss: -69.27870178222656, aloss:-0.009547470137476921, berr1:12.718873023986816, berr2:12.449555397033691
 128/500,EPReward: 7.90
comsolReward 6.243202502198528
Episode 129/500, Reward: 8.86, ploss: -70.460205078125, aloss:-0.007263499777764082, berr1:30.222299575805664, berr2:30.155351638793945
 129/500,EPReward: 8.86
comsolReward 3.9836125364903743
Episode 130/500, Reward: 5.48, ploss: -71.55900573730469, aloss:-0.006474878638982773, berr1:9.616280555725098, berr2:9.511719703674316
 130/500,EPReward: 5.48
comsolReward -0.9762039993762766
Episode 131/500, Reward: -1.28, ploss: -68.88800048828125, aloss:-0.008031989447772503, berr1:10.072450637817383, berr2:9.840285301208496
 131/500,EPReward: -1.28
comsolReward 2.7481364289889596
Episode 132/500, Reward: 3.62, ploss: -71.4316177368164, aloss:-0.00721735879778862, berr1:10.730645179748535, berr2:10.681148529052734
 132/500,EPReward: 3.62
comsolReward 2.8778568963608877
Episode 133/500, Reward: 3.82, ploss: -69.96741485595703, aloss:-0.00796382687985897, berr1:11.06918716430664, berr2:10.823210716247559
 133/500,EPReward: 3.82
comsolReward 7.710509258797079
Episode 134/500, Reward: 11.27, ploss: -69.82255554199219, aloss:-0.007580055855214596, berr1:10.75905704498291, berr2:10.515362739562988
 134/500,EPReward: 11.27
comsolReward 8.913702561930167
Episode 135/500, Reward: 12.87, ploss: -69.82028198242188, aloss:-0.00891416147351265, berr1:9.611774444580078, berr2:9.453226089477539
 135/500,EPReward: 12.87
comsolReward -0.28110510392415144
Episode 136/500, Reward: -0.78, ploss: -69.6949691772461, aloss:-0.007966091856360435, berr1:20.573490142822266, berr2:20.548938751220703
 136/500,EPReward: -0.78
comsolReward 4.990997210893304
Episode 137/500, Reward: 6.99, ploss: -69.46844482421875, aloss:-0.007832705974578857, berr1:11.992664337158203, berr2:11.773002624511719
 137/500,EPReward: 6.99
comsolReward 5.4649069500217085
Episode 138/500, Reward: 7.50, ploss: -70.80986022949219, aloss:-0.006684836931526661, berr1:12.591073989868164, berr2:12.490424156188965
 138/500,EPReward: 7.50
comsolReward 5.314147235490547
Episode 139/500, Reward: 7.67, ploss: -68.96298217773438, aloss:-0.009862043894827366, berr1:11.735523223876953, berr2:11.447644233703613
 139/500,EPReward: 7.67
comsolReward 8.17870640617091
Episode 140/500, Reward: 11.77, ploss: -69.06804656982422, aloss:-0.009709401987493038, berr1:13.272622108459473, berr2:12.876509666442871
 140/500,EPReward: 11.77
comsolReward 7.418046494592062
Episode 141/500, Reward: 10.43, ploss: -71.1630630493164, aloss:-0.008189004845917225, berr1:28.943435668945312, berr2:28.86685562133789
 141/500,EPReward: 10.43
comsolReward 5.619375283273223
Episode 142/500, Reward: 7.93, ploss: -72.20104217529297, aloss:-0.008745837956666946, berr1:13.33514404296875, berr2:13.178206443786621
 142/500,EPReward: 7.93
comsolReward 6.825327192008295
Episode 143/500, Reward: 9.74, ploss: -72.17723846435547, aloss:-0.008659644983708858, berr1:11.585386276245117, berr2:11.274072647094727
 143/500,EPReward: 9.74
comsolReward 5.7414433530449225
Episode 144/500, Reward: 8.31, ploss: -72.95709228515625, aloss:-0.007787842303514481, berr1:53.96959686279297, berr2:53.885108947753906
 144/500,EPReward: 8.31
comsolReward 7.552535127575226
Episode 145/500, Reward: 10.63, ploss: -71.89788818359375, aloss:-0.008258349262177944, berr1:10.02755355834961, berr2:9.780841827392578
 145/500,EPReward: 10.63
comsolReward 6.455044690957502
Episode 146/500, Reward: 9.18, ploss: -71.25419616699219, aloss:-0.008512744680047035, berr1:10.1851806640625, berr2:10.119637489318848
 146/500,EPReward: 9.18
comsolReward 5.837146836941015
Episode 147/500, Reward: 8.26, ploss: -72.7947006225586, aloss:-0.0088568814098835, berr1:10.557416915893555, berr2:10.495697021484375
 147/500,EPReward: 8.26
comsolReward 3.8044521086940066
Episode 148/500, Reward: 5.21, ploss: -70.70427703857422, aloss:-0.011589844711124897, berr1:29.930696487426758, berr2:29.659873962402344
 148/500,EPReward: 5.21
comsolReward 0.909166989728819
Episode 149/500, Reward: 0.86, ploss: -71.85590362548828, aloss:-0.008657129481434822, berr1:9.864972114562988, berr2:9.815789222717285
 149/500,EPReward: 0.86
comsolReward 4.287958462271823
Episode 150/500, Reward: 5.93, ploss: -70.9095687866211, aloss:-0.008295872248709202, berr1:9.815953254699707, berr2:9.724547386169434
 150/500,EPReward: 5.93
comsolReward 3.3512627833635236
Episode 151/500, Reward: 4.53, ploss: -71.09944152832031, aloss:-0.010937076061964035, berr1:10.372772216796875, berr2:9.939697265625
 151/500,EPReward: 4.53
comsolReward 4.621465636499522
Episode 152/500, Reward: 6.43, ploss: -73.00517272949219, aloss:-0.009363723918795586, berr1:10.436629295349121, berr2:10.251541137695312
 152/500,EPReward: 6.43
comsolReward -1.0004040325494563
Episode 153/500, Reward: -1.50, ploss: -71.2323989868164, aloss:-0.011148602701723576, berr1:9.238443374633789, berr2:9.208235740661621
 153/500,EPReward: -1.50
comsolReward 4.66397409718529
Episode 154/500, Reward: 6.50, ploss: -72.58370208740234, aloss:-0.01059019472450018, berr1:31.66083335876465, berr2:31.590103149414062
 154/500,EPReward: 6.50
comsolReward 4.629574933669167
Episode 155/500, Reward: 6.44, ploss: -71.73267364501953, aloss:-0.010008998215198517, berr1:30.764034271240234, berr2:30.573537826538086
 155/500,EPReward: 6.44
comsolReward 3.4557609174546733
Episode 156/500, Reward: 4.68, ploss: -72.59459686279297, aloss:-0.01192146260291338, berr1:10.63364315032959, berr2:10.604056358337402
 156/500,EPReward: 4.68
comsolReward 1.2247689841644835
Episode 157/500, Reward: 1.34, ploss: -70.73509979248047, aloss:-0.011179327964782715, berr1:48.471351623535156, berr2:48.216819763183594
 157/500,EPReward: 1.34
comsolReward 5.646543338293906
Episode 158/500, Reward: 8.17, ploss: -71.8215560913086, aloss:-0.01126607321202755, berr1:10.694122314453125, berr2:10.59776782989502
 158/500,EPReward: 8.17
comsolReward 5.289444204522377
Episode 159/500, Reward: 7.43, ploss: -69.92327880859375, aloss:-0.01282823272049427, berr1:9.399847984313965, berr2:9.313665390014648
 159/500,EPReward: 7.43
comsolReward 3.130740197328916
Episode 160/500, Reward: 4.20, ploss: -72.06488037109375, aloss:-0.011378669179975986, berr1:10.818757057189941, berr2:10.66412353515625
 160/500,EPReward: 4.20
comsolReward 11.502253931563065
Episode 161/500, Reward: 16.75, ploss: -71.48573303222656, aloss:-0.0117275295779109, berr1:11.651694297790527, berr2:11.528129577636719
 161/500,EPReward: 16.75
comsolReward 3.812108884529625
Episode 162/500, Reward: 5.22, ploss: -70.77365112304688, aloss:-0.012721573933959007, berr1:31.864694595336914, berr2:31.680072784423828
 162/500,EPReward: 5.22
comsolReward 0.10036162635174006
Episode 163/500, Reward: -0.15, ploss: -73.23353576660156, aloss:-0.010285060852766037, berr1:10.693629264831543, berr2:10.534358978271484
 163/500,EPReward: -0.15
comsolReward 6.4247709589817195
Episode 164/500, Reward: 8.94, ploss: -71.63544464111328, aloss:-0.016005821526050568, berr1:31.76096534729004, berr2:31.508312225341797
 164/500,EPReward: 8.94
comsolReward 4.752804200290681
Episode 165/500, Reward: 6.63, ploss: -71.10871887207031, aloss:-0.014618554152548313, berr1:8.616382598876953, berr2:8.275644302368164
 165/500,EPReward: 6.63
comsolReward 1.298117853702262
Episode 166/500, Reward: 1.45, ploss: -72.48454284667969, aloss:-0.01355373952537775, berr1:12.209290504455566, berr2:12.096175193786621
 166/500,EPReward: 1.45
comsolReward 5.674268626777986
Episode 167/500, Reward: 8.21, ploss: -73.70249938964844, aloss:-0.011207574047148228, berr1:12.516526222229004, berr2:12.29039192199707
 167/500,EPReward: 8.21
comsolReward 4.8012979760253405
Episode 168/500, Reward: 6.70, ploss: -72.3243408203125, aloss:-0.013092407956719398, berr1:9.247008323669434, berr2:9.013278007507324
 168/500,EPReward: 6.70
comsolReward 7.1023654455325325
Episode 169/500, Reward: 10.15, ploss: -74.30618286132812, aloss:-0.010533629916608334, berr1:12.214412689208984, berr2:12.176166534423828
 169/500,EPReward: 10.15
comsolReward 2.3911094894178304
Episode 170/500, Reward: 3.09, ploss: -73.88516235351562, aloss:-0.011735837906599045, berr1:48.74910354614258, berr2:48.581424713134766
 170/500,EPReward: 3.09
comsolReward 3.6229004660014033
Episode 171/500, Reward: 4.93, ploss: -70.78886413574219, aloss:-0.0123326126486063, berr1:32.2747917175293, berr2:32.13021469116211
 171/500,EPReward: 4.93
comsolReward 1.0658893349014789
Episode 172/500, Reward: 1.10, ploss: -73.8425064086914, aloss:-0.010683788917958736, berr1:9.342642784118652, berr2:9.216106414794922
 172/500,EPReward: 1.10
comsolReward 5.937982569715127
Episode 173/500, Reward: 8.41, ploss: -71.6121597290039, aloss:-0.01251585315912962, berr1:13.163797378540039, berr2:13.025193214416504
 173/500,EPReward: 8.41
comsolReward 2.610687705211087
Episode 174/500, Reward: 3.42, ploss: -74.22949981689453, aloss:-0.009747167117893696, berr1:11.512496948242188, berr2:11.315523147583008
 174/500,EPReward: 3.42
comsolReward 5.985426603249075
Episode 175/500, Reward: 8.68, ploss: -71.25209045410156, aloss:-0.014691656455397606, berr1:48.0064697265625, berr2:47.825111389160156
 175/500,EPReward: 8.68
comsolReward 5.614415157773268
Episode 176/500, Reward: 7.92, ploss: -70.96627807617188, aloss:-0.015600418671965599, berr1:10.46113395690918, berr2:10.210598945617676
 176/500,EPReward: 7.92
comsolReward 2.289974890775254
Episode 177/500, Reward: 2.93, ploss: -71.5957260131836, aloss:-0.01404954306781292, berr1:9.876137733459473, berr2:9.71711540222168
 177/500,EPReward: 2.93
comsolReward 6.213762163756099
Episode 178/500, Reward: 8.82, ploss: -74.58380889892578, aloss:-0.010425981134176254, berr1:8.66965103149414, berr2:8.503425598144531
 178/500,EPReward: 8.82
comsolReward -0.48998289077540935
Episode 179/500, Reward: -0.99, ploss: -74.14781951904297, aloss:-0.010500715114176273, berr1:10.38422966003418, berr2:10.166767120361328
 179/500,EPReward: -0.99
comsolReward 1.3019374455035753
Episode 180/500, Reward: 1.65, ploss: -73.81736755371094, aloss:-0.010787450708448887, berr1:10.585894584655762, berr2:10.317595481872559
 180/500,EPReward: 1.65
comsolReward 5.917777534674664
Episode 181/500, Reward: 8.38, ploss: -76.10254669189453, aloss:-0.008683559484779835, berr1:9.206835746765137, berr2:9.182141304016113
 181/500,EPReward: 8.38
comsolReward 6.8406081953341555
Episode 182/500, Reward: 9.76, ploss: -74.22618865966797, aloss:-0.011549695394933224, berr1:29.93356704711914, berr2:29.713335037231445
 182/500,EPReward: 9.76
comsolReward 7.795277248468148
Episode 183/500, Reward: 11.19, ploss: -74.33255767822266, aloss:-0.012231682427227497, berr1:9.364015579223633, berr2:9.343491554260254
 183/500,EPReward: 11.19
comsolReward 6.2317220603568675
Episode 184/500, Reward: 9.05, ploss: -74.50389862060547, aloss:-0.011351319961249828, berr1:10.425630569458008, berr2:10.225719451904297
 184/500,EPReward: 9.05
comsolReward 5.192723538780422
Episode 185/500, Reward: 7.29, ploss: -75.10962677001953, aloss:-0.011304769665002823, berr1:9.594968795776367, berr2:9.322426795959473
 185/500,EPReward: 7.29
comsolReward 2.711051628707036
Episode 186/500, Reward: 3.57, ploss: -73.35270690917969, aloss:-0.012369072064757347, berr1:10.844222068786621, berr2:10.61313247680664
 186/500,EPReward: 3.57
comsolReward 1.7319943761387442
Episode 187/500, Reward: 2.10, ploss: -71.57555389404297, aloss:-0.012205364182591438, berr1:29.944875717163086, berr2:29.758399963378906
 187/500,EPReward: 2.10
comsolReward 5.5112920802607155
Episode 188/500, Reward: 7.77, ploss: -75.24821472167969, aloss:-0.009288469329476357, berr1:9.411685943603516, berr2:9.270905494689941
 188/500,EPReward: 7.77
comsolReward 2.3925893949201047
Episode 189/500, Reward: 3.09, ploss: -73.00650787353516, aloss:-0.01182497013360262, berr1:27.676836013793945, berr2:27.339445114135742
 189/500,EPReward: 3.09
comsolReward 4.59347814346548
Episode 190/500, Reward: 6.39, ploss: -76.06657409667969, aloss:-0.008662610314786434, berr1:9.332833290100098, berr2:9.2804536819458
 190/500,EPReward: 6.39
comsolReward 6.44796351954422
Episode 191/500, Reward: 9.17, ploss: -75.63640594482422, aloss:-0.010350550524890423, berr1:9.034233093261719, berr2:9.025964736938477
 191/500,EPReward: 9.17
comsolReward 10.765820601286709
Episode 192/500, Reward: 15.65, ploss: -74.72412872314453, aloss:-0.01119297556579113, berr1:9.593056678771973, berr2:9.480278015136719
 192/500,EPReward: 15.65
comsolReward 8.650226409814424
Episode 193/500, Reward: 12.48, ploss: -76.20970916748047, aloss:-0.010163999162614346, berr1:10.073979377746582, berr2:9.89421558380127
 193/500,EPReward: 12.48
comsolReward 5.213076349880067
Episode 194/500, Reward: 7.32, ploss: -77.409423828125, aloss:-0.006740930490195751, berr1:9.599937438964844, berr2:9.540263175964355
 194/500,EPReward: 7.32
comsolReward 8.098693745343557
Episode 195/500, Reward: 11.65, ploss: -75.32887268066406, aloss:-0.010687855072319508, berr1:13.025190353393555, berr2:13.04182243347168
 195/500,EPReward: 11.65
comsolReward 2.2163135975552413
Episode 196/500, Reward: 2.82, ploss: -74.99044036865234, aloss:-0.01125031616538763, berr1:12.187634468078613, berr2:11.903361320495605
 196/500,EPReward: 2.82
comsolReward 5.509142847242905
Episode 197/500, Reward: 7.76, ploss: -74.84659576416016, aloss:-0.010667634196579456, berr1:11.17912483215332, berr2:10.96645736694336
 197/500,EPReward: 7.76
comsolReward 3.9389476510058627
Episode 198/500, Reward: 5.41, ploss: -75.81059265136719, aloss:-0.00855667982250452, berr1:11.075136184692383, berr2:10.75879955291748
 198/500,EPReward: 5.41
comsolReward -1.1281718958044173
Episode 199/500, Reward: -1.63, ploss: -76.18312072753906, aloss:-0.008597311563789845, berr1:10.38583755493164, berr2:10.378458023071289
 199/500,EPReward: -1.63
comsolReward 6.081482814242305
Episode 200/500, Reward: 8.62, ploss: -75.023681640625, aloss:-0.010372057557106018, berr1:27.4211483001709, berr2:27.372230529785156
 200/500,EPReward: 8.62
comsolReward 7.964606530913518
Episode 201/500, Reward: 11.45, ploss: -74.8376235961914, aloss:-0.0103144571185112, berr1:9.538475036621094, berr2:9.568461418151855
 201/500,EPReward: 11.45
comsolReward 6.8551837768458155
Episode 202/500, Reward: 9.78, ploss: -74.66866302490234, aloss:-0.009873812086880207, berr1:11.057018280029297, berr2:10.916768074035645
 202/500,EPReward: 9.78
comsolReward 4.347693606678513
Episode 203/500, Reward: 6.02, ploss: -76.03092956542969, aloss:-0.008971532806754112, berr1:29.67021942138672, berr2:29.63056755065918
 203/500,EPReward: 6.02
comsolReward 4.734601419749898
Episode 204/500, Reward: 6.60, ploss: -75.69432067871094, aloss:-0.009861893020570278, berr1:33.662086486816406, berr2:33.76416778564453
 204/500,EPReward: 6.60
comsolReward 5.24744065493085
Episode 205/500, Reward: 7.37, ploss: -74.97853088378906, aloss:-0.01011407095938921, berr1:10.228025436401367, berr2:10.095273971557617
 205/500,EPReward: 7.37
comsolReward 6.98178771872477
Episode 206/500, Reward: 9.97, ploss: -77.73529052734375, aloss:-0.0081430459395051, berr1:9.90043830871582, berr2:9.782647132873535
 206/500,EPReward: 9.97
comsolReward 5.062093078233825
Episode 207/500, Reward: 7.09, ploss: -75.09100341796875, aloss:-0.011547097004950047, berr1:10.325453758239746, berr2:10.14663314819336
 207/500,EPReward: 7.09
comsolReward 6.8157629570217235
Episode 208/500, Reward: 9.72, ploss: -77.81062316894531, aloss:-0.009108183905482292, berr1:11.647207260131836, berr2:11.654923439025879
 208/500,EPReward: 9.72
comsolReward 7.3351363491923625
Episode 209/500, Reward: 10.30, ploss: -74.8321533203125, aloss:-0.012901677750051022, berr1:8.80252742767334, berr2:8.524459838867188
 209/500,EPReward: 10.30
comsolReward 3.0284938883279735
Episode 210/500, Reward: 4.04, ploss: -77.15737915039062, aloss:-0.011013551615178585, berr1:30.08362579345703, berr2:29.89617347717285
 210/500,EPReward: 4.04
comsolReward 7.409747144897142
Episode 211/500, Reward: 10.81, ploss: -73.67681884765625, aloss:-0.014685588888823986, berr1:10.479584693908691, berr2:10.3031005859375
 211/500,EPReward: 10.81
comsolReward 3.4216101181245135
Episode 212/500, Reward: 4.63, ploss: -75.78325653076172, aloss:-0.012382724322378635, berr1:51.383079528808594, berr2:51.03662109375
 212/500,EPReward: 4.63
comsolReward 4.817074732495617
Episode 213/500, Reward: 6.73, ploss: -75.62210083007812, aloss:-0.013186589814722538, berr1:10.42721176147461, berr2:10.35711669921875
 213/500,EPReward: 6.73
comsolReward 0.9994684745577207
Episode 214/500, Reward: 0.80, ploss: -75.6616439819336, aloss:-0.01351078785955906, berr1:11.33520793914795, berr2:11.168546676635742
 214/500,EPReward: 0.80
comsolReward 6.024633886386156
Episode 215/500, Reward: 8.54, ploss: -75.74790954589844, aloss:-0.013400166295468807, berr1:10.245526313781738, berr2:10.034001350402832
 215/500,EPReward: 8.54
comsolReward 7.038064519282999
Episode 216/500, Reward: 10.06, ploss: -75.63324737548828, aloss:-0.014770669862627983, berr1:13.924768447875977, berr2:13.542125701904297
 216/500,EPReward: 10.06
comsolReward 5.3135749785855335
Episode 217/500, Reward: 7.67, ploss: -76.74497985839844, aloss:-0.013873521238565445, berr1:11.362438201904297, berr2:11.055024147033691
 217/500,EPReward: 7.67
comsolReward 5.893343589059453
Episode 218/500, Reward: 8.54, ploss: -77.04605102539062, aloss:-0.014747941866517067, berr1:28.0015869140625, berr2:27.927867889404297
 218/500,EPReward: 8.54
comsolReward 6.313402625108797
Episode 219/500, Reward: 8.97, ploss: -78.5212173461914, aloss:-0.012544854544103146, berr1:10.83906078338623, berr2:10.827556610107422
 219/500,EPReward: 8.97
comsolReward 0.02589704236100922
Episode 220/500, Reward: -0.26, ploss: -76.8088150024414, aloss:-0.016922594979405403, berr1:9.501717567443848, berr2:9.133947372436523
 220/500,EPReward: -0.26
comsolReward 7.3373780709899865
Episode 221/500, Reward: 10.31, ploss: -76.97598266601562, aloss:-0.01587555557489395, berr1:11.298357963562012, berr2:11.029324531555176
 221/500,EPReward: 10.31
comsolReward 7.746322179242144
Episode 222/500, Reward: 10.92, ploss: -79.41847229003906, aloss:-0.012368534691631794, berr1:10.92170524597168, berr2:10.784111022949219
 222/500,EPReward: 10.92
comsolReward 0.556385861650941
Episode 223/500, Reward: 0.33, ploss: -77.72510528564453, aloss:-0.014745664782822132, berr1:9.297445297241211, berr2:8.903426170349121
 223/500,EPReward: 0.33
comsolReward 3.6229004660014033
Episode 224/500, Reward: 4.93, ploss: -77.33525085449219, aloss:-0.014871137216687202, berr1:10.592155456542969, berr2:10.375603675842285
 224/500,EPReward: 4.93
comsolReward 4.603115300677418
Episode 225/500, Reward: 6.40, ploss: -76.92201232910156, aloss:-0.014276894740760326, berr1:31.928632736206055, berr2:31.877635955810547
 225/500,EPReward: 6.40
comsolReward 0.7426959943820066
Episode 226/500, Reward: 0.41, ploss: -76.3377456665039, aloss:-0.013512854464352131, berr1:12.989013671875, berr2:12.805392265319824
 226/500,EPReward: 0.41
comsolReward 5.1911586227202875
Episode 227/500, Reward: 7.29, ploss: -75.01470947265625, aloss:-0.017473332583904266, berr1:34.31700134277344, berr2:34.30983352661133
 227/500,EPReward: 7.29
comsolReward 7.6752612834629605
Episode 228/500, Reward: 11.01, ploss: -76.38845825195312, aloss:-0.015280386433005333, berr1:11.671614646911621, berr2:11.395875930786133
 228/500,EPReward: 11.01
comsolReward 4.8323999645156555
Episode 229/500, Reward: 6.75, ploss: -76.97783660888672, aloss:-0.014460024423897266, berr1:9.948856353759766, berr2:9.678550720214844
 229/500,EPReward: 6.75
comsolReward 0.6145730414196542
Episode 230/500, Reward: 0.62, ploss: -77.40324401855469, aloss:-0.015374166890978813, berr1:30.321226119995117, berr2:30.18963623046875
 230/500,EPReward: 0.62
comsolReward 6.933993968781809
Episode 231/500, Reward: 9.90, ploss: -78.95349884033203, aloss:-0.013324345462024212, berr1:10.672069549560547, berr2:10.397588729858398
 231/500,EPReward: 9.90
comsolReward 5.518088882862163
Episode 232/500, Reward: 7.78, ploss: -78.30755615234375, aloss:-0.015050788410007954, berr1:10.590709686279297, berr2:10.298604965209961
 232/500,EPReward: 7.78
comsolReward 4.5188470029450105
Episode 233/500, Reward: 6.28, ploss: -78.11456298828125, aloss:-0.014755109325051308, berr1:31.539165496826172, berr2:31.232595443725586
 233/500,EPReward: 6.28
comsolReward 5.818541462614009
Episode 234/500, Reward: 8.43, ploss: -76.95222473144531, aloss:-0.015925109386444092, berr1:11.411117553710938, berr2:11.090468406677246
 234/500,EPReward: 8.43
comsolReward 2.160477367561756
Episode 235/500, Reward: 2.74, ploss: -78.88877868652344, aloss:-0.01358915213495493, berr1:10.919783592224121, berr2:10.730850219726562
 235/500,EPReward: 2.74
comsolReward 3.7068462582383455
Episode 236/500, Reward: 5.06, ploss: -78.40709686279297, aloss:-0.01564875803887844, berr1:10.550604820251465, berr2:10.190919876098633
 236/500,EPReward: 5.06
comsolReward 5.434198353355553
Episode 237/500, Reward: 7.45, ploss: -76.22379302978516, aloss:-0.01687275618314743, berr1:34.138572692871094, berr2:33.81566619873047
 237/500,EPReward: 7.45
comsolReward 3.0427867992004485
Episode 238/500, Reward: 4.06, ploss: -78.43357849121094, aloss:-0.01446312852203846, berr1:9.188329696655273, berr2:9.199209213256836
 238/500,EPReward: 4.06
comsolReward 6.067887320731022
Episode 239/500, Reward: 8.40, ploss: -77.3291015625, aloss:-0.016341188922524452, berr1:10.485511779785156, berr2:10.121804237365723
 239/500,EPReward: 8.40
comsolReward 3.130740197328916
Episode 240/500, Reward: 4.40, ploss: -78.22726440429688, aloss:-0.016117529943585396, berr1:8.779437065124512, berr2:8.75694465637207
 240/500,EPReward: 4.40
comsolReward 6.036055666693359
Episode 241/500, Reward: 8.55, ploss: -77.9739990234375, aloss:-0.016191042959690094, berr1:8.912970542907715, berr2:8.720995903015137
 241/500,EPReward: 8.55
comsolReward 8.024831561563145
Episode 242/500, Reward: 11.74, ploss: -78.39968872070312, aloss:-0.01829669252038002, berr1:12.046817779541016, berr2:11.798707962036133
 242/500,EPReward: 11.74
comsolReward 5.646543338293906
Episode 243/500, Reward: 8.17, ploss: -78.55540466308594, aloss:-0.019823795184493065, berr1:10.355734825134277, berr2:10.180405616760254
 243/500,EPReward: 8.17
comsolReward 4.482309275318871
Episode 244/500, Reward: 6.22, ploss: -80.1033935546875, aloss:-0.020031535997986794, berr1:9.825349807739258, berr2:9.602441787719727
 244/500,EPReward: 6.22
comsolReward 10.486000224241069
Episode 245/500, Reward: 15.23, ploss: -80.40690612792969, aloss:-0.022789131850004196, berr1:11.329436302185059, berr2:11.281913757324219
 245/500,EPReward: 15.23
comsolReward 1.2057595267912857
Episode 246/500, Reward: 1.31, ploss: -80.39181518554688, aloss:-0.0304536335170269, berr1:35.20813751220703, berr2:35.065364837646484
 246/500,EPReward: 1.31
comsolReward 3.577070311168673
Episode 247/500, Reward: 4.87, ploss: -78.56255340576172, aloss:-0.038516588509082794, berr1:10.487930297851562, berr2:10.342143058776855
 247/500,EPReward: 4.87
comsolReward 1.2505509598957592
Episode 248/500, Reward: 1.38, ploss: -79.66226959228516, aloss:-0.03889495134353638, berr1:8.292825698852539, berr2:8.259521484375
 248/500,EPReward: 1.38
comsolReward 0.909166989728819
Episode 249/500, Reward: 0.86, ploss: -79.36320495605469, aloss:-0.035343341529369354, berr1:9.550483703613281, berr2:9.437580108642578
 249/500,EPReward: 0.86
comsolReward 0.47037875328214956
Episode 250/500, Reward: 0.21, ploss: -79.71453857421875, aloss:-0.03335287421941757, berr1:31.015857696533203, berr2:30.510761260986328
 250/500,EPReward: 0.21
comsolReward 2.347501831186977
Episode 251/500, Reward: 3.02, ploss: -79.69766235351562, aloss:-0.030026685446500778, berr1:30.298324584960938, berr2:30.27493667602539
 251/500,EPReward: 3.02
comsolReward 3.334840893209831
Episode 252/500, Reward: 4.50, ploss: -78.28822326660156, aloss:-0.026814308017492294, berr1:9.285652160644531, berr2:9.056130409240723
 252/500,EPReward: 4.50
comsolReward -0.6991918060860202
Episode 253/500, Reward: -1.20, ploss: -78.53524780273438, aloss:-0.02531016431748867, berr1:10.459349632263184, berr2:10.209247589111328
 253/500,EPReward: -1.20
comsolReward 4.380720377983055
Episode 254/500, Reward: 6.07, ploss: -78.32268524169922, aloss:-0.026790495961904526, berr1:32.86512756347656, berr2:32.59027862548828
 254/500,EPReward: 6.07
comsolReward 4.302796638782756
Episode 255/500, Reward: 5.95, ploss: -79.80743408203125, aloss:-0.024235177785158157, berr1:11.339043617248535, berr2:11.106374740600586
 255/500,EPReward: 5.95
comsolReward 2.1795421920424056
Episode 256/500, Reward: 2.77, ploss: -78.999755859375, aloss:-0.025759384036064148, berr1:9.272963523864746, berr2:9.133499145507812
 256/500,EPReward: 2.77
comsolReward 6.019015437497759
Episode 257/500, Reward: 8.53, ploss: -78.63285064697266, aloss:-0.027115272358059883, berr1:31.51105499267578, berr2:31.430971145629883
 257/500,EPReward: 8.53
comsolReward 2.374064184064869
Episode 258/500, Reward: 3.06, ploss: -80.60063171386719, aloss:-0.024642614647746086, berr1:10.924121856689453, berr2:10.745553970336914
 258/500,EPReward: 3.06
comsolReward 6.773746154459386
Episode 259/500, Reward: 9.66, ploss: -80.16384887695312, aloss:-0.028265077620744705, berr1:9.160384178161621, berr2:9.011581420898438
 259/500,EPReward: 9.66
comsolReward 2.4637262687339874
Episode 260/500, Reward: 3.40, ploss: -80.1324691772461, aloss:-0.02715025097131729, berr1:9.936378479003906, berr2:9.793684959411621
 260/500,EPReward: 3.40
comsolReward 2.300004030129731
Episode 261/500, Reward: 3.15, ploss: -80.0575180053711, aloss:-0.027364766225218773, berr1:37.345523834228516, berr2:37.295509338378906
 261/500,EPReward: 3.15
comsolReward 1.5543108146349556
Episode 262/500, Reward: 1.83, ploss: -79.67745971679688, aloss:-0.02725798450410366, berr1:9.090821266174316, berr2:8.99213981628418
 262/500,EPReward: 1.83
comsolReward 0.6921255139105115
Episode 263/500, Reward: 0.74, ploss: -80.19548797607422, aloss:-0.027306849136948586, berr1:10.023563385009766, berr2:10.03349781036377
 263/500,EPReward: 0.74
comsolReward 1.1344812313549058
Episode 264/500, Reward: 1.20, ploss: -80.61626434326172, aloss:-0.028326423838734627, berr1:9.391871452331543, berr2:9.402029991149902
 264/500,EPReward: 1.20
comsolReward 3.300301648980935
Episode 265/500, Reward: 4.45, ploss: -80.22100830078125, aloss:-0.02906792424619198, berr1:10.63133716583252, berr2:10.273833274841309
 265/500,EPReward: 4.45
comsolReward 5.258599065027177
Episode 266/500, Reward: 7.39, ploss: -80.64959716796875, aloss:-0.027273355051875114, berr1:9.830545425415039, berr2:9.712067604064941
 266/500,EPReward: 7.39
comsolReward 5.422290892283629
Episode 267/500, Reward: 7.43, ploss: -79.36363220214844, aloss:-0.028708692640066147, berr1:9.829756736755371, berr2:9.800745964050293
 267/500,EPReward: 7.43
comsolReward 5.054761669199772
Episode 268/500, Reward: 6.88, ploss: -80.51002502441406, aloss:-0.026718484237790108, berr1:10.77117919921875, berr2:10.666706085205078
 268/500,EPReward: 6.88
comsolReward 4.8102105320115145
Episode 269/500, Reward: 6.72, ploss: -81.64764404296875, aloss:-0.024335632100701332, berr1:10.705488204956055, berr2:10.678279876708984
 269/500,EPReward: 6.72
comsolReward 4.968893521565027
Episode 270/500, Reward: 6.95, ploss: -78.93379974365234, aloss:-0.026108257472515106, berr1:9.075545310974121, berr2:8.659566879272461
 270/500,EPReward: 6.95
comsolReward 2.0497432159502607
Episode 271/500, Reward: 2.57, ploss: -80.12129974365234, aloss:-0.024890247732400894, berr1:10.343730926513672, berr2:10.351053237915039
 271/500,EPReward: 2.57
comsolReward 2.3911094894178304
Episode 272/500, Reward: 2.89, ploss: -81.64305114746094, aloss:-0.02293223701417446, berr1:7.294157981872559, berr2:7.29322624206543
 272/500,EPReward: 2.89
comsolReward 4.052590587533984
Episode 273/500, Reward: 5.58, ploss: -81.3825912475586, aloss:-0.022935379296541214, berr1:10.389575004577637, berr2:10.255191802978516
 273/500,EPReward: 5.58
comsolReward 8.298414894263836
Episode 274/500, Reward: 11.95, ploss: -82.03829956054688, aloss:-0.022949837148189545, berr1:8.835147857666016, berr2:8.642109870910645
 274/500,EPReward: 11.95
comsolReward 5.1454050910462605
Episode 275/500, Reward: 7.22, ploss: -81.31414794921875, aloss:-0.023283638060092926, berr1:34.86591339111328, berr2:34.5511589050293
 275/500,EPReward: 7.22
comsolReward 5.77358689461269
Episode 276/500, Reward: 8.16, ploss: -79.10597229003906, aloss:-0.024912003427743912, berr1:11.24575424194336, berr2:10.949294090270996
 276/500,EPReward: 8.16
comsolReward 4.248193832310262
Episode 277/500, Reward: 5.87, ploss: -80.09808349609375, aloss:-0.023229487240314484, berr1:34.49957275390625, berr2:34.32434844970703
 277/500,EPReward: 5.87
comsolReward 5.2155420008516185
Episode 278/500, Reward: 7.32, ploss: -80.90181732177734, aloss:-0.022295614704489708, berr1:8.644739151000977, berr2:8.553972244262695
 278/500,EPReward: 7.32
comsolReward 3.2634033001335063
Episode 279/500, Reward: 4.40, ploss: -80.77816009521484, aloss:-0.01993521675467491, berr1:33.7070426940918, berr2:33.426666259765625
 279/500,EPReward: 4.40
comsolReward 3.685057018005324
Episode 280/500, Reward: 5.23, ploss: -80.27139282226562, aloss:-0.021173246204853058, berr1:9.508170127868652, berr2:9.131680488586426
 280/500,EPReward: 5.23
comsolReward 1.4383283910355016
Episode 281/500, Reward: 1.66, ploss: -82.3240966796875, aloss:-0.020523717626929283, berr1:9.28297233581543, berr2:9.068366050720215
 281/500,EPReward: 1.66
comsolReward 6.1398119716001185
Episode 282/500, Reward: 8.71, ploss: -81.79015350341797, aloss:-0.021389534696936607, berr1:10.162700653076172, berr2:10.105863571166992
 282/500,EPReward: 8.71
comsolReward 3.9683531512043126
Episode 283/500, Reward: 5.45, ploss: -83.62682342529297, aloss:-0.019809359684586525, berr1:8.423352241516113, berr2:8.37233829498291
 283/500,EPReward: 5.45
comsolReward 0.3895486449881636
Episode 284/500, Reward: 0.08, ploss: -81.81840515136719, aloss:-0.024133943021297455, berr1:9.872844696044922, berr2:9.808805465698242
 284/500,EPReward: 0.08
comsolReward 5.360020842734872
Episode 285/500, Reward: 7.74, ploss: -83.4992904663086, aloss:-0.019323069602251053, berr1:8.875463485717773, berr2:8.799596786499023
 285/500,EPReward: 7.74
comsolReward -0.20904015741966422
Episode 286/500, Reward: -0.71, ploss: -80.41956329345703, aloss:-0.02432405948638916, berr1:12.614738464355469, berr2:12.2532958984375
 286/500,EPReward: -0.71
comsolReward 1.515245535381672
Episode 287/500, Reward: 1.77, ploss: -81.26463317871094, aloss:-0.02297370322048664, berr1:11.742650032043457, berr2:11.644986152648926
 287/500,EPReward: 1.77
comsolReward 10.58607264153845
Episode 288/500, Reward: 15.38, ploss: -80.86443328857422, aloss:-0.02272285521030426, berr1:7.9006876945495605, berr2:7.926459312438965
 288/500,EPReward: 15.38
comsolReward -2.089517828711673
Episode 289/500, Reward: -2.59, ploss: -79.60511779785156, aloss:-0.02568235620856285, berr1:30.924713134765625, berr2:30.7380313873291
 289/500,EPReward: -2.59
comsolReward 4.426190980181081
Episode 290/500, Reward: 5.94, ploss: -82.52082061767578, aloss:-0.022270498797297478, berr1:9.371232986450195, berr2:9.208661079406738
 290/500,EPReward: 5.94
comsolReward 7.029886985526273
Episode 291/500, Reward: 10.04, ploss: -81.13327026367188, aloss:-0.024973470717668533, berr1:9.525325775146484, berr2:9.234115600585938
 291/500,EPReward: 10.04
comsolReward 2.302078767881807
Episode 292/500, Reward: 2.95, ploss: -82.06369018554688, aloss:-0.023898988962173462, berr1:9.245096206665039, berr2:9.016650199890137
 292/500,EPReward: 2.95
comsolReward 5.995810427030404
Episode 293/500, Reward: 8.49, ploss: -81.14813232421875, aloss:-0.026396697387099266, berr1:12.312749862670898, berr2:11.874048233032227
 293/500,EPReward: 8.49
comsolReward 6.972306436291481
Episode 294/500, Reward: 10.16, ploss: -81.49039459228516, aloss:-0.027196411043405533, berr1:9.721317291259766, berr2:9.533895492553711
 294/500,EPReward: 10.16
comsolReward 0.8585454422346643
Episode 295/500, Reward: 0.79, ploss: -81.86677551269531, aloss:-0.026660703122615814, berr1:9.583099365234375, berr2:9.23131275177002
 295/500,EPReward: 0.79
comsolReward 1.07831856832262
Episode 296/500, Reward: 1.12, ploss: -81.19254302978516, aloss:-0.02739757113158703, berr1:9.390731811523438, berr2:9.255502700805664
 296/500,EPReward: 1.12
comsolReward 3.6005103034157515
Episode 297/500, Reward: 4.90, ploss: -82.97867584228516, aloss:-0.02608308382332325, berr1:7.987423896789551, berr2:7.7551188468933105
 297/500,EPReward: 4.90
comsolReward 6.001990444210792
Episode 298/500, Reward: 8.50, ploss: -82.33174896240234, aloss:-0.025015421211719513, berr1:10.389913558959961, berr2:10.237266540527344
 298/500,EPReward: 8.50
comsolReward 3.1428393887609687
Episode 299/500, Reward: 4.21, ploss: -82.20353698730469, aloss:-0.025559766218066216, berr1:11.022574424743652, berr2:10.868675231933594
 299/500,EPReward: 4.21
comsolReward 3.942362649281395
Episode 300/500, Reward: 5.41, ploss: -81.45144653320312, aloss:-0.02587512880563736, berr1:31.955642700195312, berr2:31.86077880859375
 300/500,EPReward: 5.41
comsolReward -0.5585675788213135
Episode 301/500, Reward: -1.06, ploss: -81.31621551513672, aloss:-0.02642088755965233, berr1:31.874874114990234, berr2:31.614967346191406
 301/500,EPReward: -1.06
comsolReward 4.462119859343006
Episode 302/500, Reward: 6.19, ploss: -81.30502319335938, aloss:-0.026909630745649338, berr1:10.773626327514648, berr2:10.581437110900879
 302/500,EPReward: 6.19
comsolReward -0.692418598351419
Episode 303/500, Reward: -1.39, ploss: -81.67887115478516, aloss:-0.026153866201639175, berr1:10.647958755493164, berr2:10.400802612304688
 303/500,EPReward: -1.39
comsolReward 6.644584456605935
Episode 304/500, Reward: 9.67, ploss: -82.0067367553711, aloss:-0.025535481050610542, berr1:11.863401412963867, berr2:11.832859992980957
 304/500,EPReward: 9.67
comsolReward 4.630407346701797
Episode 305/500, Reward: 6.25, ploss: -83.47817993164062, aloss:-0.022898798808455467, berr1:8.278568267822266, berr2:8.037934303283691
 305/500,EPReward: 6.25
comsolReward 4.0510122163529845
Episode 306/500, Reward: 5.58, ploss: -81.918701171875, aloss:-0.028523433953523636, berr1:8.048591613769531, berr2:7.657901763916016
 306/500,EPReward: 5.58
comsolReward 5.473032155719162
Episode 307/500, Reward: 7.51, ploss: -83.52658081054688, aloss:-0.02518022246658802, berr1:36.7402229309082, berr2:36.56843948364258
 307/500,EPReward: 7.51
comsolReward 3.3786047436382924
Episode 308/500, Reward: 4.57, ploss: -82.43785095214844, aloss:-0.027321292087435722, berr1:8.248455047607422, berr2:8.137669563293457
 308/500,EPReward: 4.57
comsolReward 4.62127236674832
Episode 309/500, Reward: 6.43, ploss: -82.27592468261719, aloss:-0.027163216844201088, berr1:10.375834465026855, berr2:10.20702075958252
 309/500,EPReward: 6.43
comsolReward 2.3911094894178304
Episode 310/500, Reward: 3.09, ploss: -84.55187225341797, aloss:-0.020441465079784393, berr1:8.556621551513672, berr2:8.30764389038086
 310/500,EPReward: 3.09
comsolReward -0.39927799074639314
Episode 311/500, Reward: -0.70, ploss: -84.40093994140625, aloss:-0.021754438057541847, berr1:9.158614158630371, berr2:9.015219688415527
 311/500,EPReward: -0.70
comsolReward 5.807264633988819
Episode 312/500, Reward: 8.21, ploss: -83.5791015625, aloss:-0.02261560969054699, berr1:10.305381774902344, berr2:10.132463455200195
 312/500,EPReward: 8.21
comsolReward 2.564935581562503
Episode 313/500, Reward: 3.15, ploss: -83.62380981445312, aloss:-0.022270459681749344, berr1:10.308505058288574, berr2:9.9833345413208
 313/500,EPReward: 3.15
comsolReward 3.485888376217409
Episode 314/500, Reward: 4.73, ploss: -83.8552017211914, aloss:-0.021262895315885544, berr1:11.54722785949707, berr2:11.156667709350586
 314/500,EPReward: 4.73
comsolReward 5.753903982298392
Episode 315/500, Reward: 8.13, ploss: -83.06727600097656, aloss:-0.02135399729013443, berr1:59.8165283203125, berr2:59.66112518310547
 315/500,EPReward: 8.13
comsolReward 6.97050470046459
Episode 316/500, Reward: 9.96, ploss: -82.2174301147461, aloss:-0.021425604820251465, berr1:37.22745132446289, berr2:36.99748992919922
 316/500,EPReward: 9.96
comsolReward 2.373598049020326
Episode 317/500, Reward: 3.06, ploss: -81.83522033691406, aloss:-0.022739045321941376, berr1:54.31985092163086, berr2:54.376224517822266
 317/500,EPReward: 3.06
comsolReward 8.716165452603803
Episode 318/500, Reward: 12.57, ploss: -80.44340515136719, aloss:-0.024242445826530457, berr1:13.193190574645996, berr2:12.819877624511719
 318/500,EPReward: 12.57
comsolReward 3.172244008355497
Episode 319/500, Reward: 4.26, ploss: -81.95899963378906, aloss:-0.020108956843614578, berr1:13.513272285461426, berr2:13.031478881835938
 319/500,EPReward: 4.26
comsolReward 6.613696294653165
Episode 320/500, Reward: 9.62, ploss: -83.61642456054688, aloss:-0.020702999085187912, berr1:10.453017234802246, berr2:10.213411331176758
 320/500,EPReward: 9.62
comsolReward 3.1783432148030655
Episode 321/500, Reward: 4.27, ploss: -82.2686538696289, aloss:-0.024560032412409782, berr1:10.573322296142578, berr2:9.714354515075684
 321/500,EPReward: 4.27
comsolReward 3.289900416727636
Episode 322/500, Reward: 4.23, ploss: -82.54674530029297, aloss:-0.023964330554008484, berr1:34.00032424926758, berr2:33.68581008911133
 322/500,EPReward: 4.23
comsolReward 4.059614413058748
Episode 323/500, Reward: 5.39, ploss: -83.84911346435547, aloss:-0.0216321162879467, berr1:9.915096282958984, berr2:9.7971773147583
 323/500,EPReward: 5.39
comsolReward 2.423554365636985
Episode 324/500, Reward: 3.14, ploss: -85.2728042602539, aloss:-0.020866841077804565, berr1:40.527069091796875, berr2:40.171531677246094
 324/500,EPReward: 3.14
comsolReward 5.673452781027828
Episode 325/500, Reward: 8.21, ploss: -83.7147216796875, aloss:-0.023069346323609352, berr1:12.219840049743652, berr2:11.656335830688477
 325/500,EPReward: 8.21
comsolReward 2.476130621375215
Episode 326/500, Reward: 3.21, ploss: -83.93765258789062, aloss:-0.021244443953037262, berr1:9.54000473022461, berr2:9.421565055847168
 326/500,EPReward: 3.21
comsolReward 2.5353431887413627
Episode 327/500, Reward: 3.30, ploss: -83.8678207397461, aloss:-0.020064080134034157, berr1:10.257902145385742, berr2:10.041278839111328
 327/500,EPReward: 3.30
comsolReward 2.9812071669711235
Episode 328/500, Reward: 3.97, ploss: -84.31126403808594, aloss:-0.01884392276406288, berr1:9.679567337036133, berr2:9.783601760864258
 328/500,EPReward: 3.97
comsolReward 1.3832628704859276
Episode 329/500, Reward: 1.57, ploss: -83.60310363769531, aloss:-0.02033981867134571, berr1:34.41097640991211, berr2:34.585411071777344
 329/500,EPReward: 1.57
comsolReward 5.539436965527945
Episode 330/500, Reward: 7.81, ploss: -83.40623474121094, aloss:-0.022631915286183357, berr1:14.297667503356934, berr2:13.890807151794434
 330/500,EPReward: 7.81
comsolReward 4.258336354575682
Episode 331/500, Reward: 5.89, ploss: -83.8853530883789, aloss:-0.02031772769987583, berr1:10.275081634521484, berr2:9.997152328491211
 331/500,EPReward: 5.89
comsolReward 3.2772529520537255
Episode 332/500, Reward: 4.62, ploss: -84.26002502441406, aloss:-0.022102871909737587, berr1:11.365629196166992, berr2:11.091882705688477
 332/500,EPReward: 4.62
comsolReward -0.8838538394299602
Episode 333/500, Reward: -1.38, ploss: -84.7336196899414, aloss:-0.021790681406855583, berr1:8.768234252929688, berr2:8.596454620361328
 333/500,EPReward: -1.38
comsolReward 5.991407476661309
Episode 334/500, Reward: 8.49, ploss: -86.1202163696289, aloss:-0.02140277810394764, berr1:9.907439231872559, berr2:9.921065330505371
 334/500,EPReward: 8.49
comsolReward 4.813587709838378
Episode 335/500, Reward: 6.72, ploss: -84.97073364257812, aloss:-0.02259470894932747, berr1:8.314521789550781, berr2:8.307934761047363
 335/500,EPReward: 6.72
comsolReward 5.4555033908230595
Episode 336/500, Reward: 7.68, ploss: -85.34712219238281, aloss:-0.019101494923233986, berr1:9.461894989013672, berr2:8.994029998779297
 336/500,EPReward: 7.68
comsolReward 5.731118037314483
Episode 337/500, Reward: 8.10, ploss: -84.30758666992188, aloss:-0.022984644398093224, berr1:9.746275901794434, berr2:9.370624542236328
 337/500,EPReward: 8.10
comsolReward 2.883221793979895
Episode 338/500, Reward: 3.82, ploss: -85.34870147705078, aloss:-0.021335789933800697, berr1:9.236608505249023, berr2:8.811644554138184
 338/500,EPReward: 3.82
comsolReward 0.5548223461510461
Episode 339/500, Reward: 0.33, ploss: -82.0463638305664, aloss:-0.025691017508506775, berr1:8.719808578491211, berr2:9.0396089553833
 339/500,EPReward: 0.33
comsolReward 4.765601517193806
Episode 340/500, Reward: 6.65, ploss: -82.21202850341797, aloss:-0.025102296844124794, berr1:10.663002967834473, berr2:10.895451545715332
 340/500,EPReward: 6.65
comsolReward -0.67434832116728
Episode 341/500, Reward: -1.17, ploss: -84.95967102050781, aloss:-0.021778438240289688, berr1:7.893925666809082, berr2:7.750160217285156
 341/500,EPReward: -1.17
comsolReward 1.3597443110529936
Episode 342/500, Reward: 1.54, ploss: -84.31132507324219, aloss:-0.024727359414100647, berr1:37.46372604370117, berr2:37.31205368041992
 342/500,EPReward: 1.54
comsolReward 4.872658016383774
Episode 343/500, Reward: 6.81, ploss: -84.16372680664062, aloss:-0.02631491795182228, berr1:9.504733085632324, berr2:8.974806785583496
 343/500,EPReward: 6.81
comsolReward -0.16925416644282126
Episode 344/500, Reward: -0.67, ploss: -85.89602661132812, aloss:-0.02581111341714859, berr1:36.99224853515625, berr2:37.24567794799805
 344/500,EPReward: -0.67
comsolReward 1.8613297032991425
Episode 345/500, Reward: 2.49, ploss: -85.46109771728516, aloss:-0.025428421795368195, berr1:10.436152458190918, berr2:10.27408218383789
 345/500,EPReward: 2.49
comsolReward 0.7196192284854042
Episode 346/500, Reward: 0.38, ploss: -85.86929321289062, aloss:-0.026864565908908844, berr1:10.436999320983887, berr2:10.433156967163086
 346/500,EPReward: 0.38
comsolReward 3.6616143300789856
Episode 347/500, Reward: 4.99, ploss: -84.58466339111328, aloss:-0.028236370533704758, berr1:35.574337005615234, berr2:35.475074768066406
 347/500,EPReward: 4.99
comsolReward 8.09957143853961
Episode 348/500, Reward: 11.65, ploss: -84.7241439819336, aloss:-0.027370311319828033, berr1:36.108428955078125, berr2:35.9096565246582
 348/500,EPReward: 11.65
comsolReward 2.223535428897087
Episode 349/500, Reward: 2.84, ploss: -82.99315643310547, aloss:-0.03169729933142662, berr1:37.99977111816406, berr2:37.83192443847656
 349/500,EPReward: 2.84
comsolReward 5.54806373766319
Episode 350/500, Reward: 7.62, ploss: -84.37693786621094, aloss:-0.027651347219944, berr1:9.935407638549805, berr2:10.171010971069336
 350/500,EPReward: 7.62
comsolReward 2.8806828901219834
Episode 351/500, Reward: 3.82, ploss: -85.01490783691406, aloss:-0.025991706177592278, berr1:30.744064331054688, berr2:30.857149124145508
 351/500,EPReward: 3.82
comsolReward 7.361202867033538
Episode 352/500, Reward: 11.74, ploss: -86.04422760009766, aloss:-0.026678219437599182, berr1:11.118529319763184, berr2:11.061076164245605
 352/500,EPReward: 11.74
comsolReward 4.186476925549849
Episode 353/500, Reward: 5.78, ploss: -86.18775939941406, aloss:-0.02491418831050396, berr1:38.702362060546875, berr2:38.31562042236328
 353/500,EPReward: 5.78
comsolReward 4.239131216644901
Episode 354/500, Reward: 5.86, ploss: -86.60831451416016, aloss:-0.023586224764585495, berr1:40.08794021606445, berr2:40.024024963378906
 354/500,EPReward: 5.86
comsolReward 0.7325209405187131
Episode 355/500, Reward: 0.60, ploss: -85.09817504882812, aloss:-0.027944691479206085, berr1:34.32505416870117, berr2:34.07872772216797
 355/500,EPReward: 0.60
comsolReward 5.07276530051995
Episode 356/500, Reward: 7.11, ploss: -85.00739288330078, aloss:-0.026732146739959717, berr1:9.275086402893066, berr2:8.961372375488281
 356/500,EPReward: 7.11
comsolReward 5.041679303455758
Episode 357/500, Reward: 7.06, ploss: -86.4154281616211, aloss:-0.021242644637823105, berr1:7.8891496658325195, berr2:7.7184062004089355
 357/500,EPReward: 7.06
comsolReward 4.548627535447527
Episode 358/500, Reward: 6.32, ploss: -84.27517700195312, aloss:-0.027403060346841812, berr1:10.451823234558105, berr2:10.372907638549805
 358/500,EPReward: 6.32
comsolReward 5.767543031409838
Episode 359/500, Reward: 8.15, ploss: -86.70012664794922, aloss:-0.022738412022590637, berr1:32.86937713623047, berr2:32.460365295410156
 359/500,EPReward: 8.15
comsolReward 4.094588022318604
Episode 360/500, Reward: 5.44, ploss: -85.90576171875, aloss:-0.02322564274072647, berr1:9.947301864624023, berr2:9.540029525756836
 360/500,EPReward: 5.44
comsolReward 5.471176800114149
Episode 361/500, Reward: 7.71, ploss: -85.36351013183594, aloss:-0.019144074991345406, berr1:57.954437255859375, berr2:57.19243621826172
 361/500,EPReward: 7.71
comsolReward 6.88957517366902
Episode 362/500, Reward: 9.83, ploss: -83.60747528076172, aloss:-0.01882440783083439, berr1:10.223678588867188, berr2:10.022188186645508
 362/500,EPReward: 9.83
comsolReward 0.9926965008916125
Episode 363/500, Reward: 0.79, ploss: -83.91041564941406, aloss:-0.01921103149652481, berr1:11.341849327087402, berr2:11.01500129699707
 363/500,EPReward: 0.79
comsolReward 2.2458664414487566
Episode 364/500, Reward: 2.87, ploss: -83.00399780273438, aloss:-0.019547782838344574, berr1:13.026397705078125, berr2:12.268092155456543
 364/500,EPReward: 2.87
comsolReward 5.1122317290662265
Episode 365/500, Reward: 7.17, ploss: -87.22491455078125, aloss:-0.01365770772099495, berr1:7.708141326904297, berr2:7.600208282470703
 365/500,EPReward: 7.17
comsolReward 3.0802130514572506
Episode 366/500, Reward: 4.12, ploss: -87.05274200439453, aloss:-0.015835054218769073, berr1:9.6165771484375, berr2:9.396835327148438
 366/500,EPReward: 4.12
comsolReward 5.368179993015431
Episode 367/500, Reward: 7.35, ploss: -86.40402221679688, aloss:-0.01660994440317154, berr1:9.37182903289795, berr2:9.401583671569824
 367/500,EPReward: 7.35
comsolReward 0.5781571468780367
Episode 368/500, Reward: 0.37, ploss: -87.6085205078125, aloss:-0.017204688861966133, berr1:41.47727966308594, berr2:41.50041198730469
 368/500,EPReward: 0.37
comsolReward 5.760056920721632
Episode 369/500, Reward: 8.14, ploss: -86.42695617675781, aloss:-0.020443281158804893, berr1:8.573657035827637, berr2:8.37949275970459
 369/500,EPReward: 8.14
comsolReward -0.10767762270379648
Episode 370/500, Reward: -0.61, ploss: -85.38899993896484, aloss:-0.02504059113562107, berr1:36.014774322509766, berr2:35.66618728637695
 370/500,EPReward: -0.61
comsolReward 0.5823975128349896
Episode 371/500, Reward: 0.37, ploss: -86.8787612915039, aloss:-0.023421134799718857, berr1:34.63615036010742, berr2:34.17655563354492
 371/500,EPReward: 0.37
comsolReward 3.9241168081831774
Episode 372/500, Reward: 5.39, ploss: -85.13491821289062, aloss:-0.02710854448378086, berr1:9.84587287902832, berr2:10.137043952941895
 372/500,EPReward: 5.39
comsolReward 0.6506234968456557
Episode 373/500, Reward: 0.48, ploss: -84.82180786132812, aloss:-0.02905958518385887, berr1:10.543110847473145, berr2:10.17276382446289
 373/500,EPReward: 0.48
comsolReward 6.161916304818701
Episode 374/500, Reward: 8.74, ploss: -86.1575698852539, aloss:-0.027384163811802864, berr1:10.172141075134277, berr2:9.732650756835938
 374/500,EPReward: 8.74
comsolReward 7.165972411140393
Episode 375/500, Reward: 10.25, ploss: -85.49819946289062, aloss:-0.02977864444255829, berr1:9.255229949951172, berr2:8.840694427490234
 375/500,EPReward: 10.25
comsolReward 2.129210005676311
Episode 376/500, Reward: 2.69, ploss: -87.21142578125, aloss:-0.027306877076625824, berr1:9.681266784667969, berr2:9.375875473022461
 376/500,EPReward: 2.69
comsolReward 5.3313537856811175
Episode 377/500, Reward: 7.30, ploss: -86.32615661621094, aloss:-0.031098326668143272, berr1:10.151132583618164, berr2:9.947184562683105
 377/500,EPReward: 7.30
comsolReward 6.067470844375563
Episode 378/500, Reward: 8.60, ploss: -86.34526824951172, aloss:-0.0322444885969162, berr1:13.619245529174805, berr2:13.730510711669922
 378/500,EPReward: 8.60
comsolReward 1.5605745279697527
Episode 379/500, Reward: 1.84, ploss: -88.40511322021484, aloss:-0.028894629329442978, berr1:9.562538146972656, berr2:9.60236930847168
 379/500,EPReward: 1.84
comsolReward -1.0764820662866998
Episode 380/500, Reward: -1.58, ploss: -88.45614624023438, aloss:-0.02862420119345188, berr1:9.725360870361328, berr2:9.436603546142578
 380/500,EPReward: -1.58
comsolReward 4.879752518044688
Episode 381/500, Reward: 6.82, ploss: -87.75216674804688, aloss:-0.029625020921230316, berr1:11.051158905029297, berr2:10.726103782653809
 381/500,EPReward: 6.82
comsolReward 2.62259456356754
Episode 382/500, Reward: 3.43, ploss: -87.67923736572266, aloss:-0.02952735684812069, berr1:13.063028335571289, berr2:12.822763442993164
 382/500,EPReward: 3.43
comsolReward 2.2331720846139915
Episode 383/500, Reward: 2.85, ploss: -87.42585754394531, aloss:-0.028729911893606186, berr1:12.521356582641602, berr2:11.8496732711792
 383/500,EPReward: 2.85
comsolReward 1.0249650040132434
Episode 384/500, Reward: 1.04, ploss: -86.98255920410156, aloss:-0.029430236667394638, berr1:34.95637893676758, berr2:34.54638671875
 384/500,EPReward: 1.04
comsolReward 3.659426249645174
Episode 385/500, Reward: 4.99, ploss: -85.61100006103516, aloss:-0.029887493699789047, berr1:38.710418701171875, berr2:38.58387756347656
 385/500,EPReward: 4.99
comsolReward 5.703276091218109
Episode 386/500, Reward: 8.05, ploss: -85.61066436767578, aloss:-0.02970971167087555, berr1:35.556419372558594, berr2:35.466068267822266
 386/500,EPReward: 8.05
comsolReward 2.652224155117205
Episode 387/500, Reward: 3.28, ploss: -86.99118041992188, aloss:-0.028054021298885345, berr1:35.31167984008789, berr2:34.8284912109375
 387/500,EPReward: 3.28
comsolReward -1.4370354432465464
Episode 388/500, Reward: -1.94, ploss: -85.80912780761719, aloss:-0.03017497807741165, berr1:13.270051956176758, berr2:12.333436012268066
 388/500,EPReward: -1.94
comsolReward 2.199319934292988
Episode 389/500, Reward: 2.80, ploss: -88.55403900146484, aloss:-0.02691228874027729, berr1:10.845088005065918, berr2:10.316935539245605
 389/500,EPReward: 2.80
comsolReward 3.316294862784551
Episode 390/500, Reward: 4.27, ploss: -88.44073486328125, aloss:-0.02969926968216896, berr1:9.522114753723145, berr2:9.441596984863281
 390/500,EPReward: 4.27
comsolReward 8.665191147029613
Episode 391/500, Reward: 12.70, ploss: -89.87342071533203, aloss:-0.028060028329491615, berr1:34.04366683959961, berr2:34.132381439208984
 391/500,EPReward: 12.70
comsolReward 4.334332414075014
Episode 392/500, Reward: 6.00, ploss: -89.44171905517578, aloss:-0.026771297678351402, berr1:42.661346435546875, berr2:42.56633377075195
 392/500,EPReward: 6.00
comsolReward 0.7287768352017889
Episode 393/500, Reward: 0.59, ploss: -86.5939712524414, aloss:-0.031355712562799454, berr1:33.001243591308594, berr2:32.37309265136719
 393/500,EPReward: 0.59
comsolReward 4.969047216114047
Episode 394/500, Reward: 6.95, ploss: -86.8628921508789, aloss:-0.032335538417100906, berr1:59.246482849121094, berr2:58.095436096191406
 394/500,EPReward: 6.95
comsolReward 6.663159565099212
Episode 395/500, Reward: 9.49, ploss: -84.55577087402344, aloss:-0.03478473424911499, berr1:10.074155807495117, berr2:9.654233932495117
 395/500,EPReward: 9.49
comsolReward 5.1822086996569405
Episode 396/500, Reward: 7.27, ploss: -85.88671875, aloss:-0.032144807279109955, berr1:9.782182693481445, berr2:10.19771671295166
 396/500,EPReward: 7.27
comsolReward 3.123511771544702
Episode 397/500, Reward: 4.19, ploss: -85.90428161621094, aloss:-0.03401731699705124, berr1:13.092129707336426, berr2:13.53580379486084
 397/500,EPReward: 4.19
comsolReward 5.185457079049195
Episode 398/500, Reward: 7.28, ploss: -87.84703063964844, aloss:-0.033181801438331604, berr1:14.271605491638184, berr2:13.838949203491211
 398/500,EPReward: 7.28
comsolReward 5.410700893973252
Episode 399/500, Reward: 7.42, ploss: -89.09379577636719, aloss:-0.03509369492530823, berr1:37.491004943847656, berr2:36.987586975097656
 399/500,EPReward: 7.42
comsolReward 2.7468631114847994
Episode 400/500, Reward: 3.62, ploss: -90.38799285888672, aloss:-0.03359892964363098, berr1:10.919706344604492, berr2:10.512871742248535
 400/500,EPReward: 3.62
comsolReward 5.074877944515579
Episode 401/500, Reward: 7.11, ploss: -90.95488739013672, aloss:-0.036544069647789, berr1:36.08659362792969, berr2:36.920013427734375
 401/500,EPReward: 7.11
comsolReward 4.697178450155287
Episode 402/500, Reward: 6.35, ploss: -90.56461334228516, aloss:-0.03755621239542961, berr1:75.12122344970703, berr2:76.0352554321289
 402/500,EPReward: 6.35
comsolReward 0.6847798610843798
Episode 403/500, Reward: 0.53, ploss: -89.64269256591797, aloss:-0.03954477235674858, berr1:9.767037391662598, berr2:9.620183944702148
 403/500,EPReward: 0.53
comsolReward 4.40043867171048
Episode 404/500, Reward: 6.10, ploss: -88.67324829101562, aloss:-0.039259087294340134, berr1:40.17108154296875, berr2:39.766292572021484
 404/500,EPReward: 6.10
comsolReward 1.1214664308189568
Episode 405/500, Reward: 1.18, ploss: -88.24098205566406, aloss:-0.04185508191585541, berr1:9.424678802490234, berr2:9.157182693481445
 405/500,EPReward: 1.18
comsolReward 4.048530761897192
Episode 406/500, Reward: 5.57, ploss: -86.77619171142578, aloss:-0.04071927070617676, berr1:9.934444427490234, berr2:10.02192497253418
 406/500,EPReward: 5.57
comsolReward 0.48474930132769556
Episode 407/500, Reward: 0.23, ploss: -89.53622436523438, aloss:-0.0362941212952137, berr1:9.355561256408691, berr2:9.917667388916016
 407/500,EPReward: 0.23
comsolReward 6.499372848712926
Episode 408/500, Reward: 9.45, ploss: -87.58740234375, aloss:-0.04089619219303131, berr1:9.687643051147461, berr2:9.683682441711426
 408/500,EPReward: 9.45
comsolReward -0.6209502738015118
Episode 409/500, Reward: -0.92, ploss: -88.203857421875, aloss:-0.04244929552078247, berr1:9.316505432128906, berr2:9.12774658203125
 409/500,EPReward: -0.92
comsolReward 1.8549139634559868
Episode 410/500, Reward: 2.28, ploss: -87.30125427246094, aloss:-0.042864374816417694, berr1:59.41775131225586, berr2:59.18407440185547
 410/500,EPReward: 2.28
comsolReward 0.388246888072422
Episode 411/500, Reward: 0.28, ploss: -88.99774169921875, aloss:-0.040091704577207565, berr1:9.968528747558594, berr2:9.590941429138184
 411/500,EPReward: 0.28
comsolReward 1.9080825861470359
Episode 412/500, Reward: 2.36, ploss: -87.47235870361328, aloss:-0.044525425881147385, berr1:8.389801979064941, berr2:8.49182415008545
 412/500,EPReward: 2.36
comsolReward 4.44702994844881
Episode 413/500, Reward: 6.37, ploss: -89.19384002685547, aloss:-0.04146156460046768, berr1:42.907527923583984, berr2:42.7901611328125
 413/500,EPReward: 6.37
comsolReward 1.41023671014309
Episode 414/500, Reward: 1.62, ploss: -89.85575103759766, aloss:-0.04129202663898468, berr1:9.868163108825684, berr2:9.689212799072266
 414/500,EPReward: 1.62
comsolReward 2.612762786267864
Episode 415/500, Reward: 3.42, ploss: -88.81832885742188, aloss:-0.041393328458070755, berr1:40.24327087402344, berr2:39.85948181152344
 415/500,EPReward: 3.42
comsolReward 6.121882476433916
Episode 416/500, Reward: 8.68, ploss: -88.56654357910156, aloss:-0.042311422526836395, berr1:8.56714916229248, berr2:8.504135131835938
 416/500,EPReward: 8.68
comsolReward 3.659873052525633
Episode 417/500, Reward: 4.79, ploss: -88.5831527709961, aloss:-0.04410533979535103, berr1:10.673398971557617, berr2:10.854781150817871
 417/500,EPReward: 4.79
comsolReward 5.544173279041125
Episode 418/500, Reward: 7.82, ploss: -87.83143615722656, aloss:-0.046118222177028656, berr1:34.7082405090332, berr2:34.42511749267578
 418/500,EPReward: 7.82
comsolReward 0.6132554169931037
Episode 419/500, Reward: 0.42, ploss: -88.9627456665039, aloss:-0.04567781835794449, berr1:38.06007766723633, berr2:37.9785270690918
 419/500,EPReward: 0.42
comsolReward 3.5789906246907632
Episode 420/500, Reward: 4.87, ploss: -89.44438171386719, aloss:-0.04378507286310196, berr1:14.991252899169922, berr2:14.568634033203125
 420/500,EPReward: 4.87
comsolReward 5.136499680156536
Episode 421/500, Reward: 7.20, ploss: -89.14895629882812, aloss:-0.044045038521289825, berr1:36.836673736572266, berr2:37.0648193359375
 421/500,EPReward: 7.20
comsolReward 2.566762577082743
Episode 422/500, Reward: 3.35, ploss: -90.55519104003906, aloss:-0.04334789514541626, berr1:8.341163635253906, berr2:8.170348167419434
 422/500,EPReward: 3.35
comsolReward 2.2297947032343517
Episode 423/500, Reward: 2.84, ploss: -90.45313262939453, aloss:-0.042912453413009644, berr1:63.17416000366211, berr2:63.15142822265625
 423/500,EPReward: 2.84
comsolReward 1.8201207094832976
Episode 424/500, Reward: 2.23, ploss: -89.30455017089844, aloss:-0.04613242298364639, berr1:33.90898132324219, berr2:33.7686882019043
 424/500,EPReward: 2.23
comsolReward -0.4947642242102768
Episode 425/500, Reward: -0.99, ploss: -87.27679443359375, aloss:-0.04848204180598259, berr1:41.18314743041992, berr2:40.72454071044922
 425/500,EPReward: -0.99
comsolReward 3.5578617736576525
Episode 426/500, Reward: 4.84, ploss: -88.32889556884766, aloss:-0.04502527415752411, berr1:36.7125244140625, berr2:36.35780334472656
 426/500,EPReward: 4.84
comsolReward 1.9469309782321935
Episode 427/500, Reward: 2.42, ploss: -87.13038635253906, aloss:-0.04762300103902817, berr1:11.148992538452148, berr2:11.155020713806152
 427/500,EPReward: 2.42
comsolReward 1.5146607747695113
Episode 428/500, Reward: 1.77, ploss: -87.04434204101562, aloss:-0.04856967180967331, berr1:70.19264221191406, berr2:69.61673736572266
 428/500,EPReward: 1.77
comsolReward 1.9912428329860306
Episode 429/500, Reward: 2.49, ploss: -88.84209442138672, aloss:-0.04338781535625458, berr1:32.05875015258789, berr2:32.075843811035156
 429/500,EPReward: 2.49
comsolReward 3.5578617736576525
Episode 430/500, Reward: 4.84, ploss: -87.9581298828125, aloss:-0.04306145757436752, berr1:64.22354888916016, berr2:64.03065490722656
 430/500,EPReward: 4.84
comsolReward 3.025604498529913
Episode 431/500, Reward: 4.24, ploss: -89.42335510253906, aloss:-0.0397774875164032, berr1:11.254319190979004, berr2:10.964909553527832
 431/500,EPReward: 4.24
comsolReward -2.3128363967078824
Episode 432/500, Reward: -2.81, ploss: -88.74979400634766, aloss:-0.04063371196389198, berr1:10.624667167663574, berr2:9.91374683380127
 432/500,EPReward: -2.81
comsolReward 4.863127151527927
Episode 433/500, Reward: 6.59, ploss: -91.38810729980469, aloss:-0.038879647850990295, berr1:37.02988052368164, berr2:36.90106201171875
 433/500,EPReward: 6.59
comsolReward 6.93208947539996
Episode 434/500, Reward: 9.90, ploss: -91.9715805053711, aloss:-0.03656623885035515, berr1:8.048229217529297, berr2:7.869756698608398
 434/500,EPReward: 9.90
comsolReward 1.3391183066537775
Episode 435/500, Reward: 1.51, ploss: -92.47000122070312, aloss:-0.03676943480968475, berr1:9.615452766418457, berr2:9.683219909667969
 435/500,EPReward: 1.51
comsolReward 4.161890280547077
Episode 436/500, Reward: 5.74, ploss: -90.8426513671875, aloss:-0.038718026131391525, berr1:42.67272186279297, berr2:42.70093536376953
 436/500,EPReward: 5.74
comsolReward 6.730736136416654
Episode 437/500, Reward: 9.60, ploss: -90.97135925292969, aloss:-0.03626056760549545, berr1:42.31369400024414, berr2:41.92781448364258
 437/500,EPReward: 9.60
comsolReward 2.498007044597009
Episode 438/500, Reward: 3.25, ploss: -90.67704010009766, aloss:-0.03462284058332443, berr1:8.230265617370605, berr2:8.071849822998047
 438/500,EPReward: 3.25
comsolReward 0.792087407676722
Episode 439/500, Reward: 0.69, ploss: -89.61540222167969, aloss:-0.033484891057014465, berr1:9.420150756835938, berr2:9.494512557983398
 439/500,EPReward: 0.69
comsolReward 1.9563286366708534
Episode 440/500, Reward: 2.43, ploss: -88.5481185913086, aloss:-0.03914714977145195, berr1:10.571588516235352, berr2:11.17336368560791
 440/500,EPReward: 2.43
comsolReward 6.684423616087085
Episode 441/500, Reward: 9.53, ploss: -90.24960327148438, aloss:-0.03628968447446823, berr1:8.868491172790527, berr2:8.976499557495117
 441/500,EPReward: 9.53
comsolReward -1.0436744589482418
Episode 442/500, Reward: -1.54, ploss: -90.3974609375, aloss:-0.034309178590774536, berr1:39.13483428955078, berr2:38.923213958740234
 442/500,EPReward: -1.54
comsolReward 1.714585068144152
Episode 443/500, Reward: 2.07, ploss: -88.70813751220703, aloss:-0.03975902870297432, berr1:74.62504577636719, berr2:74.58951568603516
 443/500,EPReward: 2.07
comsolReward 1.2894768967500607
Episode 444/500, Reward: 1.43, ploss: -88.14262390136719, aloss:-0.03733614832162857, berr1:11.246383666992188, berr2:10.585186004638672
 444/500,EPReward: 1.43
comsolReward 5.272195526150777
Episode 445/500, Reward: 7.21, ploss: -90.91796875, aloss:-0.03246421739459038, berr1:9.052671432495117, berr2:8.518427848815918
 445/500,EPReward: 7.21
comsolReward 4.198482874844826
Episode 446/500, Reward: 6.00, ploss: -92.05187225341797, aloss:-0.03224828466773033, berr1:8.397571563720703, berr2:8.148411750793457
 446/500,EPReward: 6.00
comsolReward 5.855990578415932
Episode 447/500, Reward: 8.48, ploss: -92.22435760498047, aloss:-0.029625900089740753, berr1:8.818865776062012, berr2:8.75317668914795
 447/500,EPReward: 8.48
comsolReward 6.661477652875293
Episode 448/500, Reward: 9.49, ploss: -92.7716293334961, aloss:-0.030292067676782608, berr1:7.8648810386657715, berr2:7.699427127838135
 448/500,EPReward: 9.49
comsolReward 2.5755918993195492
Episode 449/500, Reward: 3.36, ploss: -90.57438659667969, aloss:-0.03277156129479408, berr1:23.716764450073242, berr2:23.48124885559082
 449/500,EPReward: 3.36
comsolReward 3.8780618438611825
Episode 450/500, Reward: 5.32, ploss: -92.71760559082031, aloss:-0.02903757616877556, berr1:6.749762535095215, berr2:6.563814163208008
 450/500,EPReward: 5.32
comsolReward 4.7105043636668915
Episode 451/500, Reward: 6.37, ploss: -91.70812225341797, aloss:-0.027845438569784164, berr1:36.981666564941406, berr2:36.90575408935547
 451/500,EPReward: 6.37
comsolReward -2.059670009577238
Episode 452/500, Reward: -2.56, ploss: -91.63642883300781, aloss:-0.024723052978515625, berr1:9.13003921508789, berr2:9.113186836242676
 452/500,EPReward: -2.56
comsolReward 4.19516248129017
Episode 453/500, Reward: 5.79, ploss: -91.39032745361328, aloss:-0.025288516655564308, berr1:39.82621383666992, berr2:39.88373565673828
 453/500,EPReward: 5.79
comsolReward 2.66944351472472
Episode 454/500, Reward: 3.50, ploss: -90.77262878417969, aloss:-0.027250200510025024, berr1:38.641666412353516, berr2:38.38154220581055
 454/500,EPReward: 3.50
comsolReward 8.22036766054366
Episode 455/500, Reward: 11.83, ploss: -90.58863830566406, aloss:-0.02735729329288006, berr1:7.732348918914795, berr2:7.346398830413818
 455/500,EPReward: 11.83
comsolReward 1.5555501141162114
Episode 456/500, Reward: 1.83, ploss: -91.80044555664062, aloss:-0.022576337680220604, berr1:10.381667137145996, berr2:9.712213516235352
 456/500,EPReward: 1.83
comsolReward 5.780467771155571
Episode 457/500, Reward: 8.17, ploss: -90.63084411621094, aloss:-0.027405738830566406, berr1:9.473108291625977, berr2:8.918128967285156
 457/500,EPReward: 8.17
comsolReward 4.680897199629955
Episode 458/500, Reward: 6.32, ploss: -92.99198150634766, aloss:-0.022134732455015182, berr1:8.000595092773438, berr2:8.006158828735352
 458/500,EPReward: 6.32
comsolReward 3.1791602528296163
Episode 459/500, Reward: 4.27, ploss: -94.08631896972656, aloss:-0.019824692979454994, berr1:8.246880531311035, berr2:8.18850040435791
 459/500,EPReward: 4.27
comsolReward -1.3016376436424764
Episode 460/500, Reward: -1.80, ploss: -91.91741943359375, aloss:-0.023875989019870758, berr1:38.41384506225586, berr2:38.35173416137695
 460/500,EPReward: -1.80
comsolReward 2.929792606105195
Episode 461/500, Reward: 3.89, ploss: -92.45921325683594, aloss:-0.023541096597909927, berr1:10.57020378112793, berr2:10.122312545776367
 461/500,EPReward: 3.89
comsolReward 3.630834346799432
Episode 462/500, Reward: 4.95, ploss: -90.82844543457031, aloss:-0.02366989478468895, berr1:71.94140625, berr2:70.93331909179688
 462/500,EPReward: 4.95
comsolReward 0.4925150246108191
Episode 463/500, Reward: 0.04, ploss: -89.94854736328125, aloss:-0.023130066692829132, berr1:9.04957389831543, berr2:8.81689453125
 463/500,EPReward: 0.04
comsolReward 1.5049953429205953
Episode 464/500, Reward: 1.76, ploss: -90.83545684814453, aloss:-0.020320141687989235, berr1:10.675400733947754, berr2:11.002727508544922
 464/500,EPReward: 1.76
comsolReward 5.669443695332065
Episode 465/500, Reward: 8.00, ploss: -91.30340576171875, aloss:-0.018748730421066284, berr1:11.899409294128418, berr2:12.13247299194336
 465/500,EPReward: 8.00
comsolReward 7.152033090022871
Episode 466/500, Reward: 10.23, ploss: -91.47633361816406, aloss:-0.017988240346312523, berr1:11.951014518737793, berr2:11.578857421875
 466/500,EPReward: 10.23
comsolReward 5.323357575893008
Episode 467/500, Reward: 7.69, ploss: -90.26580810546875, aloss:-0.025005556643009186, berr1:8.343554496765137, berr2:7.909576416015625
 467/500,EPReward: 7.69
comsolReward 4.9010456035139836
Episode 468/500, Reward: 6.85, ploss: -92.6787109375, aloss:-0.017990021035075188, berr1:62.399085998535156, berr2:62.49043655395508
 468/500,EPReward: 6.85
comsolReward -0.04363139293254505
Episode 469/500, Reward: -0.54, ploss: -91.82252502441406, aloss:-0.023259487003087997, berr1:8.438716888427734, berr2:8.27942180633545
 469/500,EPReward: -0.54
comsolReward -0.8732006552072062
Episode 470/500, Reward: -1.57, ploss: -91.58523559570312, aloss:-0.023824241012334824, berr1:12.100567817687988, berr2:11.819758415222168
 470/500,EPReward: -1.57
comsolReward 3.937510255991301
Episode 471/500, Reward: 5.41, ploss: -91.32284545898438, aloss:-0.025016365572810173, berr1:9.960107803344727, berr2:9.89492130279541
 471/500,EPReward: 5.41
comsolReward 4.774944599905889
Episode 472/500, Reward: 6.66, ploss: -93.199951171875, aloss:-0.022769475355744362, berr1:9.740826606750488, berr2:9.408217430114746
 472/500,EPReward: 6.66
comsolReward 3.1916706750601946
Episode 473/500, Reward: 4.29, ploss: -91.59674072265625, aloss:-0.025355134159326553, berr1:9.473034858703613, berr2:9.146364212036133
 473/500,EPReward: 4.29
comsolReward 8.68473552076578
Episode 474/500, Reward: 12.53, ploss: -90.65485382080078, aloss:-0.029055718332529068, berr1:8.096526145935059, berr2:7.977479934692383
 474/500,EPReward: 12.53
comsolReward 0.2577386629431978
Episode 475/500, Reward: -0.31, ploss: -90.79705810546875, aloss:-0.02477193810045719, berr1:38.22367858886719, berr2:38.080406188964844
 475/500,EPReward: -0.31
comsolReward 4.4991874582308125
Episode 476/500, Reward: 6.45, ploss: -91.28755950927734, aloss:-0.029492657631635666, berr1:8.10179328918457, berr2:7.785277843475342
 476/500,EPReward: 6.45
comsolReward 4.667374853907013
Episode 477/500, Reward: 6.50, ploss: -92.22877502441406, aloss:-0.025422539561986923, berr1:12.44752025604248, berr2:12.310409545898438
 477/500,EPReward: 6.50
comsolReward 3.636569994468142
Episode 478/500, Reward: 4.75, ploss: -92.44701385498047, aloss:-0.027414606884121895, berr1:9.49147891998291, berr2:9.127002716064453
 478/500,EPReward: 4.75
comsolReward 2.692715842960239
Episode 479/500, Reward: 3.54, ploss: -92.71083068847656, aloss:-0.02848016656935215, berr1:9.246527671813965, berr2:8.755046844482422
 479/500,EPReward: 3.54
comsolReward 4.956826573042431
Episode 480/500, Reward: 6.94, ploss: -92.26425170898438, aloss:-0.03359470143914223, berr1:8.826681137084961, berr2:8.34859561920166
 480/500,EPReward: 6.94
comsolReward 6.743876473878989
Episode 481/500, Reward: 9.62, ploss: -93.52165985107422, aloss:-0.03232065215706825, berr1:43.84711456298828, berr2:43.94803237915039
 481/500,EPReward: 9.62
comsolReward 6.003538926380504
Episode 482/500, Reward: 8.51, ploss: -92.8987045288086, aloss:-0.03403636813163757, berr1:6.659775257110596, berr2:6.57932710647583
 482/500,EPReward: 8.51
comsolReward 6.9393818323295235
Episode 483/500, Reward: 9.91, ploss: -93.49442291259766, aloss:-0.03425179049372673, berr1:9.575711250305176, berr2:9.406509399414062
 483/500,EPReward: 9.91
comsolReward 2.5796437237069263
Episode 484/500, Reward: 3.37, ploss: -90.94853210449219, aloss:-0.04149121418595314, berr1:11.610784530639648, berr2:11.08987808227539
 484/500,EPReward: 3.37
comsolReward -0.8838538394299602
Episode 485/500, Reward: -1.58, ploss: -94.57433319091797, aloss:-0.03251384571194649, berr1:8.708024978637695, berr2:8.62926197052002
 485/500,EPReward: -1.58
comsolReward 5.40043919803364
Episode 486/500, Reward: 7.60, ploss: -93.86717987060547, aloss:-0.035154249519109726, berr1:9.33007526397705, berr2:9.420863151550293
 486/500,EPReward: 7.60
comsolReward 4.3206099697040266
Episode 487/500, Reward: 6.18, ploss: -93.15618896484375, aloss:-0.03890135884284973, berr1:8.991710662841797, berr2:9.068976402282715
 487/500,EPReward: 6.18
comsolReward 3.4268573977378436
Episode 488/500, Reward: 4.64, ploss: -94.28209686279297, aloss:-0.03860877454280853, berr1:8.455137252807617, berr2:8.379122734069824
 488/500,EPReward: 4.64
comsolReward 2.088727041852719
Episode 489/500, Reward: 2.63, ploss: -94.2581787109375, aloss:-0.03985002636909485, berr1:8.77639102935791, berr2:8.614009857177734
 489/500,EPReward: 2.63
comsolReward 4.76453593331676
Episode 490/500, Reward: 6.65, ploss: -94.31600952148438, aloss:-0.03861263766884804, berr1:10.484604835510254, berr2:10.250819206237793
 490/500,EPReward: 6.65
comsolReward 3.7792332950191536
Episode 491/500, Reward: 5.17, ploss: -94.33889770507812, aloss:-0.04034850373864174, berr1:8.629528999328613, berr2:8.325801849365234
 491/500,EPReward: 5.17
comsolReward 3.130740197328916
Episode 492/500, Reward: 4.20, ploss: -93.09225463867188, aloss:-0.04102138802409172, berr1:8.162288665771484, berr2:7.759925365447998
 492/500,EPReward: 4.20
comsolReward 5.878508808360415
Episode 493/500, Reward: 8.32, ploss: -93.39259338378906, aloss:-0.040626343339681625, berr1:43.17146301269531, berr2:42.98074722290039
 493/500,EPReward: 8.32
comsolReward 7.006145665746783
Episode 494/500, Reward: 10.01, ploss: -93.78240203857422, aloss:-0.04549361765384674, berr1:8.64405345916748, berr2:8.343756675720215
 494/500,EPReward: 10.01
comsolReward 3.5348936385604306
Episode 495/500, Reward: 4.80, ploss: -94.1633529663086, aloss:-0.042448990046978, berr1:8.23178482055664, berr2:8.068577766418457
 495/500,EPReward: 4.80
comsolReward 3.5578617736576525
Episode 496/500, Reward: 4.84, ploss: -94.65289306640625, aloss:-0.04402191564440727, berr1:7.819735050201416, berr2:7.818471908569336
 496/500,EPReward: 4.84
comsolReward 2.241023555088194
Episode 497/500, Reward: 2.86, ploss: -94.1709213256836, aloss:-0.04355638846755028, berr1:38.14508056640625, berr2:38.01382064819336
 497/500,EPReward: 2.86
comsolReward 6.598003467623275
Episode 498/500, Reward: 9.40, ploss: -93.22962951660156, aloss:-0.046428922563791275, berr1:11.649419784545898, berr2:11.123830795288086
 498/500,EPReward: 9.40
comsolReward 4.908501020425788
Episode 499/500, Reward: 6.86, ploss: -95.64217376708984, aloss:-0.04416702315211296, berr1:9.725172996520996, berr2:9.610452651977539
 499/500,EPReward: 6.86
comsolReward 9.070386801625714
Episode 500/500, Reward: 13.11, ploss: -93.74163818359375, aloss:-0.05058176442980766, berr1:8.6784029006958, berr2:8.449555397033691
 500/500,EPReward: 13.11
Training complete. History saved to training_data_history.npy
