nohup: ignoring input
Gym has been unmaintained since 2022 and does not support NumPy 2.0 amongst other critical functionality.
Please upgrade to Gymnasium, the maintained drop-in replacement of Gym, or contact the authors of your software and request that they upgrade.
Users of this version of Gym should be able to simply replace 'import gym' with 'import gymnasium as gym' in the vast majority of cases.
See the migration guide at https://gymnasium.farama.org/introduction/migration_guide/ for additional information.
<frozen importlib._bootstrap>:491: RuntimeWarning: The global interpreter lock (GIL) has been enabled to load module 'triton._C.libtriton', which has not declared that it can run safely without the GIL. To override this behavior and keep the GIL disabled (at your own risk), run with PYTHON_GIL=0 or -Xgil=0.
start training
comsolReward 2.3029343321985234
Episode 1/500, Reward: 2.95, ploss: -134.61257934570312, aloss:-0.0, berr1:35.282169342041016, berr2:29.061012268066406
 1/500,EPReward: 2.95
comsolReward 6.049841659140384
Episode 2/500, Reward: 8.57, ploss: -133.9709014892578, aloss:-3.118735776297399e-06, berr1:5.517578125, berr2:5.2864837646484375
 2/500,EPReward: 8.57
comsolReward 3.8531367258824383
Episode 3/500, Reward: 5.28, ploss: -133.95068359375, aloss:-6.179518095450476e-06, berr1:20.047231674194336, berr2:18.788639068603516
 3/500,EPReward: 5.28
comsolReward 1.358071943232072
Episode 4/500, Reward: 1.54, ploss: -136.53416442871094, aloss:-9.576599040883593e-06, berr1:18.702125549316406, berr2:15.001288414001465
 4/500,EPReward: 1.54
comsolReward 1.2092903827786774
Episode 5/500, Reward: 1.31, ploss: -139.03427124023438, aloss:-1.557367249915842e-05, berr1:86.82584381103516, berr2:86.8587646484375
 5/500,EPReward: 1.31
comsolReward 0.47245564215942637
Episode 6/500, Reward: 0.21, ploss: -135.81878662109375, aloss:-2.6554715077509172e-05, berr1:7.571471691131592, berr2:7.94069766998291
 6/500,EPReward: 0.21
comsolReward 1.0131694371458495
Episode 7/500, Reward: 1.02, ploss: -134.09060668945312, aloss:-3.2379361073253676e-05, berr1:10.26069450378418, berr2:9.653087615966797
 7/500,EPReward: 1.02
comsolReward 1.1894810471548987
Episode 8/500, Reward: 1.28, ploss: -129.99221801757812, aloss:-4.6367775212274864e-05, berr1:84.94355773925781, berr2:82.83184051513672
 8/500,EPReward: 1.28
comsolReward 1.7596897009930137
Episode 9/500, Reward: 2.14, ploss: -128.40884399414062, aloss:-6.0244256019359455e-05, berr1:80.37039184570312, berr2:78.7847900390625
 9/500,EPReward: 2.14
comsolReward 0.6140995942299213
Episode 10/500, Reward: 0.42, ploss: -130.25929260253906, aloss:-7.233764335978776e-05, berr1:80.3055191040039, berr2:81.77015686035156
 10/500,EPReward: 0.42
comsolReward 3.0910149519649046
Episode 11/500, Reward: 4.14, ploss: -130.74510192871094, aloss:-0.00010186419967794791, berr1:15.09430980682373, berr2:14.62738037109375
 11/500,EPReward: 4.14
comsolReward 6.5629435808614325
Episode 12/500, Reward: 9.34, ploss: -134.36599731445312, aloss:-0.00014052688493393362, berr1:15.60057258605957, berr2:12.471461296081543
 12/500,EPReward: 9.34
comsolReward 4.738914144203263
Episode 13/500, Reward: 6.61, ploss: -137.73597717285156, aloss:-0.00017762694915290922, berr1:87.82984924316406, berr2:88.76851654052734
 13/500,EPReward: 6.61
comsolReward 1.7195699749549045
Episode 14/500, Reward: 2.08, ploss: -139.69482421875, aloss:-0.0002069407346425578, berr1:90.69762420654297, berr2:93.57892608642578
 14/500,EPReward: 2.08
comsolReward 3.5350829569748674
Episode 15/500, Reward: 4.80, ploss: -140.9303436279297, aloss:-0.00021855064551346004, berr1:87.63216400146484, berr2:87.38491821289062
 15/500,EPReward: 4.80
comsolReward 2.786562895385356
Episode 16/500, Reward: 3.68, ploss: -132.88514709472656, aloss:-0.00033218556200154126, berr1:85.73631286621094, berr2:84.22271728515625
 16/500,EPReward: 3.68
comsolReward 3.050812769710002
Episode 17/500, Reward: 4.28, ploss: -134.87802124023438, aloss:-0.00034626235719770193, berr1:79.7269287109375, berr2:80.4360580444336
 17/500,EPReward: 4.28
comsolReward 3.5162174992079565
Episode 18/500, Reward: 4.57, ploss: -130.4357452392578, aloss:-0.0005038722301833332, berr1:11.296321868896484, berr2:13.931278228759766
 18/500,EPReward: 4.57
comsolReward 1.575594468175654
Episode 19/500, Reward: 1.86, ploss: -137.04745483398438, aloss:-0.00042620900785550475, berr1:11.021784782409668, berr2:10.479774475097656
 19/500,EPReward: 1.86
comsolReward 5.506070819224455
Episode 20/500, Reward: 7.76, ploss: -137.65223693847656, aloss:-0.0005403057439252734, berr1:7.921762466430664, berr2:6.517330169677734
 20/500,EPReward: 7.76
comsolReward 1.8861783375739416
Episode 21/500, Reward: 2.13, ploss: -142.595947265625, aloss:-0.0005178121500648558, berr1:73.80076599121094, berr2:75.76171875
 21/500,EPReward: 2.13
comsolReward 1.3192300952817908
Episode 22/500, Reward: 1.48, ploss: -142.8870391845703, aloss:-0.0005671678809449077, berr1:6.9907402992248535, berr2:8.896699905395508
 22/500,EPReward: 1.48
comsolReward 3.7253492729768745
Episode 23/500, Reward: 5.09, ploss: -140.06396484375, aloss:-0.0006943636108189821, berr1:7.880308151245117, berr2:7.167520523071289
 23/500,EPReward: 5.09
comsolReward 7.034731452569449
Episode 24/500, Reward: 10.05, ploss: -134.62576293945312, aloss:-0.0009770173346623778, berr1:5.707935333251953, berr2:4.748315811157227
 24/500,EPReward: 10.05
comsolReward 0.43165932577556054
Episode 25/500, Reward: 0.35, ploss: -136.613525390625, aloss:-0.0009314239723607898, berr1:6.046729564666748, berr2:7.079792022705078
 25/500,EPReward: 0.35
comsolReward 3.0680682718573244
Episode 26/500, Reward: 4.10, ploss: -136.91453552246094, aloss:-0.0011963266879320145, berr1:83.38471984863281, berr2:84.00022888183594
 26/500,EPReward: 4.10
comsolReward 3.0398214613901597
Episode 27/500, Reward: 4.06, ploss: -136.48997497558594, aloss:-0.0013809254160150886, berr1:8.805201530456543, berr2:8.897851943969727
 27/500,EPReward: 4.06
comsolReward 1.561621477004731
Episode 28/500, Reward: 1.64, ploss: -139.35226440429688, aloss:-0.0014077285304665565, berr1:6.5224928855896, berr2:5.6581010818481445
 28/500,EPReward: 1.64
comsolReward 3.9173272423450616
Episode 29/500, Reward: 5.38, ploss: -139.47042846679688, aloss:-0.0016884661745280027, berr1:87.46305847167969, berr2:88.5836181640625
 29/500,EPReward: 5.38
comsolReward 5.679296315349515
Episode 30/500, Reward: 7.82, ploss: -138.824462890625, aloss:-0.0018734814366325736, berr1:6.0968451499938965, berr2:6.299865245819092
 30/500,EPReward: 7.82
comsolReward 1.282474318419059
Episode 31/500, Reward: 1.42, ploss: -139.8317108154297, aloss:-0.002020715968683362, berr1:4.581614017486572, berr2:4.682006359100342
 31/500,EPReward: 1.42
comsolReward 5.660132370690605
Episode 32/500, Reward: 7.99, ploss: -134.81744384765625, aloss:-0.0024232682771980762, berr1:5.617241859436035, berr2:5.415785312652588
 32/500,EPReward: 7.99
comsolReward 2.255004200866686
Episode 33/500, Reward: 2.88, ploss: -141.66329956054688, aloss:-0.002258630469441414, berr1:5.307060718536377, berr2:5.190988063812256
 33/500,EPReward: 2.88
comsolReward 2.8941166850795317
Episode 34/500, Reward: 3.84, ploss: -138.58889770507812, aloss:-0.0027156814467161894, berr1:5.0243330001831055, berr2:5.4516921043396
 34/500,EPReward: 3.84
comsolReward 3.374526061718289
Episode 35/500, Reward: 4.56, ploss: -141.03497314453125, aloss:-0.002709833439439535, berr1:4.085114002227783, berr2:4.208199501037598
 35/500,EPReward: 4.56
comsolReward 3.475616319722389
Episode 36/500, Reward: 4.71, ploss: -139.89410400390625, aloss:-0.0032016115728765726, berr1:5.1014485359191895, berr2:4.915933609008789
 36/500,EPReward: 4.71
comsolReward 2.2159404497055877
Episode 37/500, Reward: 2.82, ploss: -142.66864013671875, aloss:-0.0033049937337636948, berr1:4.692749500274658, berr2:4.318723201751709
 37/500,EPReward: 2.82
comsolReward -1.371781721416662
Episode 38/500, Reward: -1.87, ploss: -142.831298828125, aloss:-0.003677478525787592, berr1:4.109175682067871, berr2:4.241363048553467
 38/500,EPReward: -1.87
comsolReward 1.0029148487683102
Episode 39/500, Reward: 1.00, ploss: -140.23553466796875, aloss:-0.00422070873901248, berr1:5.765511512756348, berr2:5.66811990737915
 39/500,EPReward: 1.00
comsolReward 2.920764733766735
Episode 40/500, Reward: 3.88, ploss: -138.96310424804688, aloss:-0.004705521278083324, berr1:84.50322723388672, berr2:83.32913208007812
 40/500,EPReward: 3.88
comsolReward 1.6681656288850508
Episode 41/500, Reward: 2.00, ploss: -139.48809814453125, aloss:-0.004902718123048544, berr1:71.88639831542969, berr2:70.74156188964844
 41/500,EPReward: 2.00
comsolReward -1.5251608519995352
Episode 42/500, Reward: -1.83, ploss: -140.13125610351562, aloss:-0.005283089354634285, berr1:4.719033241271973, berr2:5.529152870178223
 42/500,EPReward: -1.83
comsolReward 3.3349736131224437
Episode 43/500, Reward: 4.50, ploss: -139.39227294921875, aloss:-0.005598125047981739, berr1:85.69425964355469, berr2:85.73692321777344
 43/500,EPReward: 4.50
comsolReward 0.8705640122415653
Episode 44/500, Reward: 0.61, ploss: -138.5630645751953, aloss:-0.005701374728232622, berr1:8.179534912109375, berr2:8.364251136779785
 44/500,EPReward: 0.61
comsolReward 1.3140427402542167
Episode 45/500, Reward: 1.67, ploss: -141.66744995117188, aloss:-0.005695835687220097, berr1:7.108345985412598, berr2:6.93319845199585
 45/500,EPReward: 1.67
comsolReward 3.1974415728570476
Episode 46/500, Reward: 4.30, ploss: -142.59750366210938, aloss:-0.005751175340265036, berr1:6.795072555541992, berr2:6.7443766593933105
 46/500,EPReward: 4.30
comsolReward 1.8970367869367737
Episode 47/500, Reward: 2.35, ploss: -141.33657836914062, aloss:-0.0058069657534360886, berr1:6.603662967681885, berr2:6.602869033813477
 47/500,EPReward: 2.35
comsolReward 0.3267186194377383
Episode 48/500, Reward: -0.21, ploss: -139.97401428222656, aloss:-0.006048185285180807, berr1:9.082311630249023, berr2:8.218411445617676
 48/500,EPReward: -0.21
comsolReward 2.4345844516811157
Episode 49/500, Reward: 3.15, ploss: -142.22752380371094, aloss:-0.005793350748717785, berr1:5.745133399963379, berr2:4.800829887390137
 49/500,EPReward: 3.15
comsolReward 1.4506606371935789
Episode 50/500, Reward: 1.68, ploss: -139.9380645751953, aloss:-0.006059758830815554, berr1:4.40903377532959, berr2:4.461691379547119
 50/500,EPReward: 1.68
comsolReward 3.2574090807243907
Episode 51/500, Reward: 4.59, ploss: -136.44610595703125, aloss:-0.006707355380058289, berr1:5.256310939788818, berr2:5.527646064758301
 51/500,EPReward: 4.59
comsolReward 1.1124999068618024
Episode 52/500, Reward: 1.17, ploss: -138.1387481689453, aloss:-0.006488417275249958, berr1:85.20249938964844, berr2:84.95801544189453
 52/500,EPReward: 1.17
comsolReward -0.9904977232895317
Episode 53/500, Reward: -1.49, ploss: -140.8482666015625, aloss:-0.006603667046874762, berr1:6.518402099609375, berr2:6.201998233795166
 53/500,EPReward: -1.49
comsolReward 1.9523528156526708
Episode 54/500, Reward: 2.43, ploss: -142.3516082763672, aloss:-0.006957509089261293, berr1:86.63662719726562, berr2:87.0277099609375
 54/500,EPReward: 2.43
comsolReward 1.7955915771981024
Episode 55/500, Reward: 1.99, ploss: -138.35946655273438, aloss:-0.007627525366842747, berr1:4.8346357345581055, berr2:4.957733631134033
 55/500,EPReward: 1.99
comsolReward 0.8701010161095681
Episode 56/500, Reward: 0.81, ploss: -143.54339599609375, aloss:-0.0077096400782465935, berr1:5.300385475158691, berr2:5.342388153076172
 56/500,EPReward: 0.81
comsolReward 2.9284766304614647
Episode 57/500, Reward: 3.89, ploss: -138.29661560058594, aloss:-0.008572209626436234, berr1:5.732288360595703, berr2:5.330933094024658
 57/500,EPReward: 3.89
comsolReward 0.08985342015098638
Episode 58/500, Reward: -0.37, ploss: -139.57794189453125, aloss:-0.008988520130515099, berr1:4.0390400886535645, berr2:3.889216899871826
 58/500,EPReward: -0.37
comsolReward 1.1413393135140937
Episode 59/500, Reward: 1.21, ploss: -143.34913635253906, aloss:-0.009333472698926926, berr1:4.177908420562744, berr2:3.9252824783325195
 59/500,EPReward: 1.21
comsolReward 2.7156362407400456
Episode 60/500, Reward: 3.57, ploss: -142.947021484375, aloss:-0.010047401301562786, berr1:82.5060043334961, berr2:83.38156127929688
 60/500,EPReward: 3.57
comsolReward 2.3043449428178375
Episode 61/500, Reward: 2.96, ploss: -140.4240264892578, aloss:-0.011189626529812813, berr1:5.2180376052856445, berr2:5.234267234802246
 61/500,EPReward: 2.96
comsolReward 0.3906227032388567
Episode 62/500, Reward: 0.09, ploss: -140.66221618652344, aloss:-0.011906009167432785, berr1:4.593246936798096, berr2:4.390699863433838
 62/500,EPReward: 0.09
comsolReward 1.0905459291353174
Episode 63/500, Reward: 1.14, ploss: -139.39076232910156, aloss:-0.012762258760631084, berr1:4.711996555328369, berr2:4.552999496459961
 63/500,EPReward: 1.14
comsolReward 0.9574246671279494
Episode 64/500, Reward: 0.94, ploss: -142.50860595703125, aloss:-0.013587459921836853, berr1:87.08451843261719, berr2:86.46373748779297
 64/500,EPReward: 0.94
comsolReward 2.466032065380681
Episode 65/500, Reward: 3.20, ploss: -142.6715850830078, aloss:-0.014161083847284317, berr1:4.182681083679199, berr2:4.019940376281738
 65/500,EPReward: 3.20
comsolReward 1.2131797247688838
Episode 66/500, Reward: 1.32, ploss: -139.58407592773438, aloss:-0.015337655320763588, berr1:4.73806095123291, berr2:4.739832878112793
 66/500,EPReward: 1.32
comsolReward 1.1213524386543428
Episode 67/500, Reward: 1.18, ploss: -142.03089904785156, aloss:-0.015379076823592186, berr1:3.8584306240081787, berr2:3.802102565765381
 67/500,EPReward: 1.18
comsolReward 2.5017435678624995
Episode 68/500, Reward: 3.25, ploss: -141.66287231445312, aloss:-0.015394141897559166, berr1:4.016347408294678, berr2:3.934871196746826
 68/500,EPReward: 3.25
comsolReward 2.7341840226712493
Episode 69/500, Reward: 3.60, ploss: -141.60440063476562, aloss:-0.014787574298679829, berr1:87.96220397949219, berr2:87.93868255615234
 69/500,EPReward: 3.60
comsolReward 0.14181192216210362
Episode 70/500, Reward: -0.29, ploss: -140.1070098876953, aloss:-0.014788681641221046, berr1:4.69821834564209, berr2:4.769540309906006
 70/500,EPReward: -0.29
comsolReward 2.0785400374608365
Episode 71/500, Reward: 2.62, ploss: -139.00303649902344, aloss:-0.013883628882467747, berr1:5.006608963012695, berr2:4.882906913757324
 71/500,EPReward: 2.62
comsolReward -1.0433659063119387
Episode 72/500, Reward: -1.54, ploss: -144.759521484375, aloss:-0.01296280324459076, berr1:4.2593183517456055, berr2:4.155092716217041
 72/500,EPReward: -1.54
comsolReward 1.4738792220970454
Episode 73/500, Reward: 1.71, ploss: -143.46771240234375, aloss:-0.012192848138511181, berr1:3.657890558242798, berr2:3.5658581256866455
 73/500,EPReward: 1.71
comsolReward 2.4932246754881446
Episode 74/500, Reward: 3.24, ploss: -141.28736877441406, aloss:-0.012020044028759003, berr1:3.0648293495178223, berr2:2.8522188663482666
 74/500,EPReward: 3.24
comsolReward 1.6066265068725585
Episode 75/500, Reward: 1.71, ploss: -140.62705993652344, aloss:-0.011400013230741024, berr1:88.51801300048828, berr2:87.71913146972656
 75/500,EPReward: 1.71
comsolReward 3.9289348858513233
Episode 76/500, Reward: 5.39, ploss: -142.48959350585938, aloss:-0.010767895728349686, berr1:3.6945507526397705, berr2:3.860121726989746
 76/500,EPReward: 5.39
comsolReward 2.941044540940394
Episode 77/500, Reward: 3.91, ploss: -141.42074584960938, aloss:-0.010552212595939636, berr1:3.95609188079834, berr2:4.118152618408203
 77/500,EPReward: 3.91
comsolReward -0.6905253464006585
Episode 78/500, Reward: -1.19, ploss: -139.9292755126953, aloss:-0.010900774970650673, berr1:5.263741493225098, berr2:5.522242069244385
 78/500,EPReward: -1.19
comsolReward 3.890083032678203
Episode 79/500, Reward: 5.34, ploss: -138.55897521972656, aloss:-0.011114299297332764, berr1:6.120694160461426, berr2:6.150249481201172
 79/500,EPReward: 5.34
comsolReward 1.597389022139497
Episode 80/500, Reward: 1.90, ploss: -143.9435272216797, aloss:-0.009436170570552349, berr1:4.610346794128418, berr2:4.570928573608398
 80/500,EPReward: 1.90
comsolReward 3.057294549466944
Episode 81/500, Reward: 4.09, ploss: -144.27508544921875, aloss:-0.009576063603162766, berr1:5.416817665100098, berr2:5.234264373779297
 81/500,EPReward: 4.09
comsolReward 1.1905713163617249
Episode 82/500, Reward: 1.29, ploss: -142.010498046875, aloss:-0.009875407442450523, berr1:87.50064849853516, berr2:87.49063110351562
 82/500,EPReward: 1.29
comsolReward 2.0697573528234203
Episode 83/500, Reward: 2.60, ploss: -139.84439086914062, aloss:-0.009745537303388119, berr1:89.19712829589844, berr2:88.61980438232422
 83/500,EPReward: 2.60
comsolReward -0.32642055212492943
Episode 84/500, Reward: -0.83, ploss: -135.43658447265625, aloss:-0.010169697925448418, berr1:5.055596828460693, berr2:4.8677449226379395
 84/500,EPReward: -0.83
comsolReward 1.8655303930681795
Episode 85/500, Reward: 2.30, ploss: -139.6888427734375, aloss:-0.009090745821595192, berr1:5.398715972900391, berr2:5.52040433883667
 85/500,EPReward: 2.30
comsolReward 5.315080645229313
Episode 86/500, Reward: 7.47, ploss: -142.7353515625, aloss:-0.008868206292390823, berr1:5.6767191886901855, berr2:5.557599067687988
 86/500,EPReward: 7.47
comsolReward 1.3937509081451633
Episode 87/500, Reward: 1.59, ploss: -146.0969696044922, aloss:-0.007782203145325184, berr1:3.834596872329712, berr2:3.9436473846435547
 87/500,EPReward: 1.59
comsolReward 2.055391878231953
Episode 88/500, Reward: 2.58, ploss: -145.66156005859375, aloss:-0.007635852787643671, berr1:4.777975082397461, berr2:5.205132961273193
 88/500,EPReward: 2.58
comsolReward 5.668750285618094
Episode 89/500, Reward: 8.00, ploss: -143.37049865722656, aloss:-0.008830779232084751, berr1:79.07133483886719, berr2:79.25060272216797
 89/500,EPReward: 8.00
comsolReward 1.4129377179866358
Episode 90/500, Reward: 1.42, ploss: -141.7117462158203, aloss:-0.00846061296761036, berr1:5.1882429122924805, berr2:4.88436222076416
 90/500,EPReward: 1.42
comsolReward 0.2419207594924878
Episode 91/500, Reward: -0.14, ploss: -140.4451141357422, aloss:-0.008268618956208229, berr1:5.290482997894287, berr2:5.1771440505981445
 91/500,EPReward: -0.14
comsolReward 4.653663620100171
Episode 92/500, Reward: 6.48, ploss: -142.43203735351562, aloss:-0.007025060709565878, berr1:89.42681884765625, berr2:89.59706115722656
 92/500,EPReward: 6.48
comsolReward 1.4782384491031393
Episode 93/500, Reward: 1.72, ploss: -142.40245056152344, aloss:-0.007296383380889893, berr1:7.854667663574219, berr2:8.16352367401123
 93/500,EPReward: 1.72
comsolReward 6.955582544488533
Episode 94/500, Reward: 9.93, ploss: -140.7202606201172, aloss:-0.0077249398455023766, berr1:4.784880638122559, berr2:4.681084156036377
 94/500,EPReward: 9.93
comsolReward 6.655763484634297
Episode 95/500, Reward: 9.28, ploss: -143.1988067626953, aloss:-0.00764955161139369, berr1:4.723596096038818, berr2:4.4084625244140625
 95/500,EPReward: 9.28
comsolReward 6.513261212442504
Episode 96/500, Reward: 9.27, ploss: -144.65939331054688, aloss:-0.007084202952682972, berr1:4.700474739074707, berr2:4.941793918609619
 96/500,EPReward: 9.27
comsolReward 1.9352260497273384
Episode 97/500, Reward: 2.40, ploss: -141.19992065429688, aloss:-0.009421195834875107, berr1:4.160853862762451, berr2:4.23751974105835
 97/500,EPReward: 2.40
comsolReward 2.6630107665652325
Episode 98/500, Reward: 3.29, ploss: -144.68336486816406, aloss:-0.007339654490351677, berr1:5.42010498046875, berr2:5.242164611816406
 98/500,EPReward: 3.29
comsolReward 0.8841662521046838
Episode 99/500, Reward: 0.83, ploss: -142.37559509277344, aloss:-0.00791146419942379, berr1:88.6491470336914, berr2:87.9013442993164
 99/500,EPReward: 0.83
comsolReward 1.9236914814640391
Episode 100/500, Reward: 2.39, ploss: -143.06024169921875, aloss:-0.007975593209266663, berr1:5.1136794090271, berr2:4.987480163574219
 100/500,EPReward: 2.39
comsolReward 1.8900476312854753
Episode 101/500, Reward: 2.54, ploss: -138.02444458007812, aloss:-0.00969943217933178, berr1:5.0361223220825195, berr2:5.071930885314941
 101/500,EPReward: 2.54
comsolReward 3.448031129104454
Episode 102/500, Reward: 4.67, ploss: -141.11094665527344, aloss:-0.008912719786167145, berr1:91.09455108642578, berr2:90.664306640625
 102/500,EPReward: 4.67
comsolReward 3.1309565679946485
Episode 103/500, Reward: 4.20, ploss: -144.1109161376953, aloss:-0.008180731907486916, berr1:7.412415981292725, berr2:6.835629463195801
 103/500,EPReward: 4.20
comsolReward -0.3998558618574093
Episode 104/500, Reward: -0.70, ploss: -142.396728515625, aloss:-0.009671653620898724, berr1:4.383087635040283, berr2:3.928872585296631
 104/500,EPReward: -0.70
comsolReward 2.7206553047072672
Episode 105/500, Reward: 3.58, ploss: -143.9892578125, aloss:-0.009069868363440037, berr1:167.43258666992188, berr2:167.87957763671875
 105/500,EPReward: 3.58
comsolReward 2.3099691028374756
Episode 106/500, Reward: 2.96, ploss: -143.17779541015625, aloss:-0.008782202377915382, berr1:4.0662126541137695, berr2:4.02548360824585
 106/500,EPReward: 2.96
comsolReward 0.18951245082503448
Episode 107/500, Reward: -0.22, ploss: -142.376708984375, aloss:-0.009641798213124275, berr1:5.956253528594971, berr2:5.928222179412842
 107/500,EPReward: -0.22
comsolReward 2.3756494390054788
Episode 108/500, Reward: 3.06, ploss: -140.13473510742188, aloss:-0.009906578809022903, berr1:5.505507946014404, berr2:5.39328670501709
 108/500,EPReward: 3.06
comsolReward 1.7457524621387
Episode 109/500, Reward: 2.12, ploss: -139.66473388671875, aloss:-0.010336307808756828, berr1:3.787614583969116, berr2:3.6918997764587402
 109/500,EPReward: 2.12
comsolReward 2.0914813399353154
Episode 110/500, Reward: 2.64, ploss: -141.44895935058594, aloss:-0.00918499380350113, berr1:88.39828491210938, berr2:88.20755004882812
 110/500,EPReward: 2.64
comsolReward 4.287956396626
Episode 111/500, Reward: 5.93, ploss: -142.34841918945312, aloss:-0.008807727135717869, berr1:5.859936237335205, berr2:5.7539381980896
 111/500,EPReward: 5.93
comsolReward 2.046713074414534
Episode 112/500, Reward: 2.57, ploss: -142.58499145507812, aloss:-0.009457645937800407, berr1:4.296792984008789, berr2:4.158151626586914
 112/500,EPReward: 2.57
comsolReward -0.5974779211583886
Episode 113/500, Reward: -1.10, ploss: -144.90663146972656, aloss:-0.008926553651690483, berr1:4.025913715362549, berr2:3.9092445373535156
 113/500,EPReward: -1.10
comsolReward 1.2520040888128423
Episode 114/500, Reward: 1.38, ploss: -144.3826904296875, aloss:-0.010251910425722599, berr1:4.829446792602539, berr2:5.115311145782471
 114/500,EPReward: 1.38
comsolReward 3.3590623918469498
Episode 115/500, Reward: 4.54, ploss: -143.49681091308594, aloss:-0.011479136534035206, berr1:4.747109889984131, berr2:4.905488967895508
 115/500,EPReward: 4.54
comsolReward 6.6237068468412845
Episode 116/500, Reward: 9.44, ploss: -141.76177978515625, aloss:-0.014187849126756191, berr1:4.657111167907715, berr2:4.766238212585449
 116/500,EPReward: 9.44
comsolReward 1.3594195466425056
Episode 117/500, Reward: 1.54, ploss: -139.74362182617188, aloss:-0.016069583594799042, berr1:83.36434173583984, berr2:83.25016784667969
 117/500,EPReward: 1.54
comsolReward 1.3595612298529722
Episode 118/500, Reward: 1.74, ploss: -143.29025268554688, aloss:-0.01676567830145359, berr1:5.534651279449463, berr2:5.715897083282471
 118/500,EPReward: 1.74
comsolReward 0.10438138434325576
Episode 119/500, Reward: -0.34, ploss: -140.387939453125, aloss:-0.02059565857052803, berr1:6.94162654876709, berr2:6.903680801391602
 119/500,EPReward: -0.34
comsolReward 2.0060714287349573
Episode 120/500, Reward: 2.51, ploss: -143.8873291015625, aloss:-0.021400079131126404, berr1:5.404399394989014, berr2:5.173523426055908
 120/500,EPReward: 2.51
comsolReward 2.178262826985059
Episode 121/500, Reward: 2.77, ploss: -146.6853790283203, aloss:-0.0219883993268013, berr1:4.800745964050293, berr2:4.731324672698975
 121/500,EPReward: 2.77
comsolReward 1.886700837182166
Episode 122/500, Reward: 2.33, ploss: -144.7162322998047, aloss:-0.023943550884723663, berr1:5.813737392425537, berr2:5.936392784118652
 122/500,EPReward: 2.33
comsolReward -0.6299215962295928
Episode 123/500, Reward: -1.33, ploss: -143.83665466308594, aloss:-0.024772346019744873, berr1:5.4529128074646, berr2:5.527199745178223
 123/500,EPReward: -1.33
comsolReward 2.6724045307128765
Episode 124/500, Reward: 3.51, ploss: -141.55787658691406, aloss:-0.02489883080124855, berr1:91.50064849853516, berr2:90.95904541015625
 124/500,EPReward: 3.51
comsolReward -0.2606777672503691
Episode 125/500, Reward: -0.76, ploss: -140.53948974609375, aloss:-0.024454869329929352, berr1:85.84414672851562, berr2:85.62737274169922
 125/500,EPReward: -0.76
comsolReward -0.5740162057404711
Episode 126/500, Reward: -1.07, ploss: -142.1292266845703, aloss:-0.02405581809580326, berr1:9.035554885864258, berr2:9.634211540222168
 126/500,EPReward: -1.07
comsolReward 2.500123940082759
Episode 127/500, Reward: 3.25, ploss: -140.98207092285156, aloss:-0.024053456261754036, berr1:6.796503067016602, berr2:6.813719749450684
 127/500,EPReward: 3.25
comsolReward 4.771287709913942
Episode 128/500, Reward: 6.46, ploss: -143.2823028564453, aloss:-0.02451588213443756, berr1:7.624328136444092, berr2:7.322985649108887
 128/500,EPReward: 6.46
comsolReward 2.4055282773103643
Episode 129/500, Reward: 3.31, ploss: -145.56948852539062, aloss:-0.024863436818122864, berr1:85.81526184082031, berr2:86.18846893310547
 129/500,EPReward: 3.31
comsolReward 3.0352894508011463
Episode 130/500, Reward: 4.05, ploss: -146.08990478515625, aloss:-0.02727590873837471, berr1:4.834489345550537, berr2:5.008098602294922
 130/500,EPReward: 4.05
comsolReward 2.189830004573978
Episode 131/500, Reward: 2.98, ploss: -143.0064697265625, aloss:-0.033174291253089905, berr1:6.164401054382324, berr2:5.900125026702881
 131/500,EPReward: 2.98
comsolReward 5.003903561973444
Episode 132/500, Reward: 7.01, ploss: -143.98831176757812, aloss:-0.03720475733280182, berr1:5.439294815063477, berr2:5.105151653289795
 132/500,EPReward: 7.01
comsolReward 4.450425520770327
Episode 133/500, Reward: 6.18, ploss: -141.01541137695312, aloss:-0.037841010838747025, berr1:5.13374662399292, berr2:4.67374849319458
 133/500,EPReward: 6.18
comsolReward 2.8689741133122677
Episode 134/500, Reward: 3.60, ploss: -138.90853881835938, aloss:-0.034206490963697433, berr1:4.225026607513428, berr2:4.008482933044434
 134/500,EPReward: 3.60
comsolReward 1.176238952052129
Episode 135/500, Reward: 1.26, ploss: -139.99493408203125, aloss:-0.027451125904917717, berr1:5.476367950439453, berr2:5.670680999755859
 135/500,EPReward: 1.26
comsolReward -0.7029470592858296
Episode 136/500, Reward: -1.20, ploss: -141.78985595703125, aloss:-0.020393554121255875, berr1:89.5866928100586, berr2:89.91881561279297
 136/500,EPReward: -1.20
comsolReward 3.096578745190237
Episode 137/500, Reward: 3.94, ploss: -142.2240447998047, aloss:-0.016986273229122162, berr1:7.853725433349609, berr2:7.420103073120117
 137/500,EPReward: 3.94
comsolReward 6.507037594589933
Episode 138/500, Reward: 9.06, ploss: -145.54678344726562, aloss:-0.013895760290324688, berr1:5.250557899475098, berr2:5.0078301429748535
 138/500,EPReward: 9.06
comsolReward 5.297776343454677
Episode 139/500, Reward: 7.65, ploss: -140.92906188964844, aloss:-0.016287989914417267, berr1:3.7866153717041016, berr2:3.566098690032959
 139/500,EPReward: 7.65
comsolReward 3.3700793647733174
Episode 140/500, Reward: 4.56, ploss: -143.0381622314453, aloss:-0.01418621838092804, berr1:6.522010326385498, berr2:6.327156066894531
 140/500,EPReward: 4.56
comsolReward 5.189167783906364
Episode 141/500, Reward: 7.08, ploss: -143.9598846435547, aloss:-0.014088203199207783, berr1:85.79529571533203, berr2:85.20392608642578
 141/500,EPReward: 7.08
comsolReward 6.952658855613844
Episode 142/500, Reward: 9.93, ploss: -143.91734313964844, aloss:-0.013902632519602776, berr1:4.242985725402832, berr2:4.2588300704956055
 142/500,EPReward: 9.93
comsolReward 1.9405750052704849
Episode 143/500, Reward: 2.41, ploss: -142.79769897460938, aloss:-0.014364548027515411, berr1:4.119446277618408, berr2:4.3788743019104
 143/500,EPReward: 2.41
comsolReward 3.4340027419587194
Episode 144/500, Reward: 4.45, ploss: -144.09083557128906, aloss:-0.013018948957324028, berr1:169.62637329101562, berr2:170.63221740722656
 144/500,EPReward: 4.45
comsolReward 1.6966712138744395
Episode 145/500, Reward: 1.85, ploss: -144.253173828125, aloss:-0.012970514595508575, berr1:9.71630573272705, berr2:9.503582954406738
 145/500,EPReward: 1.85
comsolReward 3.727025571614517
Episode 146/500, Reward: 5.09, ploss: -143.9180908203125, aloss:-0.015256701037287712, berr1:6.706037998199463, berr2:6.38438606262207
 146/500,EPReward: 5.09
comsolReward 1.2609146142165983
Episode 147/500, Reward: 1.39, ploss: -146.93441772460938, aloss:-0.014508411288261414, berr1:6.730745792388916, berr2:6.396316051483154
 147/500,EPReward: 1.39
comsolReward 0.8109235405593754
Episode 148/500, Reward: 0.52, ploss: -142.6240692138672, aloss:-0.017021233215928078, berr1:94.96047973632812, berr2:95.56108856201172
 148/500,EPReward: 0.52
comsolReward 1.5333941749770992
Episode 149/500, Reward: 1.80, ploss: -144.70382690429688, aloss:-0.016471069306135178, berr1:5.776037216186523, berr2:5.911660671234131
 149/500,EPReward: 1.80
comsolReward 2.771186561523474
Episode 150/500, Reward: 3.66, ploss: -144.55679321289062, aloss:-0.01728634722530842, berr1:5.278529644012451, berr2:5.199803829193115
 150/500,EPReward: 3.66
comsolReward 0.9515339986381224
Episode 151/500, Reward: 0.93, ploss: -142.3122100830078, aloss:-0.020054733380675316, berr1:5.30408239364624, berr2:5.069768905639648
 151/500,EPReward: 0.93
comsolReward -0.07657345565950044
Episode 152/500, Reward: -0.58, ploss: -144.61331176757812, aloss:-0.019687313586473465, berr1:4.586115837097168, berr2:4.73736047744751
 152/500,EPReward: -0.58
comsolReward 0.5442055118507486
Episode 153/500, Reward: 0.32, ploss: -141.44735717773438, aloss:-0.021892452612519264, berr1:4.350990295410156, berr2:4.410580158233643
 153/500,EPReward: 0.32
comsolReward 2.3671028946897885
Episode 154/500, Reward: 3.05, ploss: -143.3234405517578, aloss:-0.022505857050418854, berr1:88.57076263427734, berr2:88.46907806396484
 154/500,EPReward: 3.05
comsolReward 5.083397803429407
Episode 155/500, Reward: 7.13, ploss: -142.12106323242188, aloss:-0.02359621971845627, berr1:88.69036102294922, berr2:88.50814056396484
 155/500,EPReward: 7.13
comsolReward 3.578452013088108
Episode 156/500, Reward: 4.87, ploss: -144.38552856445312, aloss:-0.02436996065080166, berr1:6.334492206573486, berr2:5.993871212005615
 156/500,EPReward: 4.87
comsolReward 2.9412622596678033
Episode 157/500, Reward: 3.91, ploss: -142.98313903808594, aloss:-0.024907609447836876, berr1:173.24407958984375, berr2:173.1302947998047
 157/500,EPReward: 3.91
comsolReward 1.745349137468472
Episode 158/500, Reward: 2.12, ploss: -145.3663330078125, aloss:-0.02442045323550701, berr1:3.993727684020996, berr2:4.122102737426758
 158/500,EPReward: 2.12
comsolReward 2.2685260103230425
Episode 159/500, Reward: 2.90, ploss: -143.5006866455078, aloss:-0.025471491739153862, berr1:3.659802198410034, berr2:3.7245681285858154
 159/500,EPReward: 2.90
comsolReward -0.39442226758186744
Episode 160/500, Reward: -0.89, ploss: -145.07147216796875, aloss:-0.025478415191173553, berr1:4.154500961303711, berr2:4.302239894866943
 160/500,EPReward: -0.89
comsolReward 2.4681017970938712
Episode 161/500, Reward: 3.20, ploss: -144.3575439453125, aloss:-0.024964626878499985, berr1:5.12600564956665, berr2:5.071993827819824
 161/500,EPReward: 3.20
comsolReward 1.3416020199542973
Episode 162/500, Reward: 1.51, ploss: -141.35113525390625, aloss:-0.02449159324169159, berr1:88.32633972167969, berr2:88.31886291503906
 162/500,EPReward: 1.51
comsolReward 1.051001045978733
Episode 163/500, Reward: 1.28, ploss: -144.69830322265625, aloss:-0.02270563878118992, berr1:4.984020233154297, berr2:5.098640441894531
 163/500,EPReward: 1.28
comsolReward 2.8017764449360443
Episode 164/500, Reward: 3.70, ploss: -141.4764404296875, aloss:-0.023356588557362556, berr1:86.56710052490234, berr2:86.51632690429688
 164/500,EPReward: 3.70
comsolReward 4.117923465619031
Episode 165/500, Reward: 5.68, ploss: -140.90277099609375, aloss:-0.022816821932792664, berr1:6.007712364196777, berr2:6.038762092590332
 165/500,EPReward: 5.68
comsolReward 1.3040769994288093
Episode 166/500, Reward: 1.46, ploss: -142.69505310058594, aloss:-0.02093084529042244, berr1:6.0166544914245605, berr2:5.866695880889893
 166/500,EPReward: 1.46
comsolReward 1.9422130539105422
Episode 167/500, Reward: 2.41, ploss: -144.37582397460938, aloss:-0.020735064521431923, berr1:5.718801498413086, berr2:5.583479881286621
 167/500,EPReward: 2.41
comsolReward 1.7837518860337327
Episode 168/500, Reward: 2.18, ploss: -144.04464721679688, aloss:-0.02024838700890541, berr1:5.229897975921631, berr2:4.917039394378662
 168/500,EPReward: 2.18
comsolReward 3.30038152208233
Episode 169/500, Reward: 4.45, ploss: -147.8429412841797, aloss:-0.016676343977451324, berr1:3.8164262771606445, berr2:3.7033655643463135
 169/500,EPReward: 4.45
comsolReward 0.20071595012968008
Episode 170/500, Reward: -0.20, ploss: -145.62588500976562, aloss:-0.01752842776477337, berr1:170.73121643066406, berr2:170.1204376220703
 170/500,EPReward: -0.20
comsolReward 0.43629323954068816
Episode 171/500, Reward: 0.15, ploss: -141.30137634277344, aloss:-0.018920790404081345, berr1:88.95106506347656, berr2:88.68589782714844
 171/500,EPReward: 0.15
comsolReward 3.325143875671531
Episode 172/500, Reward: 4.49, ploss: -145.94239807128906, aloss:-0.015893643721938133, berr1:5.020806789398193, berr2:5.24474573135376
 172/500,EPReward: 4.49
comsolReward 4.893319828711612
Episode 173/500, Reward: 6.84, ploss: -142.127685546875, aloss:-0.0203718114644289, berr1:6.7131476402282715, berr2:6.796239852905273
 173/500,EPReward: 6.84
comsolReward 1.6936821526931356
Episode 174/500, Reward: 2.04, ploss: -146.28158569335938, aloss:-0.020178651437163353, berr1:7.02750301361084, berr2:7.203240394592285
 174/500,EPReward: 2.04
comsolReward 6.095561726852002
Episode 175/500, Reward: 8.84, ploss: -141.12876892089844, aloss:-0.026840340346097946, berr1:181.1213836669922, berr2:181.34239196777344
 175/500,EPReward: 8.84
comsolReward 3.0560774912185362
Episode 176/500, Reward: 4.28, ploss: -144.30636596679688, aloss:-0.02503172680735588, berr1:4.2971882820129395, berr2:4.231595993041992
 176/500,EPReward: 4.28
comsolReward -0.5772982767483311
Episode 177/500, Reward: -1.08, ploss: -143.7251434326172, aloss:-0.02635636366903782, berr1:4.867214679718018, berr2:4.699073791503906
 177/500,EPReward: -1.08
comsolReward 3.7863730154917867
Episode 178/500, Reward: 5.18, ploss: -147.8423614501953, aloss:-0.021907005459070206, berr1:4.796211242675781, berr2:4.644712448120117
 178/500,EPReward: 5.18
comsolReward 0.9370444214156578
Episode 179/500, Reward: 0.91, ploss: -146.3739471435547, aloss:-0.022124461829662323, berr1:4.474087715148926, berr2:4.374484062194824
 179/500,EPReward: 0.91
comsolReward 2.8361245874512635
Episode 180/500, Reward: 3.55, ploss: -145.28994750976562, aloss:-0.021490290760993958, berr1:5.12399435043335, berr2:5.102558612823486
 180/500,EPReward: 3.55
comsolReward 2.998294712930299
Episode 181/500, Reward: 4.00, ploss: -148.02024841308594, aloss:-0.017860054969787598, berr1:3.756211996078491, berr2:3.64682674407959
 181/500,EPReward: 4.00
comsolReward 2.052529070747227
Episode 182/500, Reward: 2.58, ploss: -144.99293518066406, aloss:-0.017275623977184296, berr1:89.17211151123047, berr2:89.03268432617188
 182/500,EPReward: 2.58
comsolReward 6.178914664831662
Episode 183/500, Reward: 8.77, ploss: -142.73448181152344, aloss:-0.016603980213403702, berr1:5.655468463897705, berr2:5.716075897216797
 183/500,EPReward: 8.77
comsolReward 2.38013351617545
Episode 184/500, Reward: 3.27, ploss: -145.27783203125, aloss:-0.0154223358258605, berr1:5.135201454162598, berr2:5.188623428344727
 184/500,EPReward: 3.27
comsolReward 1.822117529675539
Episode 185/500, Reward: 2.23, ploss: -144.9154052734375, aloss:-0.015235356986522675, berr1:5.251527786254883, berr2:5.169290542602539
 185/500,EPReward: 2.23
comsolReward 2.6273698583178433
Episode 186/500, Reward: 3.44, ploss: -145.21478271484375, aloss:-0.015303369611501694, berr1:6.065847396850586, berr2:6.149815082550049
 186/500,EPReward: 3.44
comsolReward 1.7174707890044427
Episode 187/500, Reward: 2.08, ploss: -142.34085083007812, aloss:-0.015318380668759346, berr1:90.13988494873047, berr2:90.11376953125
 187/500,EPReward: 2.08
comsolReward 2.0132364685512174
Episode 188/500, Reward: 2.72, ploss: -148.96897888183594, aloss:-0.0102542107924819, berr1:3.7614450454711914, berr2:3.712660312652588
 188/500,EPReward: 2.72
comsolReward 0.7339387048823138
Episode 189/500, Reward: 0.60, ploss: -143.86605834960938, aloss:-0.012951343320310116, berr1:90.75393676757812, berr2:90.81602478027344
 189/500,EPReward: 0.60
comsolReward 3.375862473858814
Episode 190/500, Reward: 4.56, ploss: -147.5348663330078, aloss:-0.009257317520678043, berr1:4.701767921447754, berr2:4.7309160232543945
 190/500,EPReward: 4.56
comsolReward 2.2959995166257694
Episode 191/500, Reward: 2.94, ploss: -145.05332946777344, aloss:-0.010362997651100159, berr1:5.496610164642334, berr2:5.590740203857422
 191/500,EPReward: 2.94
comsolReward 1.9397194100894808
Episode 192/500, Reward: 2.41, ploss: -146.2046661376953, aloss:-0.009322350844740868, berr1:5.57503080368042, berr2:5.459965229034424
 192/500,EPReward: 2.41
comsolReward 1.8785383250157976
Episode 193/500, Reward: 2.32, ploss: -146.90640258789062, aloss:-0.009202216751873493, berr1:4.558434963226318, berr2:4.375494003295898
 193/500,EPReward: 2.32
comsolReward 1.7016911350610604
Episode 194/500, Reward: 2.05, ploss: -149.35824584960938, aloss:-0.006470417138189077, berr1:3.5890753269195557, berr2:3.5467369556427
 194/500,EPReward: 2.05
comsolReward 3.3286248384208874
Episode 195/500, Reward: 4.49, ploss: -145.85464477539062, aloss:-0.008389832451939583, berr1:4.285003662109375, berr2:4.329744815826416
 195/500,EPReward: 4.49
comsolReward 0.7096956985180586
Episode 196/500, Reward: 0.56, ploss: -146.63194274902344, aloss:-0.008257180452346802, berr1:5.299050331115723, berr2:5.2237467765808105
 196/500,EPReward: 0.56
comsolReward 2.0509656438210415
Episode 197/500, Reward: 2.58, ploss: -144.88632202148438, aloss:-0.0075629400089383125, berr1:4.646658897399902, berr2:4.686443328857422
 197/500,EPReward: 2.58
comsolReward 3.254043599025474
Episode 198/500, Reward: 4.38, ploss: -145.2398223876953, aloss:-0.005779634695500135, berr1:5.441989421844482, berr2:5.481951713562012
 198/500,EPReward: 4.38
comsolReward 3.412126038369091
Episode 199/500, Reward: 4.62, ploss: -145.5253448486328, aloss:-0.005340765230357647, berr1:6.529101848602295, berr2:6.605114459991455
 199/500,EPReward: 4.62
comsolReward 1.5961233126779657
Episode 200/500, Reward: 1.89, ploss: -145.2484893798828, aloss:-0.007163777947425842, berr1:90.488037109375, berr2:90.47277069091797
 200/500,EPReward: 1.89
comsolReward 7.322863282495011
Episode 201/500, Reward: 10.48, ploss: -145.06332397460938, aloss:-0.0066594649106264114, berr1:5.30386209487915, berr2:5.416836738586426
 201/500,EPReward: 10.48
comsolReward 5.495696018586371
Episode 202/500, Reward: 7.74, ploss: -146.8149871826172, aloss:-0.0058700330555438995, berr1:4.341124534606934, berr2:4.332137584686279
 202/500,EPReward: 7.74
comsolReward 2.0049928063020133
Episode 203/500, Reward: 2.51, ploss: -146.76019287109375, aloss:-0.005553165916353464, berr1:94.94906616210938, berr2:95.19406127929688
 203/500,EPReward: 2.51
comsolReward 1.541023433414716
Episode 204/500, Reward: 1.81, ploss: -145.61915588378906, aloss:-0.006245312746614218, berr1:95.62825775146484, berr2:95.8230972290039
 204/500,EPReward: 1.81
comsolReward 3.484558001931327
Episode 205/500, Reward: 4.73, ploss: -143.80911254882812, aloss:-0.007408102508634329, berr1:4.248305320739746, berr2:4.258880615234375
 205/500,EPReward: 4.73
comsolReward 0.8611592877699983
Episode 206/500, Reward: 0.99, ploss: -146.81491088867188, aloss:-0.0058451201766729355, berr1:4.671314239501953, berr2:4.615406036376953
 206/500,EPReward: 0.99
comsolReward 5.88662120447574
Episode 207/500, Reward: 8.33, ploss: -144.65243530273438, aloss:-0.007673466578125954, berr1:4.860427379608154, berr2:4.875969409942627
 207/500,EPReward: 8.33
comsolReward 1.6931958577718484
Episode 208/500, Reward: 2.04, ploss: -148.47128295898438, aloss:-0.0061345174908638, berr1:6.065238952636719, berr2:6.135716438293457
 208/500,EPReward: 2.04
comsolReward 2.917967809587333
Episode 209/500, Reward: 3.88, ploss: -143.363525390625, aloss:-0.011088739149272442, berr1:4.201010704040527, berr2:4.0950517654418945
 209/500,EPReward: 3.88
comsolReward 2.6148434297784666
Episode 210/500, Reward: 3.42, ploss: -148.79034423828125, aloss:-0.007635303772985935, berr1:91.2642593383789, berr2:91.53401947021484
 210/500,EPReward: 3.42
comsolReward 1.7175176055866725
Episode 211/500, Reward: 2.08, ploss: -143.5391082763672, aloss:-0.011178894899785519, berr1:4.0381083488464355, berr2:3.9622573852539062
 211/500,EPReward: 2.08
comsolReward 5.344998866178162
Episode 212/500, Reward: 7.52, ploss: -145.6329803466797, aloss:-0.008447070606052876, berr1:178.14649963378906, berr2:177.96017456054688
 212/500,EPReward: 7.52
comsolReward 2.7329423680241463
Episode 213/500, Reward: 3.40, ploss: -142.67584228515625, aloss:-0.010547175072133541, berr1:6.24316930770874, berr2:6.098039627075195
 213/500,EPReward: 3.40
comsolReward 1.1409519637695456
Episode 214/500, Reward: 1.01, ploss: -143.10491943359375, aloss:-0.011006020940840244, berr1:6.416934490203857, berr2:6.559723377227783
 214/500,EPReward: 1.01
comsolReward 2.634673391149514
Episode 215/500, Reward: 3.45, ploss: -145.46075439453125, aloss:-0.009979394264519215, berr1:5.825104236602783, berr2:5.836644172668457
 215/500,EPReward: 3.45
comsolReward 2.2923675305931037
Episode 216/500, Reward: 2.94, ploss: -144.99978637695312, aloss:-0.012897729873657227, berr1:4.080379962921143, berr2:4.063914775848389
 216/500,EPReward: 2.94
comsolReward 3.7708829940925397
Episode 217/500, Reward: 5.36, ploss: -148.6017303466797, aloss:-0.009380556643009186, berr1:4.7135796546936035, berr2:4.673929691314697
 217/500,EPReward: 5.36
comsolReward 3.9114600253905327
Episode 218/500, Reward: 5.57, ploss: -147.635986328125, aloss:-0.010744240134954453, berr1:87.7688217163086, berr2:87.58911895751953
 218/500,EPReward: 5.57
comsolReward 1.7477034168847556
Episode 219/500, Reward: 2.12, ploss: -148.47491455078125, aloss:-0.009255904704332352, berr1:4.741589546203613, berr2:4.702996253967285
 219/500,EPReward: 2.12
comsolReward 1.3311734544542693
Episode 220/500, Reward: 1.70, ploss: -145.8145294189453, aloss:-0.00981716625392437, berr1:6.607096195220947, berr2:6.4375386238098145
 220/500,EPReward: 1.70
comsolReward 3.664768581740971
Episode 221/500, Reward: 4.80, ploss: -143.5305633544922, aloss:-0.01181807927787304, berr1:3.5168471336364746, berr2:3.4908106327056885
 221/500,EPReward: 4.80
comsolReward 7.44586015577332
Episode 222/500, Reward: 10.47, ploss: -147.89773559570312, aloss:-0.00818988773971796, berr1:5.626328945159912, berr2:5.683884620666504
 222/500,EPReward: 10.47
comsolReward 5.477754801161746
Episode 223/500, Reward: 7.72, ploss: -146.27880859375, aloss:-0.009661033749580383, berr1:5.311009407043457, berr2:5.208041667938232
 223/500,EPReward: 7.72
comsolReward 1.2226120081450091
Episode 224/500, Reward: 1.33, ploss: -148.90577697753906, aloss:-0.00857806857675314, berr1:4.552355766296387, berr2:4.574874401092529
 224/500,EPReward: 1.33
comsolReward 3.642534453551726
Episode 225/500, Reward: 4.96, ploss: -146.5841827392578, aloss:-0.010603358037769794, berr1:91.62129974365234, berr2:91.5042953491211
 225/500,EPReward: 4.96
comsolReward 1.0368475764751581
Episode 226/500, Reward: 0.86, ploss: -146.86306762695312, aloss:-0.009483146481215954, berr1:5.568789005279541, berr2:5.492914199829102
 226/500,EPReward: 0.86
comsolReward 0.942732945586692
Episode 227/500, Reward: 0.91, ploss: -143.2685089111328, aloss:-0.012567673809826374, berr1:91.845458984375, berr2:91.83071899414062
 227/500,EPReward: 0.91
comsolReward 4.616849641724617
Episode 228/500, Reward: 6.43, ploss: -144.5172119140625, aloss:-0.010935967788100243, berr1:3.521780490875244, berr2:3.5098936557769775
 228/500,EPReward: 6.43
comsolReward 6.594999590237409
Episode 229/500, Reward: 9.39, ploss: -145.57003784179688, aloss:-0.010502266697585583, berr1:5.874929428100586, berr2:6.0241169929504395
 229/500,EPReward: 9.39
comsolReward 4.222830167881886
Episode 230/500, Reward: 6.03, ploss: -145.78170776367188, aloss:-0.012180606834590435, berr1:91.36799621582031, berr2:91.365234375
 230/500,EPReward: 6.03
comsolReward 3.400694698696641
Episode 231/500, Reward: 4.60, ploss: -147.1664276123047, aloss:-0.009584086947143078, berr1:4.597552299499512, berr2:4.492949485778809
 231/500,EPReward: 4.60
comsolReward 2.808253751322016
Episode 232/500, Reward: 3.71, ploss: -146.14004516601562, aloss:-0.011218046769499779, berr1:3.3448665142059326, berr2:3.226736307144165
 232/500,EPReward: 3.71
comsolReward 1.6635207328502983
Episode 233/500, Reward: 3.00, ploss: -146.93235778808594, aloss:-0.01070739421993494, berr1:92.3166275024414, berr2:92.3991928100586
 233/500,EPReward: 3.00
comsolReward 1.941413644872531
Episode 234/500, Reward: 2.61, ploss: -144.01084899902344, aloss:-0.01376861147582531, berr1:5.138833522796631, berr2:5.080760478973389
 234/500,EPReward: 2.61
comsolReward 1.94792865401383
Episode 235/500, Reward: 2.42, ploss: -147.0271453857422, aloss:-0.012837190181016922, berr1:4.195524215698242, berr2:4.111876010894775
 235/500,EPReward: 2.42
comsolReward -0.05946074390633387
Episode 236/500, Reward: -0.36, ploss: -146.54873657226562, aloss:-0.01356127206236124, berr1:3.605067253112793, berr2:3.4419078826904297
 236/500,EPReward: -0.36
comsolReward 4.029212775672396
Episode 237/500, Reward: 5.34, ploss: -144.68759155273438, aloss:-0.013307692483067513, berr1:90.93106842041016, berr2:90.84738159179688
 237/500,EPReward: 5.34
comsolReward 0.824613432139452
Episode 238/500, Reward: 0.74, ploss: -146.1969451904297, aloss:-0.012801343575119972, berr1:5.679530143737793, berr2:5.690915107727051
 238/500,EPReward: 0.74
comsolReward 1.4127389390122236
Episode 239/500, Reward: 1.42, ploss: -144.7904815673828, aloss:-0.013058682903647423, berr1:4.423018932342529, berr2:4.298723220825195
 239/500,EPReward: 1.42
comsolReward 0.35821428803800737
Episode 240/500, Reward: 0.04, ploss: -148.08486938476562, aloss:-0.01154897827655077, berr1:4.857925891876221, berr2:4.6819329261779785
 240/500,EPReward: 0.04
comsolReward 3.0237543780714384
Episode 241/500, Reward: 4.04, ploss: -148.14596557617188, aloss:-0.012099036946892738, berr1:5.131691932678223, berr2:4.91888427734375
 241/500,EPReward: 4.04
comsolReward 4.658141774384203
Episode 242/500, Reward: 6.49, ploss: -146.2158203125, aloss:-0.014566756784915924, berr1:3.796654462814331, berr2:3.7532453536987305
 242/500,EPReward: 6.49
comsolReward 4.614345657409131
Episode 243/500, Reward: 6.42, ploss: -146.67564392089844, aloss:-0.013983182609081268, berr1:5.29379940032959, berr2:5.192079067230225
 243/500,EPReward: 6.42
comsolReward 1.5752229275559215
Episode 244/500, Reward: 1.86, ploss: -148.79351806640625, aloss:-0.012355582788586617, berr1:5.563922882080078, berr2:5.523558616638184
 244/500,EPReward: 1.86
comsolReward 3.045759765372029
Episode 245/500, Reward: 4.07, ploss: -149.2207489013672, aloss:-0.011214321479201317, berr1:4.254142761230469, berr2:4.329412460327148
 245/500,EPReward: 4.07
comsolReward 1.3694612605022736
Episode 246/500, Reward: 1.55, ploss: -149.22601318359375, aloss:-0.01157316192984581, berr1:90.94071197509766, berr2:91.02357482910156
 246/500,EPReward: 1.55
comsolReward 4.352640975923274
Episode 247/500, Reward: 6.03, ploss: -146.40943908691406, aloss:-0.012849020771682262, berr1:4.9429931640625, berr2:4.884686470031738
 247/500,EPReward: 6.03
comsolReward 1.0019105630849683
Episode 248/500, Reward: 1.00, ploss: -148.49365234375, aloss:-0.013269002549350262, berr1:5.502749443054199, berr2:5.430769443511963
 248/500,EPReward: 1.00
comsolReward 1.991503435987753
Episode 249/500, Reward: 2.49, ploss: -148.4631805419922, aloss:-0.014008120633661747, berr1:4.45833683013916, berr2:4.404324054718018
 249/500,EPReward: 2.49
comsolReward 7.681590327675655
Episode 250/500, Reward: 11.02, ploss: -146.43234252929688, aloss:-0.016110021620988846, berr1:88.55990600585938, berr2:88.47138977050781
 250/500,EPReward: 11.02
comsolReward 5.042742590956903
Episode 251/500, Reward: 7.06, ploss: -146.2141876220703, aloss:-0.01744074933230877, berr1:91.79949951171875, berr2:91.61144256591797
 251/500,EPReward: 7.06
comsolReward 3.9105695691918188
Episode 252/500, Reward: 5.37, ploss: -146.1887969970703, aloss:-0.01618870347738266, berr1:4.186062335968018, berr2:4.0480241775512695
 252/500,EPReward: 5.37
comsolReward 1.0628261377734673
Episode 253/500, Reward: 1.09, ploss: -147.3813934326172, aloss:-0.01724494993686676, berr1:4.956517696380615, berr2:4.901817798614502
 253/500,EPReward: 1.09
comsolReward 1.8309996222009908
Episode 254/500, Reward: 2.25, ploss: -146.84768676757812, aloss:-0.01882658340036869, berr1:89.63790893554688, berr2:89.99785614013672
 254/500,EPReward: 2.25
comsolReward 1.2746535254997837
Episode 255/500, Reward: 1.41, ploss: -147.263916015625, aloss:-0.019216736778616905, berr1:5.5304412841796875, berr2:5.530206680297852
 255/500,EPReward: 1.41
comsolReward 0.16118424570859496
Episode 256/500, Reward: -0.26, ploss: -146.94068908691406, aloss:-0.02063913829624653, berr1:5.01041841506958, berr2:5.195116996765137
 256/500,EPReward: -0.26
comsolReward 5.513204219895109
Episode 257/500, Reward: 7.77, ploss: -146.49026489257812, aloss:-0.027457408607006073, berr1:94.27355194091797, berr2:94.45182037353516
 257/500,EPReward: 7.77
comsolReward -0.6629755040735179
Episode 258/500, Reward: -1.16, ploss: -147.7423095703125, aloss:-0.02714158594608307, berr1:5.6376519203186035, berr2:5.735444068908691
 258/500,EPReward: -1.16
comsolReward 3.6376887140086387
Episode 259/500, Reward: 4.96, ploss: -145.66395568847656, aloss:-0.033989474177360535, berr1:3.915201187133789, berr2:3.9666266441345215
 259/500,EPReward: 4.96
comsolReward 2.463058378690091
Episode 260/500, Reward: 3.19, ploss: -146.80020141601562, aloss:-0.03814120218157768, berr1:5.270074844360352, berr2:5.167909145355225
 260/500,EPReward: 3.19
comsolReward 1.6222800071344312
Episode 261/500, Reward: 2.13, ploss: -146.66554260253906, aloss:-0.04377684369683266, berr1:92.78978729248047, berr2:92.73760223388672
 261/500,EPReward: 2.13
comsolReward 0.9521278627098336
Episode 262/500, Reward: 0.93, ploss: -146.68734741210938, aloss:-0.0498141348361969, berr1:5.734920978546143, berr2:5.55956506729126
 262/500,EPReward: 0.93
comsolReward 1.7913230765442443
Episode 263/500, Reward: 2.39, ploss: -147.7423095703125, aloss:-0.05463031679391861, berr1:4.2863850593566895, berr2:4.252979755401611
 263/500,EPReward: 2.39
comsolReward 1.2645550963787917
Episode 264/500, Reward: 1.40, ploss: -147.9378662109375, aloss:-0.05834105238318443, berr1:3.9367737770080566, berr2:3.8659937381744385
 264/500,EPReward: 1.40
comsolReward 0.8750105302669462
Episode 265/500, Reward: 0.81, ploss: -147.20050048828125, aloss:-0.06174420937895775, berr1:5.802463531494141, berr2:5.681528091430664
 265/500,EPReward: 0.81
comsolReward 1.8515711664542964
Episode 266/500, Reward: 2.28, ploss: -148.79953002929688, aloss:-0.0630619153380394, berr1:4.221331596374512, berr2:4.073729515075684
 266/500,EPReward: 2.28
comsolReward 5.00306939952684
Episode 267/500, Reward: 6.80, ploss: -145.74363708496094, aloss:-0.06559043377637863, berr1:5.706535816192627, berr2:5.703535079956055
 267/500,EPReward: 6.80
comsolReward 1.102144380335675
Episode 268/500, Reward: 1.15, ploss: -146.75732421875, aloss:-0.06482256203889847, berr1:5.7139739990234375, berr2:5.788506507873535
 268/500,EPReward: 1.15
comsolReward 3.039263453387656
Episode 269/500, Reward: 4.06, ploss: -149.15879821777344, aloss:-0.06334632635116577, berr1:4.630289077758789, berr2:4.854765892028809
 269/500,EPReward: 4.06
comsolReward 0.9484409167738768
Episode 270/500, Reward: 0.92, ploss: -143.7830810546875, aloss:-0.06312295794487, berr1:4.777997016906738, berr2:4.724758625030518
 270/500,EPReward: 0.92
comsolReward 0.9085774159635776
Episode 271/500, Reward: 0.86, ploss: -148.53114318847656, aloss:-0.058953531086444855, berr1:5.493767261505127, berr2:5.68017578125
 271/500,EPReward: 0.86
comsolReward 1.22108610496588
Episode 272/500, Reward: 1.33, ploss: -148.599609375, aloss:-0.055911846458911896, berr1:5.848834991455078, berr2:5.8585028648376465
 272/500,EPReward: 1.33
comsolReward 2.3171308029556847
Episode 273/500, Reward: 2.98, ploss: -147.4945068359375, aloss:-0.05238790065050125, berr1:7.271174430847168, berr2:7.050066947937012
 273/500,EPReward: 2.98
comsolReward 2.5261604795972215
Episode 274/500, Reward: 3.29, ploss: -147.90643310546875, aloss:-0.04802168160676956, berr1:4.22649621963501, berr2:4.134725570678711
 274/500,EPReward: 3.29
comsolReward -0.32406857590588006
Episode 275/500, Reward: -0.82, ploss: -148.31683349609375, aloss:-0.04353128373622894, berr1:94.79998016357422, berr2:94.80900573730469
 275/500,EPReward: -0.82
comsolReward 1.628811788251066
Episode 276/500, Reward: 1.94, ploss: -143.9695281982422, aloss:-0.04274274408817291, berr1:4.684948921203613, berr2:4.567967891693115
 276/500,EPReward: 1.94
comsolReward 1.9083909731019637
Episode 277/500, Reward: 2.36, ploss: -145.579345703125, aloss:-0.04011722654104233, berr1:89.93888854980469, berr2:89.261474609375
 277/500,EPReward: 2.36
comsolReward 3.749265202582919
Episode 278/500, Reward: 5.12, ploss: -148.71603393554688, aloss:-0.03511909022927284, berr1:7.018682479858398, berr2:7.292416572570801
 278/500,EPReward: 5.12
comsolReward 1.433967798164248
Episode 279/500, Reward: 1.65, ploss: -149.06272888183594, aloss:-0.033734243363142014, berr1:94.8048095703125, berr2:95.18852233886719
 279/500,EPReward: 1.65
comsolReward 4.7572689088730895
Episode 280/500, Reward: 6.44, ploss: -146.68063354492188, aloss:-0.03419186547398567, berr1:5.311705589294434, berr2:5.172499656677246
 280/500,EPReward: 6.44
comsolReward -0.12688976310268538
Episode 281/500, Reward: -0.63, ploss: -150.61392211914062, aloss:-0.03285455331206322, berr1:4.644837856292725, berr2:4.689648628234863
 281/500,EPReward: -0.63
comsolReward 1.2899954599574677
Episode 282/500, Reward: 1.43, ploss: -149.13340759277344, aloss:-0.03405996039509773, berr1:5.122023582458496, berr2:4.975827217102051
 282/500,EPReward: 1.43
comsolReward 1.4998461958653229
Episode 283/500, Reward: 1.55, ploss: -150.19308471679688, aloss:-0.03439822047948837, berr1:5.9701948165893555, berr2:6.021271705627441
 283/500,EPReward: 1.55
comsolReward 2.400506839604307
Episode 284/500, Reward: 2.90, ploss: -147.6128692626953, aloss:-0.03716003894805908, berr1:5.952678203582764, berr2:5.911436557769775
 284/500,EPReward: 2.90
comsolReward 4.177155402955987
Episode 285/500, Reward: 5.57, ploss: -148.39654541015625, aloss:-0.0363069549202919, berr1:5.17774772644043, berr2:5.197729110717773
 285/500,EPReward: 5.57
comsolReward 0.25451305498684673
Episode 286/500, Reward: 0.08, ploss: -146.40423583984375, aloss:-0.03944765031337738, berr1:5.173523902893066, berr2:5.1144232749938965
 286/500,EPReward: 0.08
comsolReward 1.1604603174666457
Episode 287/500, Reward: 1.24, ploss: -145.9393768310547, aloss:-0.04028508812189102, berr1:4.284255504608154, berr2:4.320598602294922
 287/500,EPReward: 1.24
comsolReward 3.4250453360268556
Episode 288/500, Reward: 4.64, ploss: -147.35256958007812, aloss:-0.04041013866662979, berr1:5.55319881439209, berr2:5.465919494628906
 288/500,EPReward: 4.64
comsolReward 0.6344445027781185
Episode 289/500, Reward: 0.45, ploss: -146.29702758789062, aloss:-0.042514618486166, berr1:88.894775390625, berr2:90.01417541503906
 289/500,EPReward: 0.45
comsolReward 0.41651380068226357
Episode 290/500, Reward: -0.08, ploss: -151.07766723632812, aloss:-0.04072360694408417, berr1:3.335237741470337, berr2:3.2986531257629395
 290/500,EPReward: -0.08
comsolReward 0.8232825340052423
Episode 291/500, Reward: 0.73, ploss: -148.15098571777344, aloss:-0.04457145184278488, berr1:4.611523628234863, berr2:4.390028953552246
 291/500,EPReward: 0.73
comsolReward 1.2973911415154173
Episode 292/500, Reward: 1.45, ploss: -150.300048828125, aloss:-0.042875006794929504, berr1:4.173393249511719, berr2:3.984922409057617
 292/500,EPReward: 1.45
comsolReward 4.785688985703308
Episode 293/500, Reward: 6.48, ploss: -146.40428161621094, aloss:-0.046290989965200424, berr1:4.661964416503906, berr2:4.3816609382629395
 293/500,EPReward: 6.48
comsolReward 1.4423859330810427
Episode 294/500, Reward: 1.86, ploss: -145.44676208496094, aloss:-0.04667916148900986, berr1:4.970920562744141, berr2:4.965981960296631
 294/500,EPReward: 1.86
comsolReward 1.3146001108482523
Episode 295/500, Reward: 1.47, ploss: -147.27052307128906, aloss:-0.04607626050710678, berr1:4.00154972076416, berr2:3.8718159198760986
 295/500,EPReward: 1.47
comsolReward 2.192498814655623
Episode 296/500, Reward: 3.79, ploss: -145.5526580810547, aloss:-0.048311129212379456, berr1:4.8699049949646, berr2:4.842972755432129
 296/500,EPReward: 3.79
comsolReward 0.9708635571884845
Episode 297/500, Reward: 0.96, ploss: -149.65150451660156, aloss:-0.04632817581295967, berr1:3.862271785736084, berr2:3.816732168197632
 297/500,EPReward: 0.96
comsolReward 1.3753803421724178
Episode 298/500, Reward: 2.76, ploss: -149.86798095703125, aloss:-0.04694753512740135, berr1:3.126265287399292, berr2:3.212278366088867
 298/500,EPReward: 2.76
comsolReward 1.9473815605291964
Episode 299/500, Reward: 2.22, ploss: -149.8312530517578, aloss:-0.047837674617767334, berr1:5.055542469024658, berr2:5.000632286071777
 299/500,EPReward: 2.22
comsolReward 1.3273321531732265
Episode 300/500, Reward: 1.49, ploss: -147.70225524902344, aloss:-0.04839051142334938, berr1:96.46737670898438, berr2:96.64326477050781
 300/500,EPReward: 1.49
comsolReward 0.8250142413635867
Episode 301/500, Reward: 0.74, ploss: -147.13710021972656, aloss:-0.048338647931814194, berr1:88.51673126220703, berr2:88.01834869384766
 301/500,EPReward: 0.74
comsolReward 1.857951336730338
Episode 302/500, Reward: 2.29, ploss: -145.8428955078125, aloss:-0.04944672808051109, berr1:5.931286334991455, berr2:6.001665115356445
 302/500,EPReward: 2.29
comsolReward 0.4587532335944208
Episode 303/500, Reward: -0.01, ploss: -145.60940551757812, aloss:-0.04945173114538193, berr1:4.216915130615234, berr2:4.138888359069824
 303/500,EPReward: -0.01
comsolReward 3.7418276829136357
Episode 304/500, Reward: 5.11, ploss: -148.19862365722656, aloss:-0.04907361790537834, berr1:3.626009702682495, berr2:3.8395962715148926
 304/500,EPReward: 5.11
comsolReward 2.020245996858006
Episode 305/500, Reward: 2.33, ploss: -150.72467041015625, aloss:-0.047696758061647415, berr1:4.82825231552124, berr2:4.75026273727417
 305/500,EPReward: 2.33
comsolReward 3.2049586307637927
Episode 306/500, Reward: 4.31, ploss: -148.12249755859375, aloss:-0.04910111799836159, berr1:4.489833831787109, berr2:4.350039005279541
 306/500,EPReward: 4.31
comsolReward 0.9137649882901183
Episode 307/500, Reward: 0.67, ploss: -149.5370330810547, aloss:-0.04833488166332245, berr1:96.37123107910156, berr2:96.56229400634766
 307/500,EPReward: 0.67
comsolReward 3.1082282118372087
Episode 308/500, Reward: 4.16, ploss: -147.09410095214844, aloss:-0.04874587804079056, berr1:3.7732198238372803, berr2:3.707819938659668
 308/500,EPReward: 4.16
comsolReward 1.0339411465324044
Episode 309/500, Reward: 1.05, ploss: -147.2785186767578, aloss:-0.04930836334824562, berr1:3.8806324005126953, berr2:3.8814682960510254
 309/500,EPReward: 1.05
comsolReward 2.478359984770383
Episode 310/500, Reward: 3.22, ploss: -149.97560119628906, aloss:-0.04482877254486084, berr1:4.384339332580566, berr2:4.333401203155518
 310/500,EPReward: 3.22
comsolReward 0.9743908616386225
Episode 311/500, Reward: 0.96, ploss: -149.89297485351562, aloss:-0.044053737074136734, berr1:5.668443202972412, berr2:5.603141784667969
 311/500,EPReward: 0.96
comsolReward 0.8193266192939488
Episode 312/500, Reward: 0.73, ploss: -149.76119995117188, aloss:-0.043142933398485184, berr1:3.9747328758239746, berr2:4.0390825271606445
 312/500,EPReward: 0.73
comsolReward -0.02091605999149423
Episode 313/500, Reward: -0.72, ploss: -150.05763244628906, aloss:-0.0430937185883522, berr1:5.112339019775391, berr2:5.214919567108154
 313/500,EPReward: -0.72
comsolReward 1.1142919615753935
Episode 314/500, Reward: 1.17, ploss: -149.74647521972656, aloss:-0.039726994931697845, berr1:5.178251266479492, berr2:5.190736293792725
 314/500,EPReward: 1.17
comsolReward 3.2179444059261226
Episode 315/500, Reward: 4.33, ploss: -147.64141845703125, aloss:-0.03797302395105362, berr1:185.6661834716797, berr2:185.81512451171875
 315/500,EPReward: 4.33
comsolReward 0.7568866695763293
Episode 316/500, Reward: 0.64, ploss: -146.45361328125, aloss:-0.03469875082373619, berr1:90.1561279296875, berr2:90.30418395996094
 316/500,EPReward: 0.64
comsolReward 1.9473900070544243
Episode 317/500, Reward: 2.42, ploss: -144.76937866210938, aloss:-0.03414806351065636, berr1:180.8445281982422, berr2:180.77731323242188
 317/500,EPReward: 2.42
comsolReward 5.797552418737671
Episode 318/500, Reward: 8.20, ploss: -141.833251953125, aloss:-0.034490540623664856, berr1:10.220736503601074, berr2:10.018657684326172
 318/500,EPReward: 8.20
comsolReward 1.7163357209928494
Episode 319/500, Reward: 2.07, ploss: -147.67520141601562, aloss:-0.02881532534956932, berr1:11.782464981079102, berr2:11.846431732177734
 319/500,EPReward: 2.07
comsolReward 0.14026623012629721
Episode 320/500, Reward: -0.09, ploss: -150.855712890625, aloss:-0.0261074285954237, berr1:5.7949604988098145, berr2:5.578233242034912
 320/500,EPReward: -0.09
comsolReward 0.9779574707875939
Episode 321/500, Reward: 0.97, ploss: -148.20947265625, aloss:-0.029252076521515846, berr1:3.945204973220825, berr2:3.93989896774292
 321/500,EPReward: 0.97
comsolReward 6.160339149106326
Episode 322/500, Reward: 8.54, ploss: -147.890380859375, aloss:-0.02876785583794117, berr1:95.69715118408203, berr2:96.1590576171875
 322/500,EPReward: 8.54
comsolReward 1.1961423577843002
Episode 323/500, Reward: 1.29, ploss: -149.91439819335938, aloss:-0.024207422509789467, berr1:6.955541610717773, berr2:7.0914626121521
 323/500,EPReward: 1.29
comsolReward 1.520010702635539
Episode 324/500, Reward: 1.78, ploss: -149.2211456298828, aloss:-0.023181648924946785, berr1:94.36213684082031, berr2:94.41372680664062
 324/500,EPReward: 1.78
comsolReward 4.135504048965702
Episode 325/500, Reward: 5.90, ploss: -145.16217041015625, aloss:-0.024046573787927628, berr1:4.389026165008545, berr2:4.444270133972168
 325/500,EPReward: 5.90
comsolReward -0.02745373146548223
Episode 326/500, Reward: -0.53, ploss: -147.12493896484375, aloss:-0.023609749972820282, berr1:6.428719997406006, berr2:6.653648853302002
 326/500,EPReward: -0.53
comsolReward 4.034797081547868
Episode 327/500, Reward: 5.55, ploss: -147.38841247558594, aloss:-0.022229008376598358, berr1:6.834457874298096, berr2:6.997861385345459
 327/500,EPReward: 5.55
comsolReward -0.09352776829265556
Episode 328/500, Reward: -0.59, ploss: -150.75514221191406, aloss:-0.021902574226260185, berr1:7.250031471252441, berr2:7.520261287689209
 328/500,EPReward: -0.59
comsolReward 1.259347026166572
Episode 329/500, Reward: 1.39, ploss: -150.8709716796875, aloss:-0.023710211738944054, berr1:93.13784790039062, berr2:93.42912292480469
 329/500,EPReward: 1.39
comsolReward 5.027674034504183
Episode 330/500, Reward: 7.04, ploss: -149.94041442871094, aloss:-0.025288673117756844, berr1:4.341189384460449, berr2:4.280635356903076
 330/500,EPReward: 7.04
comsolReward 1.7218522038038706
Episode 331/500, Reward: 2.08, ploss: -150.0870361328125, aloss:-0.02535843290388584, berr1:5.1490044593811035, berr2:5.187180995941162
 331/500,EPReward: 2.08
comsolReward 1.9815357945328607
Episode 332/500, Reward: 2.47, ploss: -148.269287109375, aloss:-0.02584978938102722, berr1:5.503159999847412, berr2:5.691215515136719
 332/500,EPReward: 2.47
comsolReward 3.6823493729998518
Episode 333/500, Reward: 5.02, ploss: -149.64987182617188, aloss:-0.02601930871605873, berr1:5.250845432281494, berr2:5.12330436706543
 333/500,EPReward: 5.02
comsolReward 1.6232594084153178
Episode 334/500, Reward: 1.93, ploss: -149.2830352783203, aloss:-0.026735223829746246, berr1:3.760528087615967, berr2:3.7429556846618652
 334/500,EPReward: 1.93
comsolReward 4.512775081458533
Episode 335/500, Reward: 6.27, ploss: -147.15928649902344, aloss:-0.027396079152822495, berr1:3.1861448287963867, berr2:3.2186849117279053
 335/500,EPReward: 6.27
comsolReward 2.8754721490190196
Episode 336/500, Reward: 3.81, ploss: -149.1416473388672, aloss:-0.025894751772284508, berr1:4.266456604003906, berr2:4.282123565673828
 336/500,EPReward: 3.81
comsolReward 1.8859309221627527
Episode 337/500, Reward: 2.33, ploss: -149.02255249023438, aloss:-0.026113513857126236, berr1:6.743526935577393, berr2:6.584953784942627
 337/500,EPReward: 2.33
comsolReward 7.133989679441288
Episode 338/500, Reward: 10.20, ploss: -150.74560546875, aloss:-0.024526383727788925, berr1:5.048417091369629, berr2:4.993213176727295
 338/500,EPReward: 10.20
comsolReward 1.4100556867156515
Episode 339/500, Reward: 1.62, ploss: -146.9825439453125, aloss:-0.02886507660150528, berr1:4.160158634185791, berr2:4.198106288909912
 339/500,EPReward: 1.62
comsolReward 4.818973842496085
Episode 340/500, Reward: 6.73, ploss: -146.9230499267578, aloss:-0.027684256434440613, berr1:5.652772903442383, berr2:5.771115779876709
 340/500,EPReward: 6.73
comsolReward 1.3963879638552137
Episode 341/500, Reward: 1.59, ploss: -153.0877227783203, aloss:-0.02216486819088459, berr1:5.333585262298584, berr2:5.3582634925842285
 341/500,EPReward: 1.59
comsolReward 0.5547418622168748
Episode 342/500, Reward: 0.33, ploss: -149.30247497558594, aloss:-0.024402905255556107, berr1:101.20103454589844, berr2:101.09881591796875
 342/500,EPReward: 0.33
comsolReward 4.8399174248313095
Episode 343/500, Reward: 6.76, ploss: -146.87460327148438, aloss:-0.026074489578604698, berr1:4.133240699768066, berr2:4.071524620056152
 343/500,EPReward: 6.76
comsolReward 1.7123663595230576
Episode 344/500, Reward: 2.07, ploss: -148.52511596679688, aloss:-0.02341838739812374, berr1:89.20646667480469, berr2:89.10845184326172
 344/500,EPReward: 2.07
comsolReward 5.003279699139322
Episode 345/500, Reward: 7.20, ploss: -147.7133026123047, aloss:-0.023394381627440453, berr1:6.0585527420043945, berr2:6.173171043395996
 345/500,EPReward: 7.20
comsolReward 0.5559329310123574
Episode 346/500, Reward: 0.13, ploss: -149.95521545410156, aloss:-0.021751325577497482, berr1:7.3678717613220215, berr2:7.22895622253418
 346/500,EPReward: 0.13
comsolReward 0.7767061316978534
Episode 347/500, Reward: 0.67, ploss: -148.30941772460938, aloss:-0.022840650752186775, berr1:94.00054931640625, berr2:93.98037719726562
 347/500,EPReward: 0.67
comsolReward 7.256136599613734
Episode 348/500, Reward: 10.38, ploss: -149.4631805419922, aloss:-0.023544862866401672, berr1:95.66109466552734, berr2:95.66307830810547
 348/500,EPReward: 10.38
comsolReward 1.6250332284270388
Episode 349/500, Reward: 2.14, ploss: -147.61099243164062, aloss:-0.024565275758504868, berr1:100.84902954101562, berr2:100.90289306640625
 349/500,EPReward: 2.14
comsolReward 3.1310359317159384
Episode 350/500, Reward: 4.00, ploss: -150.39002990722656, aloss:-0.022647272795438766, berr1:6.375894546508789, berr2:6.375791072845459
 350/500,EPReward: 4.00
comsolReward 5.111412621676158
Episode 351/500, Reward: 7.17, ploss: -151.06825256347656, aloss:-0.019601184874773026, berr1:93.20759582519531, berr2:92.7200698852539
 351/500,EPReward: 7.17
comsolReward 0.9285577248772205
Episode 352/500, Reward: 2.09, ploss: -150.9505615234375, aloss:-0.02221960388123989, berr1:4.713248252868652, berr2:4.678096294403076
 352/500,EPReward: 2.09
comsolReward 2.662918939917064
Episode 353/500, Reward: 3.49, ploss: -151.52066040039062, aloss:-0.02118215151131153, berr1:93.79115295410156, berr2:93.56829071044922
 353/500,EPReward: 3.49
comsolReward 3.619798478743669
Episode 354/500, Reward: 4.93, ploss: -150.7198486328125, aloss:-0.020975815132260323, berr1:95.01219940185547, berr2:95.15892028808594
 354/500,EPReward: 4.93
comsolReward 3.24704975088413
Episode 355/500, Reward: 4.37, ploss: -149.3241729736328, aloss:-0.024162696674466133, berr1:93.33319091796875, berr2:92.76100158691406
 355/500,EPReward: 4.37
comsolReward 3.2246792585559723
Episode 356/500, Reward: 4.34, ploss: -147.9513397216797, aloss:-0.02473611943423748, berr1:5.879912853240967, berr2:5.758067607879639
 356/500,EPReward: 4.34
comsolReward 3.6461784002156934
Episode 357/500, Reward: 4.97, ploss: -151.31373596191406, aloss:-0.022673167288303375, berr1:4.557220458984375, berr2:4.647177219390869
 357/500,EPReward: 4.97
comsolReward 4.476162582091977
Episode 358/500, Reward: 6.21, ploss: -146.91404724121094, aloss:-0.027152128517627716, berr1:5.7828497886657715, berr2:5.806140422821045
 358/500,EPReward: 6.21
comsolReward 4.977052576208047
Episode 359/500, Reward: 7.17, ploss: -151.0574493408203, aloss:-0.022461211308836937, berr1:91.25748443603516, berr2:90.99141693115234
 359/500,EPReward: 7.17
comsolReward 3.78231628110173
Episode 360/500, Reward: 4.97, ploss: -149.94003295898438, aloss:-0.022218333557248116, berr1:4.776406288146973, berr2:4.774529457092285
 360/500,EPReward: 4.97
comsolReward 2.9014886996611233
Episode 361/500, Reward: 3.85, ploss: -149.8920440673828, aloss:-0.020684076473116875, berr1:178.45758056640625, berr2:178.56900024414062
 361/500,EPReward: 3.85
comsolReward 4.529011030576138
Episode 362/500, Reward: 6.29, ploss: -147.05535888671875, aloss:-0.022113868966698647, berr1:6.029975891113281, berr2:6.167914867401123
 362/500,EPReward: 6.29
comsolReward 2.911869522110959
Episode 363/500, Reward: 3.67, ploss: -149.65383911132812, aloss:-0.018507681787014008, berr1:4.885682582855225, berr2:4.814428329467773
 363/500,EPReward: 3.67
comsolReward 7.45798690114961
Episode 364/500, Reward: 10.69, ploss: -145.46351623535156, aloss:-0.022982453927397728, berr1:7.015630722045898, berr2:6.78422737121582
 364/500,EPReward: 10.69
comsolReward 1.1577220201578529
Episode 365/500, Reward: 1.24, ploss: -151.9180145263672, aloss:-0.015419228933751583, berr1:4.695836067199707, berr2:4.484838485717773
 365/500,EPReward: 1.24
comsolReward -1.0284127216881616
Episode 366/500, Reward: -1.53, ploss: -151.57611083984375, aloss:-0.015326867811381817, berr1:4.925730228424072, berr2:4.754749298095703
 366/500,EPReward: -1.53
comsolReward 2.406081189382484
Episode 367/500, Reward: 2.91, ploss: -151.6573028564453, aloss:-0.014509670436382294, berr1:6.085384845733643, berr2:5.870523452758789
 367/500,EPReward: 2.91
comsolReward 1.6030539220047157
Episode 368/500, Reward: 1.70, ploss: -151.99147033691406, aloss:-0.014910050667822361, berr1:101.9255142211914, berr2:102.3127212524414
 368/500,EPReward: 1.70
comsolReward 3.065838092193969
Episode 369/500, Reward: 4.10, ploss: -149.2192840576172, aloss:-0.015668559819459915, berr1:4.3689775466918945, berr2:4.1967597007751465
 369/500,EPReward: 4.10
comsolReward 0.17976019361831544
Episode 370/500, Reward: -0.23, ploss: -146.24351501464844, aloss:-0.018132301047444344, berr1:92.28752899169922, berr2:92.42218780517578
 370/500,EPReward: -0.23
comsolReward 5.190919312655443
Episode 371/500, Reward: 7.49, ploss: -148.49899291992188, aloss:-0.013335569761693478, berr1:88.82913208007812, berr2:88.65826416015625
 371/500,EPReward: 7.49
comsolReward 1.6394835057563681
Episode 372/500, Reward: 1.96, ploss: -147.06629943847656, aloss:-0.01644909381866455, berr1:8.484057426452637, berr2:8.463160514831543
 372/500,EPReward: 1.96
comsolReward 0.4558563364850256
Episode 373/500, Reward: 0.38, ploss: -147.48052978515625, aloss:-0.017756864428520203, berr1:7.83040714263916, berr2:7.372655868530273
 373/500,EPReward: 0.38
comsolReward 4.054372378087658
Episode 374/500, Reward: 5.38, ploss: -151.1610107421875, aloss:-0.015195001848042011, berr1:5.155706882476807, berr2:5.214092254638672
 374/500,EPReward: 5.38
comsolReward 2.8209926067240905
Episode 375/500, Reward: 3.73, ploss: -149.64642333984375, aloss:-0.018292034044861794, berr1:6.364368438720703, berr2:6.183499336242676
 375/500,EPReward: 3.73
comsolReward 1.90462123893295
Episode 376/500, Reward: 2.36, ploss: -153.7865753173828, aloss:-0.014404353685677052, berr1:5.589791297912598, berr2:5.47361421585083
 376/500,EPReward: 2.36
comsolReward 3.0116712634177274
Episode 377/500, Reward: 3.82, ploss: -150.3497314453125, aloss:-0.018423743546009064, berr1:7.0147385597229, berr2:6.92589807510376
 377/500,EPReward: 3.82
comsolReward 3.1752308295252454
Episode 378/500, Reward: 4.46, ploss: -147.5820770263672, aloss:-0.02122984267771244, berr1:6.7563796043396, berr2:6.557511329650879
 378/500,EPReward: 4.46
comsolReward 1.8474423784828686
Episode 379/500, Reward: 2.27, ploss: -149.11192321777344, aloss:-0.01684337854385376, berr1:4.978365421295166, berr2:4.725386619567871
 379/500,EPReward: 2.27
comsolReward -0.649730696410584
Episode 380/500, Reward: -1.15, ploss: -150.98916625976562, aloss:-0.01568114198744297, berr1:4.311886787414551, berr2:4.09110164642334
 380/500,EPReward: -1.15
comsolReward 6.0279889886055775
Episode 381/500, Reward: 8.54, ploss: -149.02496337890625, aloss:-0.017649129033088684, berr1:5.144735813140869, berr2:5.311395645141602
 381/500,EPReward: 8.54
comsolReward 1.3339287647234794
Episode 382/500, Reward: 1.50, ploss: -150.69869995117188, aloss:-0.01578640379011631, berr1:6.028005599975586, berr2:6.115875720977783
 382/500,EPReward: 1.50
comsolReward 2.8302572328493136
Episode 383/500, Reward: 3.75, ploss: -151.1251220703125, aloss:-0.016908124089241028, berr1:5.590793132781982, berr2:5.523623943328857
 383/500,EPReward: 3.75
comsolReward -0.26549218881308323
Episode 384/500, Reward: -0.97, ploss: -152.5304412841797, aloss:-0.017303530126810074, berr1:90.80305480957031, berr2:90.77360534667969
 384/500,EPReward: -0.97
comsolReward 2.659975821107854
Episode 385/500, Reward: 3.49, ploss: -150.33099365234375, aloss:-0.019907554611563683, berr1:97.19490051269531, berr2:97.08863067626953
 385/500,EPReward: 3.49
comsolReward 1.5011166689015538
Episode 386/500, Reward: 1.75, ploss: -150.77699279785156, aloss:-0.018580995500087738, berr1:98.67920684814453, berr2:99.14185333251953
 386/500,EPReward: 1.75
comsolReward -0.6392333431365967
Episode 387/500, Reward: -1.34, ploss: -150.9381866455078, aloss:-0.01706773415207863, berr1:93.5263442993164, berr2:93.27934265136719
 387/500,EPReward: -1.34
comsolReward 0.29120810245041123
Episode 388/500, Reward: -0.26, ploss: -148.06051635742188, aloss:-0.021344806998968124, berr1:5.533759593963623, berr2:5.679842948913574
 388/500,EPReward: -0.26
comsolReward 0.9200115654399065
Episode 389/500, Reward: 0.88, ploss: -150.44981384277344, aloss:-0.018243981525301933, berr1:6.368157386779785, berr2:6.552280426025391
 389/500,EPReward: 0.88
comsolReward 4.174315156398524
Episode 390/500, Reward: 5.56, ploss: -149.85731506347656, aloss:-0.023149797692894936, berr1:4.765142917633057, berr2:5.181586742401123
 390/500,EPReward: 5.56
comsolReward 2.1280489538735203
Episode 391/500, Reward: 2.69, ploss: -152.82142639160156, aloss:-0.01936432160437107, berr1:93.5943603515625, berr2:92.85223388671875
 391/500,EPReward: 2.69
comsolReward 1.200348412274854
Episode 392/500, Reward: 1.10, ploss: -151.45030212402344, aloss:-0.021846987307071686, berr1:100.5608139038086, berr2:100.74369049072266
 392/500,EPReward: 1.10
comsolReward 0.5799451143232414
Episode 393/500, Reward: 0.37, ploss: -149.59674072265625, aloss:-0.026771051809191704, berr1:95.47866821289062, berr2:95.5355224609375
 393/500,EPReward: 0.37
comsolReward 0.8764334342764473
Episode 394/500, Reward: 0.81, ploss: -147.3351287841797, aloss:-0.030511708930134773, berr1:185.74676513671875, berr2:185.5786590576172
 394/500,EPReward: 0.81
comsolReward 1.4875835161431474
Episode 395/500, Reward: 1.73, ploss: -147.47752380371094, aloss:-0.03209740296006203, berr1:6.652093887329102, berr2:6.440339088439941
 395/500,EPReward: 1.73
comsolReward 3.3369900728465387
Episode 396/500, Reward: 4.51, ploss: -149.22769165039062, aloss:-0.034170396625995636, berr1:10.04534912109375, berr2:10.008445739746094
 396/500,EPReward: 4.51
comsolReward 0.701284245779291
Episode 397/500, Reward: 0.55, ploss: -150.92742919921875, aloss:-0.03783411905169487, berr1:6.992495536804199, berr2:7.159099578857422
 397/500,EPReward: 0.55
comsolReward 3.089410867219329
Episode 398/500, Reward: 4.13, ploss: -153.2804718017578, aloss:-0.04041063413023949, berr1:4.719555377960205, berr2:4.895612716674805
 398/500,EPReward: 4.13
comsolReward 3.8888092179148814
Episode 399/500, Reward: 5.13, ploss: -154.59909057617188, aloss:-0.042328134179115295, berr1:96.29466247558594, berr2:96.21460723876953
 399/500,EPReward: 5.13
comsolReward 0.8125203124746412
Episode 400/500, Reward: 0.72, ploss: -153.14263916015625, aloss:-0.047200918197631836, berr1:7.111385822296143, berr2:7.26817512512207
 400/500,EPReward: 0.72
comsolReward 5.214134372980791
Episode 401/500, Reward: 7.32, ploss: -151.66140747070312, aloss:-0.05223910138010979, berr1:99.75418853759766, berr2:99.68704223632812
 401/500,EPReward: 7.32
comsolReward 1.7957199354576392
Episode 402/500, Reward: 1.99, ploss: -150.0679473876953, aloss:-0.052367646247148514, berr1:191.12493896484375, berr2:190.983154296875
 402/500,EPReward: 1.99
comsolReward 3.471155938069324
Episode 403/500, Reward: 4.71, ploss: -148.62722778320312, aloss:-0.05242356285452843, berr1:8.872798919677734, berr2:8.55645751953125
 403/500,EPReward: 4.71
comsolReward 0.1979159126221754
Episode 404/500, Reward: -0.20, ploss: -147.5381622314453, aloss:-0.0531262643635273, berr1:94.14202117919922, berr2:94.2018814086914
 404/500,EPReward: -0.20
comsolReward 2.5397970476378577
Episode 405/500, Reward: 3.31, ploss: -148.96197509765625, aloss:-0.052046194672584534, berr1:8.98381519317627, berr2:9.194221496582031
 405/500,EPReward: 3.31
comsolReward 2.5998919470197523
Episode 406/500, Reward: 3.20, ploss: -148.1588592529297, aloss:-0.0506773516535759, berr1:6.730506420135498, berr2:6.8858489990234375
 406/500,EPReward: 3.20
comsolReward -0.06812591338542068
Episode 407/500, Reward: -0.57, ploss: -154.9827117919922, aloss:-0.044726550579071045, berr1:4.853128910064697, berr2:4.9480438232421875
 407/500,EPReward: -0.57
comsolReward 5.232229265818035
Episode 408/500, Reward: 7.55, ploss: -153.02056884765625, aloss:-0.048698339611291885, berr1:5.511190414428711, berr2:5.3781514167785645
 408/500,EPReward: 7.55
comsolReward -0.32880573292692744
Episode 409/500, Reward: -0.63, ploss: -153.50396728515625, aloss:-0.04654283821582794, berr1:7.741655349731445, berr2:7.555750370025635
 409/500,EPReward: -0.63
comsolReward 1.6770406611515003
Episode 410/500, Reward: 2.02, ploss: -149.62835693359375, aloss:-0.04381974786520004, berr1:190.43394470214844, berr2:190.45455932617188
 410/500,EPReward: 2.02
comsolReward 1.6151352580679346
Episode 411/500, Reward: 2.12, ploss: -151.011962890625, aloss:-0.037371981889009476, berr1:4.979416847229004, berr2:4.9802165031433105
 411/500,EPReward: 2.12
comsolReward 1.74025780009571
Episode 412/500, Reward: 2.11, ploss: -146.23416137695312, aloss:-0.04003697633743286, berr1:7.202874660491943, berr2:7.093694686889648
 412/500,EPReward: 2.11
comsolReward 3.6437179856581072
Episode 413/500, Reward: 5.17, ploss: -148.7978515625, aloss:-0.033992428332567215, berr1:99.26351165771484, berr2:98.81013488769531
 413/500,EPReward: 5.17
comsolReward -0.252387263919623
Episode 414/500, Reward: -0.55, ploss: -152.08648681640625, aloss:-0.0299952644854784, berr1:7.725876808166504, berr2:7.687922954559326
 414/500,EPReward: -0.55
comsolReward 1.5596718337932374
Episode 415/500, Reward: 1.84, ploss: -150.25537109375, aloss:-0.029937678948044777, berr1:95.96698760986328, berr2:96.20733642578125
 415/500,EPReward: 1.84
comsolReward 0.2875118503006726
Episode 416/500, Reward: -0.07, ploss: -151.9912567138672, aloss:-0.0268777534365654, berr1:5.422185897827148, berr2:5.358628273010254
 416/500,EPReward: -0.07
comsolReward 4.517048610506726
Episode 417/500, Reward: 6.08, ploss: -151.20022583007812, aloss:-0.027596954256296158, berr1:5.1563615798950195, berr2:4.921892166137695
 417/500,EPReward: 6.08
comsolReward 7.026412778151869
Episode 418/500, Reward: 10.04, ploss: -152.1937713623047, aloss:-0.026785770431160927, berr1:91.42991638183594, berr2:91.91926574707031
 418/500,EPReward: 10.04
comsolReward 0.5258638201033621
Episode 419/500, Reward: 0.09, ploss: -149.83468627929688, aloss:-0.026509376242756844, berr1:96.98934173583984, berr2:96.50093841552734
 419/500,EPReward: 0.09
comsolReward 3.9864737756615853
Episode 420/500, Reward: 5.28, ploss: -150.54898071289062, aloss:-0.024862801656126976, berr1:6.506699085235596, berr2:6.483242511749268
 420/500,EPReward: 5.28
comsolReward 1.8982686777931141
Episode 421/500, Reward: 2.35, ploss: -149.94180297851562, aloss:-0.02504061907529831, berr1:97.21968078613281, berr2:97.15216064453125
 421/500,EPReward: 2.35
comsolReward 1.535974971866662
Episode 422/500, Reward: 2.00, ploss: -153.08740234375, aloss:-0.021879855543375015, berr1:5.861886978149414, berr2:5.818904876708984
 422/500,EPReward: 2.00
comsolReward 2.990779889901077
Episode 423/500, Reward: 3.99, ploss: -151.86541748046875, aloss:-0.02230224572122097, berr1:190.84812927246094, berr2:190.58645629882812
 423/500,EPReward: 3.99
comsolReward 1.8987109031609402
Episode 424/500, Reward: 2.35, ploss: -149.40830993652344, aloss:-0.024979230016469955, berr1:96.36492156982422, berr2:96.5373764038086
 424/500,EPReward: 2.35
comsolReward 1.2578450000239123
Episode 425/500, Reward: 1.39, ploss: -148.41390991210938, aloss:-0.026319259777665138, berr1:98.3587646484375, berr2:98.60211181640625
 425/500,EPReward: 1.39
comsolReward 1.1900963127655257
Episode 426/500, Reward: 1.29, ploss: -150.24533081054688, aloss:-0.023893920704722404, berr1:89.40135192871094, berr2:89.11990356445312
 426/500,EPReward: 1.29
comsolReward 1.7913801465031685
Episode 427/500, Reward: 2.19, ploss: -150.75091552734375, aloss:-0.024190271273255348, berr1:6.474478244781494, berr2:6.678158283233643
 427/500,EPReward: 2.19
comsolReward 3.3651416478062712
Episode 428/500, Reward: 4.75, ploss: -148.21871948242188, aloss:-0.026458803564310074, berr1:182.969482421875, berr2:183.29122924804688
 428/500,EPReward: 4.75
comsolReward 1.216157792578246
Episode 429/500, Reward: 1.32, ploss: -150.32305908203125, aloss:-0.022936804220080376, berr1:90.80232238769531, berr2:90.82807922363281
 429/500,EPReward: 1.32
comsolReward 7.0012775711654704
Episode 430/500, Reward: 10.00, ploss: -150.35342407226562, aloss:-0.021657630801200867, berr1:185.1314239501953, berr2:185.3709259033203
 430/500,EPReward: 10.00
comsolReward 1.8136079093557862
Episode 431/500, Reward: 2.42, ploss: -152.102783203125, aloss:-0.019233224913477898, berr1:7.374110698699951, berr2:7.533394813537598
 431/500,EPReward: 2.42
comsolReward 0.36483762624626587
Episode 432/500, Reward: 0.05, ploss: -149.7985382080078, aloss:-0.02194506675004959, berr1:6.006121635437012, berr2:5.820306301116943
 432/500,EPReward: 0.05
comsolReward 1.962432906802386
Episode 433/500, Reward: 2.24, ploss: -153.2058563232422, aloss:-0.019500143826007843, berr1:96.20199584960938, berr2:95.90416717529297
 433/500,EPReward: 2.24
comsolReward 2.9402770299618135
Episode 434/500, Reward: 3.91, ploss: -153.07513427734375, aloss:-0.018809659406542778, berr1:6.319737911224365, berr2:6.286919593811035
 434/500,EPReward: 3.91
comsolReward 4.749056819885345
Episode 435/500, Reward: 6.42, ploss: -153.86744689941406, aloss:-0.02016042172908783, berr1:5.0987548828125, berr2:5.21705436706543
 435/500,EPReward: 6.42
comsolReward 0.5247100069312729
Episode 436/500, Reward: 0.29, ploss: -151.58786010742188, aloss:-0.022151069715619087, berr1:100.49227142333984, berr2:100.660888671875
 436/500,EPReward: 0.29
comsolReward 6.455531817135659
Episode 437/500, Reward: 9.18, ploss: -150.79705810546875, aloss:-0.023722432553768158, berr1:94.72065734863281, berr2:94.72691345214844
 437/500,EPReward: 9.18
comsolReward 1.435850663142308
Episode 438/500, Reward: 1.65, ploss: -151.81491088867188, aloss:-0.022106803953647614, berr1:3.6597626209259033, berr2:3.7414865493774414
 438/500,EPReward: 1.65
comsolReward 2.7582161384874064
Episode 439/500, Reward: 3.64, ploss: -152.7528076171875, aloss:-0.021739695221185684, berr1:6.270866394042969, berr2:6.381086826324463
 439/500,EPReward: 3.64
comsolReward 3.0918700679843254
Episode 440/500, Reward: 4.14, ploss: -149.08038330078125, aloss:-0.027008166536688805, berr1:6.884152412414551, berr2:6.77816104888916
 440/500,EPReward: 4.14
comsolReward 1.2898898943597448
Episode 441/500, Reward: 1.43, ploss: -152.8331298828125, aloss:-0.02613871544599533, berr1:4.607788562774658, berr2:4.513106346130371
 441/500,EPReward: 1.43
comsolReward 2.2616114657415274
Episode 442/500, Reward: 2.89, ploss: -152.56710815429688, aloss:-0.024503005668520927, berr1:96.70960235595703, berr2:96.78630828857422
 442/500,EPReward: 2.89
comsolReward 2.352228538285598
Episode 443/500, Reward: 3.03, ploss: -149.0758819580078, aloss:-0.030828936025500298, berr1:193.53514099121094, berr2:193.7355499267578
 443/500,EPReward: 3.03
comsolReward 0.8532154515376627
Episode 444/500, Reward: 0.78, ploss: -147.6150665283203, aloss:-0.030278418213129044, berr1:6.268128395080566, berr2:6.162856101989746
 444/500,EPReward: 0.78
comsolReward 3.875638973154228
Episode 445/500, Reward: 5.31, ploss: -151.8311767578125, aloss:-0.027307718992233276, berr1:6.002873420715332, berr2:6.233968734741211
 445/500,EPReward: 5.31
comsolReward 4.879300709068154
Episode 446/500, Reward: 7.02, ploss: -153.2692413330078, aloss:-0.026838798075914383, berr1:5.616302967071533, berr2:5.851874351501465
 446/500,EPReward: 7.02
comsolReward 0.94494665325318
Episode 447/500, Reward: 1.12, ploss: -153.462646484375, aloss:-0.02528577484190464, berr1:4.47025728225708, berr2:4.457352638244629
 447/500,EPReward: 1.12
comsolReward 3.40662525546432
Episode 448/500, Reward: 4.61, ploss: -154.56663513183594, aloss:-0.025191010907292366, berr1:4.4894843101501465, berr2:4.597287178039551
 448/500,EPReward: 4.61
comsolReward 3.578233662136601
Episode 449/500, Reward: 4.87, ploss: -152.232666015625, aloss:-0.026660092175006866, berr1:71.20975494384766, berr2:71.31884765625
 449/500,EPReward: 4.87
comsolReward 7.100803259806408
Episode 450/500, Reward: 10.15, ploss: -156.12290954589844, aloss:-0.02136903442442417, berr1:5.347126007080078, berr2:5.308008193969727
 450/500,EPReward: 10.15
comsolReward 1.5558280286624706
Episode 451/500, Reward: 1.63, ploss: -152.76844787597656, aloss:-0.02354903146624565, berr1:92.3578109741211, berr2:92.20365905761719
 451/500,EPReward: 1.63
comsolReward 3.70700729878196
Episode 452/500, Reward: 5.06, ploss: -152.4415740966797, aloss:-0.020974505692720413, berr1:5.8746018409729, berr2:5.839423179626465
 452/500,EPReward: 5.06
comsolReward 5.024129659884702
Episode 453/500, Reward: 7.04, ploss: -152.62498474121094, aloss:-0.020383264869451523, berr1:100.65518188476562, berr2:100.67675018310547
 453/500,EPReward: 7.04
comsolReward 4.805542453182112
Episode 454/500, Reward: 6.71, ploss: -152.73558044433594, aloss:-0.02236649952828884, berr1:95.7067642211914, berr2:95.34369659423828
 454/500,EPReward: 6.71
comsolReward 1.9854665903690338
Episode 455/500, Reward: 2.28, ploss: -151.5532989501953, aloss:-0.024408729746937752, berr1:6.125243186950684, berr2:6.041965007781982
 455/500,EPReward: 2.28
comsolReward -0.35264828036955664
Episode 456/500, Reward: -0.85, ploss: -153.15155029296875, aloss:-0.02042417787015438, berr1:4.861520767211914, berr2:4.907748222351074
 456/500,EPReward: -0.85
comsolReward 5.4318238257971805
Episode 457/500, Reward: 7.65, ploss: -152.31185913085938, aloss:-0.023709746077656746, berr1:5.002312183380127, berr2:5.08454704284668
 457/500,EPReward: 7.65
comsolReward 5.0538876782824795
Episode 458/500, Reward: 6.88, ploss: -155.43707275390625, aloss:-0.018597600981593132, berr1:5.526125431060791, berr2:5.571139335632324
 458/500,EPReward: 6.88
comsolReward 5.388337263112808
Episode 459/500, Reward: 7.58, ploss: -155.25941467285156, aloss:-0.018160635605454445, berr1:6.093886375427246, berr2:5.882847309112549
 459/500,EPReward: 7.58
comsolReward 1.6848165539794548
Episode 460/500, Reward: 2.23, ploss: -152.25885009765625, aloss:-0.02183212898671627, berr1:103.06160736083984, berr2:103.03983306884766
 460/500,EPReward: 2.23
comsolReward 2.209073423563999
Episode 461/500, Reward: 2.81, ploss: -150.23745727539062, aloss:-0.021511418744921684, berr1:3.688173770904541, berr2:3.5453927516937256
 461/500,EPReward: 2.81
comsolReward 1.3049209838334428
Episode 462/500, Reward: 1.46, ploss: -148.79730224609375, aloss:-0.022472884505987167, berr1:191.53086853027344, berr2:191.1177978515625
 462/500,EPReward: 1.46
comsolReward 2.431843280725789
Episode 463/500, Reward: 2.95, ploss: -149.19497680664062, aloss:-0.022092945873737335, berr1:12.315229415893555, berr2:12.284788131713867
 463/500,EPReward: 2.95
comsolReward 2.149617175251602
Episode 464/500, Reward: 2.72, ploss: -152.2447509765625, aloss:-0.01848449558019638, berr1:9.902654647827148, berr2:10.015594482421875
 464/500,EPReward: 2.72
comsolReward 1.710320697472393
Episode 465/500, Reward: 2.07, ploss: -153.691162109375, aloss:-0.017327362671494484, berr1:6.180765151977539, berr2:5.964080810546875
 465/500,EPReward: 2.07
comsolReward 4.807309136701433
Episode 466/500, Reward: 6.71, ploss: -155.17782592773438, aloss:-0.016811611130833626, berr1:5.497597694396973, berr2:5.395359992980957
 466/500,EPReward: 6.71
comsolReward 6.015328565046798
Episode 467/500, Reward: 8.52, ploss: -152.4280548095703, aloss:-0.023219948634505272, berr1:6.105429649353027, berr2:6.170719623565674
 467/500,EPReward: 8.52
comsolReward 3.0738200564560776
Episode 468/500, Reward: 4.11, ploss: -154.65472412109375, aloss:-0.016398197039961815, berr1:199.63906860351562, berr2:199.890380859375
 468/500,EPReward: 4.11
comsolReward 2.6868515929005796
Episode 469/500, Reward: 3.53, ploss: -150.5055694580078, aloss:-0.024239875376224518, berr1:5.606393814086914, berr2:5.3811421394348145
 469/500,EPReward: 3.53
comsolReward 2.6142238465903307
Episode 470/500, Reward: 3.22, ploss: -150.86050415039062, aloss:-0.020758893340826035, berr1:5.1347975730896, berr2:5.02543306350708
 470/500,EPReward: 3.22
comsolReward 2.8765128497191323
Episode 471/500, Reward: 4.01, ploss: -148.9898681640625, aloss:-0.024839134886860847, berr1:7.0686163902282715, berr2:7.077146530151367
 471/500,EPReward: 4.01
comsolReward 0.653073406975301
Episode 472/500, Reward: 0.48, ploss: -149.63584899902344, aloss:-0.020773954689502716, berr1:5.325437545776367, berr2:5.5301971435546875
 472/500,EPReward: 0.48
comsolReward 1.3812629769592528
Episode 473/500, Reward: 1.57, ploss: -150.1927947998047, aloss:-0.022478321567177773, berr1:7.340422630310059, berr2:7.606268405914307
 473/500,EPReward: 1.57
comsolReward 1.5294728363763321
Episode 474/500, Reward: 1.79, ploss: -149.55535888671875, aloss:-0.02514665015041828, berr1:5.036095142364502, berr2:4.972015857696533
 474/500,EPReward: 1.79
comsolReward 1.0183285845857728
Episode 475/500, Reward: 0.83, ploss: -152.0612335205078, aloss:-0.0200920719653368, berr1:91.81449890136719, berr2:91.66362762451172
 475/500,EPReward: 0.83
comsolReward 3.993257192613107
Episode 476/500, Reward: 5.69, ploss: -151.8372802734375, aloss:-0.024233611300587654, berr1:5.722336769104004, berr2:5.972321033477783
 476/500,EPReward: 5.69
comsolReward 3.1796484037880486
Episode 477/500, Reward: 4.27, ploss: -154.15530395507812, aloss:-0.01948067918419838, berr1:4.78358793258667, berr2:4.7234721183776855
 477/500,EPReward: 4.27
comsolReward 0.27945831517725933
Episode 478/500, Reward: -0.28, ploss: -154.16273498535156, aloss:-0.019657962024211884, berr1:5.3780412673950195, berr2:5.506903171539307
 478/500,EPReward: -0.28
comsolReward 2.584306962979146
Episode 479/500, Reward: 3.38, ploss: -152.8585205078125, aloss:-0.01792057231068611, berr1:3.9929094314575195, berr2:3.9391396045684814
 479/500,EPReward: 3.38
comsolReward 0.6229437150827792
Episode 480/500, Reward: 0.43, ploss: -151.71336364746094, aloss:-0.022297875955700874, berr1:5.194766998291016, berr2:5.215607166290283
 480/500,EPReward: 0.43
comsolReward 2.669324335356744
Episode 481/500, Reward: 3.30, ploss: -152.4865264892578, aloss:-0.01877865009009838, berr1:96.28868865966797, berr2:96.06439971923828
 481/500,EPReward: 3.30
comsolReward 2.960320538100965
Episode 482/500, Reward: 3.94, ploss: -150.822265625, aloss:-0.021220749244093895, berr1:5.0104498863220215, berr2:5.090141773223877
 482/500,EPReward: 3.94
comsolReward 3.9975084042642326
Episode 483/500, Reward: 5.50, ploss: -152.7532196044922, aloss:-0.018276821821928024, berr1:6.154656410217285, berr2:6.088962554931641
 483/500,EPReward: 5.50
comsolReward 3.5191886941660018
Episode 484/500, Reward: 4.78, ploss: -150.2512969970703, aloss:-0.024226071313023567, berr1:5.254764556884766, berr2:5.184243202209473
 484/500,EPReward: 4.78
comsolReward -0.40509245278901207
Episode 485/500, Reward: -1.11, ploss: -156.88905334472656, aloss:-0.016247106716036797, berr1:4.542117595672607, berr2:4.529833793640137
 485/500,EPReward: -1.11
comsolReward 2.3166189893864244
Episode 486/500, Reward: 2.77, ploss: -157.13787841796875, aloss:-0.01701320707798004, berr1:4.728828430175781, berr2:4.691099643707275
 486/500,EPReward: 2.77
comsolReward 2.067300020235005
Episode 487/500, Reward: 2.80, ploss: -154.6854248046875, aloss:-0.020765168592333794, berr1:4.951417446136475, berr2:4.8215413093566895
 487/500,EPReward: 2.80
comsolReward 8.313300540379748
Episode 488/500, Reward: 11.97, ploss: -155.85150146484375, aloss:-0.020174270495772362, berr1:4.682024955749512, berr2:4.706423759460449
 488/500,EPReward: 11.97
comsolReward 4.463698066128478
Episode 489/500, Reward: 6.20, ploss: -154.98558044433594, aloss:-0.018910560756921768, berr1:5.129482269287109, berr2:5.030313014984131
 489/500,EPReward: 6.20
comsolReward 2.359776162249445
Episode 490/500, Reward: 3.04, ploss: -155.16796875, aloss:-0.020701467990875244, berr1:3.7572593688964844, berr2:3.5764551162719727
 490/500,EPReward: 3.04
comsolReward -0.11586247025894661
Episode 491/500, Reward: -0.62, ploss: -154.5347900390625, aloss:-0.02532871626317501, berr1:5.373149394989014, berr2:5.213658332824707
 491/500,EPReward: -0.62
comsolReward 3.126391696054179
Episode 492/500, Reward: 4.19, ploss: -152.90765380859375, aloss:-0.023871850222349167, berr1:5.998813629150391, berr2:5.949759006500244
 492/500,EPReward: 4.19
comsolReward 2.4117641675752086
Episode 493/500, Reward: 3.12, ploss: -152.7791290283203, aloss:-0.024612467736005783, berr1:96.8381118774414, berr2:96.9205322265625
 493/500,EPReward: 3.12
comsolReward 1.3244966469199673
Episode 494/500, Reward: 1.49, ploss: -152.93264770507812, aloss:-0.02985018864274025, berr1:5.284568786621094, berr2:4.876260757446289
 494/500,EPReward: 1.49
comsolReward 1.582518017872414
Episode 495/500, Reward: 1.87, ploss: -153.13482666015625, aloss:-0.032133400440216064, berr1:4.0776166915893555, berr2:4.017586708068848
 495/500,EPReward: 1.87
comsolReward 4.760448975253143
Episode 496/500, Reward: 6.64, ploss: -154.58584594726562, aloss:-0.0334550105035305, berr1:4.520567893981934, berr2:4.476484298706055
 496/500,EPReward: 6.64
comsolReward 2.6304301469811224
Episode 497/500, Reward: 3.45, ploss: -153.4604949951172, aloss:-0.03807248920202255, berr1:93.38167572021484, berr2:93.58566284179688
 497/500,EPReward: 3.45
comsolReward 0.5648148940834712
Episode 498/500, Reward: 0.35, ploss: -152.7282257080078, aloss:-0.04487882927060127, berr1:4.708821773529053, berr2:4.668727874755859
 498/500,EPReward: 0.35
comsolReward 5.645998344467897
Episode 499/500, Reward: 7.97, ploss: -155.3502197265625, aloss:-0.05102715268731117, berr1:5.073760986328125, berr2:5.015042781829834
 499/500,EPReward: 7.97
comsolReward 6.743065163530349
Episode 500/500, Reward: 9.61, ploss: -152.15310668945312, aloss:-0.06317772716283798, berr1:6.07755184173584, berr2:5.957604885101318
 500/500,EPReward: 9.61
Training complete. History saved to training_data_history.npy
